
=== CATCH-RATE AUDIT — últimos 14 días ===
  Período: 2026-05-03 → 2026-05-17

[1/5] Obteniendo universo (vol >= 1M USDT)...
  187 pares activos

[2/5] Descargando klines (187 pares)...

  Descargando 187 pares × 3 timeframes = 561 requests
  Rango: 2026-04-30 a 2026-05-17 (3d buffer + período)
    50/561 descargados...
    100/561 descargados...
    150/561 descargados...
    200/561 descargados...
    250/561 descargados...
    300/561 descargados...
    350/561 descargados...
    400/561 descargados...
    450/561 descargados...
    500/561 descargados...
    550/561 descargados...
  187/187 pares con data completa en los 3 TF
  187 pares con datos completos

[3/5] Precomputando indicadores...
  187 pares listos

[4/5] Detectando pump-starts...
  5pct_4h: 1549 pump-starts detectados
  10pct_24h: 474 pump-starts detectados
  15pct_24h: 242 pump-starts detectados

[5/5] Evaluando cobertura del screener...

══════════════════════════════════════════════════════════════════════
 RESULTADO — CATCH RATE
══════════════════════════════════════════════════════════════════════

  [5pct_4h]
    Total movers  : 1549
    Pescados      : 40  (2.6%)
    Pescados por signal:
      HOLD             16  (40%)
      RIDING           12  (30%)
      BREAKOUT         11  (28%)
      EXPLOSION         1  (2%)
    Perdidos      : 1509
    Causas de miss:
      pre_major_struct                590  (39%)
      pre_atr                         334  (22%)
      pre_ema_trend                   229  (15%)
      pre_resist                      158  (10%)
      bo:breakout                     108  (7%)
      data_missing                     49  (3%)
      ri:vol_ok                        10  (1%)
      ri:above_zone                     7  (0%)
      ri:gain_range                     7  (0%)
      bo:vol_ratio                      5  (0%)
      ho:cooldown_or_active             4  (0%)
      bo:strong_close                   2  (0%)
      pre:near_max                      2  (0%)
      bo:distance                       2  (0%)
      ri:cooldown_or_active             1  (0%)
      bo:5m_close                       1  (0%)

    Top 10 misses más grandes:
        # Symbol             Gain  Razón                        Timestamp
        1 DUSDT           +101.2%  pre_major_struct             2026-05-07T04:29
        2 OSMOUSDT         +88.3%  bo:breakout                  2026-05-11T08:29
        3 VICUSDT          +67.0%  pre_atr                      2026-05-12T12:44
        4 OSMOUSDT         +61.5%  pre_resist                   2026-05-10T11:14
        5 STXUSDT          +58.8%  pre_atr                      2026-05-05T18:59
        6 DOGSUSDT         +56.6%  pre_major_struct             2026-05-06T22:14
        7 DOGSUSDT         +49.5%  pre_atr                      2026-05-04T21:59
        8 OSMOUSDT         +48.4%  pre_major_struct             2026-05-10T23:59
        9 TSTUSDT          +48.2%  bo:breakout                  2026-05-04T08:44
       10 AIUSDT           +46.7%  pre_major_struct             2026-05-14T03:44

  [10pct_24h]
    Total movers  : 474
    Pescados      : 13  (2.7%)
    Pescados por signal:
      BREAKOUT          5  (38%)
      RIDING            4  (31%)
      HOLD              3  (23%)
      EXPLOSION         1  (8%)
    Perdidos      : 461
    Causas de miss:
      pre_major_struct                147  (32%)
      pre_ema_trend                   132  (29%)
      pre_atr                          81  (18%)
      pre_resist                       49  (11%)
      data_missing                     30  (7%)
      bo:breakout                      14  (3%)
      ri:above_zone                     2  (0%)
      pre:near_max                      1  (0%)
      bo:distance                       1  (0%)
      ri:cooldown_or_active             1  (0%)
      ri:gain_range                     1  (0%)
      pre:vol_ratio                     1  (0%)
      ho:cooldown_or_active             1  (0%)

    Top 10 misses más grandes:
        # Symbol             Gain  Razón                        Timestamp
        1 OSMOUSDT        +158.2%  pre_resist                   2026-05-10T15:29
        2 TSTUSDT         +115.7%  data_missing                 2026-05-03T15:14
        3 DOGSUSDT        +114.4%  pre_resist                   2026-05-04T21:29
        4 LAYERUSDT       +106.7%  pre_atr                      2026-05-09T18:44
        5 NILUSDT         +106.0%  ri:cooldown_or_active        2026-05-07T08:44
        6 DUSDT           +103.0%  pre_major_struct             2026-05-07T04:44
        7 DOGSUSDT         +79.0%  pre_major_struct             2026-05-06T23:59
        8 SAGAUSDT         +68.8%  pre_resist                   2026-05-11T05:59
        9 OSMOUSDT         +62.9%  pre_atr                      2026-05-09T15:14
       10 VICUSDT          +61.7%  pre_atr                      2026-05-12T14:29

  [15pct_24h]
    Total movers  : 242
    Pescados      : 6  (2.5%)
    Pescados por signal:
      HOLD              3  (50%)
      BREAKOUT          1  (17%)
      EXPLOSION         1  (17%)
      RIDING            1  (17%)
    Perdidos      : 236
    Causas de miss:
      pre_major_struct                 93  (39%)
      pre_ema_trend                    48  (20%)
      pre_atr                          45  (19%)
      pre_resist                       18  (8%)
      data_missing                     17  (7%)
      bo:breakout                       7  (3%)
      ri:gain_range                     4  (2%)
      ri:above_zone                     2  (1%)
      ho:cooldown_or_active             1  (0%)
      ri:cooldown_or_active             1  (0%)

    Top 10 misses más grandes:
        # Symbol             Gain  Razón                        Timestamp
        1 OSMOUSDT        +158.2%  pre_resist                   2026-05-10T15:29
        2 NILUSDT         +136.9%  pre_atr                      2026-05-07T03:29
        3 TSTUSDT         +115.7%  data_missing                 2026-05-03T15:14
        4 LAYERUSDT       +113.5%  pre_atr                      2026-05-09T21:29
        5 DOGSUSDT        +105.3%  pre_atr                      2026-05-04T23:44
        6 SAGAUSDT        +104.4%  ri:gain_range                2026-05-12T07:14
        7 DUSDT            +78.8%  pre_major_struct             2026-05-07T05:44
        8 OSMOUSDT         +62.9%  pre_atr                      2026-05-09T15:14
        9 COSUSDT          +58.5%  pre_atr                      2026-05-12T17:29
       10 OSMOUSDT         +50.7%  pre_major_struct             2026-05-12T18:59

  Resultado guardado en: C:\Users\a\scancrypto\.audit_results\catch_rate_20260517_1555.json
  Post-mortem de un miss: python audit_misses.py post-mortem SYMBOL TIMESTAMP
