
=== CATCH-RATE AUDIT — últimos 14 días ===
  Período: 2026-05-03 → 2026-05-17

[1/5] Obteniendo universo (vol >= 1M USDT)...
  200 pares activos

[2/5] Descargando klines (200 pares)...

  Descargando 200 pares × 3 timeframes = 600 requests
  Rango: 2026-04-30 a 2026-05-17 (3d buffer + período)
    50/600 descargados...
    100/600 descargados...
    150/600 descargados...
    200/600 descargados...
    250/600 descargados...
    300/600 descargados...
    350/600 descargados...
    400/600 descargados...
    450/600 descargados...
    500/600 descargados...
    550/600 descargados...
    600/600 descargados...
  200/200 pares con data completa en los 3 TF
  200 pares con datos completos

[3/5] Precomputando indicadores...
  200 pares listos

[4/5] Detectando pump-starts...
  5pct_4h: 1571 pump-starts detectados
  10pct_24h: 476 pump-starts detectados
  15pct_24h: 240 pump-starts detectados

[5/5] Evaluando cobertura del screener...

══════════════════════════════════════════════════════════════════════
 RESULTADO — CATCH RATE
══════════════════════════════════════════════════════════════════════

  [5pct_4h]
    Total movers  : 1571
    Pescados      : 150  (9.5%)
    Pescados por signal:
      HOLD             68  (45%)
      RIDING           41  (27%)
      BREAKOUT         38  (25%)
      EXPLOSION         2  (1%)
      PREBREAK          1  (1%)
    Perdidos      : 1421
    Causas de miss:
      pre_major_struct                519  (37%)
      pre_ema_trend                   244  (17%)
      bo:breakout                     238  (17%)
      pre_resist                      164  (12%)
      data_missing                     80  (6%)
      pre_atr                          45  (3%)
      ri:vol_ok                        30  (2%)
      ri:gain_range                    24  (2%)
      pre:near_max                     19  (1%)
      ri:above_zone                    14  (1%)
      bo:vol_ratio                     11  (1%)
      bo:strong_close                   8  (1%)
      pre:vol_ratio                     7  (0%)
      bo:bb_exp                         6  (0%)
      ho:cooldown_or_active             4  (0%)
      bo:distance                       3  (0%)
      pre:cooldown_or_active            2  (0%)
      bo:body                           1  (0%)
      ri:cooldown_or_active             1  (0%)
      bo:5m_close                       1  (0%)

    Top 10 misses más grandes:
        # Symbol             Gain  Razón                        Timestamp
        1 DUSDT           +101.2%  pre_major_struct             2026-05-07T04:29
        2 OSMOUSDT         +88.3%  bo:breakout                  2026-05-11T08:29
        3 OSMOUSDT         +61.5%  pre_resist                   2026-05-10T11:14
        4 STXUSDT          +58.8%  bo:bb_exp                    2026-05-05T18:59
        5 DOGSUSDT         +56.6%  pre_major_struct             2026-05-06T22:14
        6 TSTUSDT          +50.4%  data_missing                 2026-05-04T07:44
        7 DOGSUSDT         +49.5%  bo:strong_close              2026-05-04T21:59
        8 OSMOUSDT         +48.4%  pre_major_struct             2026-05-10T23:59
        9 AIUSDT           +46.7%  pre_major_struct             2026-05-14T03:44
       10 STORJUSDT        +45.2%  ri:gain_range                2026-05-15T16:14

  [10pct_24h]
    Total movers  : 476
    Pescados      : 39  (8.2%)
    Pescados por signal:
      HOLD             13  (33%)
      BREAKOUT         13  (33%)
      RIDING           11  (28%)
      EXPLOSION         1  (3%)
      PREBREAK          1  (3%)
    Perdidos      : 437
    Causas de miss:
      pre_major_struct                137  (31%)
      pre_ema_trend                   136  (31%)
      bo:breakout                      48  (11%)
      pre_resist                       47  (11%)
      data_missing                     32  (7%)
      pre_atr                          12  (3%)
      pre:near_max                      6  (1%)
      ri:vol_ok                         4  (1%)
      ri:gain_range                     4  (1%)
      pre:vol_ratio                     3  (1%)
      ho:cooldown_or_active             2  (0%)
      ri:above_zone                     2  (0%)
      bo:distance                       1  (0%)
      ri:cooldown_or_active             1  (0%)
      bo:vol_ratio                      1  (0%)
      bo:strong_close                   1  (0%)

    Top 10 misses más grandes:
        # Symbol             Gain  Razón                        Timestamp
        1 OSMOUSDT        +158.2%  pre_resist                   2026-05-10T15:29
        2 TSTUSDT         +135.7%  data_missing                 2026-05-03T23:14
        3 NILUSDT         +106.0%  ri:cooldown_or_active        2026-05-07T08:44
        4 DUSDT           +103.0%  pre_major_struct             2026-05-07T04:44
        5 DOGSUSDT         +79.0%  pre_major_struct             2026-05-06T23:59
        6 SAGAUSDT         +68.8%  pre_resist                   2026-05-11T05:59
        7 TSTUSDT          +67.7%  pre_major_struct             2026-05-07T07:14
        8 OSMOUSDT         +62.9%  pre_atr                      2026-05-09T15:14
        9 STXUSDT          +57.0%  bo:breakout                  2026-05-05T19:14
       10 AIUSDT           +51.8%  pre_major_struct             2026-05-13T22:14

  [15pct_24h]
    Total movers  : 240
    Pescados      : 20  (8.3%)
    Pescados por signal:
      BREAKOUT          8  (40%)
      HOLD              7  (35%)
      RIDING            5  (25%)
    Perdidos      : 220
    Causas de miss:
      pre_major_struct                 83  (38%)
      pre_ema_trend                    51  (23%)
      bo:breakout                      25  (11%)
      pre_resist                       20  (9%)
      data_missing                     17  (8%)
      pre_atr                           5  (2%)
      ri:gain_range                     4  (2%)
      ri:vol_ok                         3  (1%)
      ri:above_zone                     3  (1%)
      pre:vol_ratio                     2  (1%)
      ho:cooldown_or_active             2  (1%)
      bo:distance                       1  (0%)
      pre:near_max                      1  (0%)
      bo:bb_exp                         1  (0%)
      ri:cooldown_or_active             1  (0%)
      bo:vol_ratio                      1  (0%)

    Top 10 misses más grandes:
        # Symbol             Gain  Razón                        Timestamp
        1 OSMOUSDT        +158.2%  pre_resist                   2026-05-10T15:29
        2 TSTUSDT         +135.7%  data_missing                 2026-05-03T23:14
        3 LAYERUSDT       +113.5%  bo:breakout                  2026-05-09T21:29
        4 SAGAUSDT        +104.4%  ri:gain_range                2026-05-12T07:14
        5 EDENUSDT         +78.9%  pre_major_struct             2026-05-16T15:59
        6 DUSDT            +78.8%  bo:distance                  2026-05-07T05:44
        7 OSMOUSDT         +62.9%  pre_atr                      2026-05-09T15:14
        8 OSMOUSDT         +50.7%  pre_major_struct             2026-05-12T18:59
        9 WIFUSDT          +44.3%  bo:breakout                  2026-05-05T05:14
       10 TSTUSDT          +41.6%  bo:bb_exp                    2026-05-07T16:59

  Resultado guardado en: C:\Users\a\scancrypto\.audit_results\catch_rate_20260517_2357.json
  Post-mortem de un miss: python audit_misses.py post-mortem SYMBOL TIMESTAMP
