
=== CATCH-RATE AUDIT — últimos 14 días ===
  Período: 2026-05-03 → 2026-05-17

[1/5] Obteniendo universo (vol >= 1M USDT)...
  193 pares activos

[2/5] Descargando klines (193 pares)...

  Descargando 193 pares × 3 timeframes = 579 requests
  Rango: 2026-04-30 a 2026-05-17 (3d buffer + período)
    50/579 descargados...
    100/579 descargados...
    150/579 descargados...
    200/579 descargados...
    250/579 descargados...
    300/579 descargados...
    350/579 descargados...
    400/579 descargados...
    450/579 descargados...
    500/579 descargados...
    550/579 descargados...
  193/193 pares con data completa en los 3 TF
  193 pares con datos completos

[3/5] Precomputando indicadores...
  193 pares listos

[4/5] Detectando pump-starts...
  5pct_4h: 1569 pump-starts detectados
  10pct_24h: 481 pump-starts detectados
  15pct_24h: 242 pump-starts detectados

[5/5] Evaluando cobertura del screener...

══════════════════════════════════════════════════════════════════════
 RESULTADO — CATCH RATE
══════════════════════════════════════════════════════════════════════

  [5pct_4h]
    Total movers  : 1569
    Pescados      : 52  (3.3%)
    Pescados por signal:
      HOLD             24  (46%)
      RIDING           16  (31%)
      BREAKOUT         10  (19%)
      EXPLOSION         2  (4%)
    Perdidos      : 1517
    Causas de miss:
      pre_ema_trend                   425  (28%)
      pre_atr                         368  (24%)
      pre_major_struct                268  (18%)
      pre_resist                      170  (11%)
      bo:breakout                     160  (11%)
      data_missing                     67  (4%)
      ri:vol_ok                        14  (1%)
      ri:above_zone                    12  (1%)
      ri:gain_range                     7  (0%)
      bo:vol_ratio                      7  (0%)
      bo:strong_close                   5  (0%)
      ho:cooldown_or_active             4  (0%)
      pre:near_max                      4  (0%)
      bo:distance                       2  (0%)
      pre:vol_ratio                     1  (0%)
      ri:cooldown_or_active             1  (0%)
      bo:bb_exp                         1  (0%)
      bo:5m_close                       1  (0%)

    Top 10 misses más grandes:
        # Symbol             Gain  Razón                        Timestamp
        1 DUSDT           +101.2%  pre_major_struct             2026-05-07T04:29
        2 OSMOUSDT         +88.3%  bo:breakout                  2026-05-11T08:29
        3 VICUSDT          +67.0%  pre_atr                      2026-05-12T12:44
        4 OSMOUSDT         +61.5%  pre_resist                   2026-05-10T11:14
        5 STXUSDT          +58.8%  pre_atr                      2026-05-05T18:59
        6 DOGSUSDT         +56.6%  pre_major_struct             2026-05-06T22:14
        7 DOGSUSDT         +49.5%  pre_atr                      2026-05-04T21:59
        8 OSMOUSDT         +48.4%  ri:above_zone                2026-05-10T23:59
        9 TSTUSDT          +48.2%  bo:breakout                  2026-05-04T08:44
       10 AIUSDT           +46.7%  pre_major_struct             2026-05-14T03:44

  [10pct_24h]
    Total movers  : 481
    Pescados      : 13  (2.7%)
    Pescados por signal:
      HOLD              5  (38%)
      RIDING            4  (31%)
      BREAKOUT          3  (23%)
      EXPLOSION         1  (8%)
    Perdidos      : 468
    Causas de miss:
      pre_ema_trend                   194  (41%)
      pre_atr                          87  (19%)
      pre_major_struct                 74  (16%)
      pre_resist                       49  (10%)
      data_missing                     33  (7%)
      bo:breakout                      23  (5%)
      ri:above_zone                     3  (1%)
      pre:near_max                      1  (0%)
      bo:distance                       1  (0%)
      ri:cooldown_or_active             1  (0%)
      ri:gain_range                     1  (0%)
      ho:cooldown_or_active             1  (0%)

    Top 10 misses más grandes:
        # Symbol             Gain  Razón                        Timestamp
        1 OSMOUSDT        +158.2%  pre_resist                   2026-05-10T15:29
        2 TSTUSDT         +123.9%  data_missing                 2026-05-03T18:14
        3 DOGSUSDT        +114.4%  pre_resist                   2026-05-04T21:29
        4 LAYERUSDT       +106.7%  pre_atr                      2026-05-09T18:44
        5 NILUSDT         +106.0%  ri:cooldown_or_active        2026-05-07T08:44
        6 DUSDT           +103.0%  pre_major_struct             2026-05-07T04:44
        7 DOGSUSDT         +79.0%  pre_major_struct             2026-05-06T23:59
        8 SAGAUSDT         +68.8%  pre_resist                   2026-05-11T05:59
        9 TSTUSDT          +67.7%  pre_major_struct             2026-05-07T07:14
       10 OSMOUSDT         +62.9%  pre_atr                      2026-05-09T15:14

  [15pct_24h]
    Total movers  : 242
    Pescados      : 9  (3.7%)
    Pescados por signal:
      HOLD              5  (56%)
      BREAKOUT          2  (22%)
      EXPLOSION         1  (11%)
      RIDING            1  (11%)
    Perdidos      : 233
    Causas de miss:
      pre_ema_trend                    83  (36%)
      pre_major_struct                 50  (21%)
      pre_atr                          44  (19%)
      pre_resist                       18  (8%)
      data_missing                     17  (7%)
      bo:breakout                      11  (5%)
      ri:gain_range                     4  (2%)
      ri:above_zone                     2  (1%)
      bo:distance                       1  (0%)
      bo:bb_exp                         1  (0%)
      ho:cooldown_or_active             1  (0%)
      ri:cooldown_or_active             1  (0%)

    Top 10 misses más grandes:
        # Symbol             Gain  Razón                        Timestamp
        1 OSMOUSDT        +158.2%  pre_resist                   2026-05-10T15:29
        2 NILUSDT         +136.9%  pre_atr                      2026-05-07T03:29
        3 TSTUSDT         +123.9%  data_missing                 2026-05-03T18:14
        4 LAYERUSDT       +113.5%  pre_atr                      2026-05-09T21:29
        5 DOGSUSDT        +105.3%  pre_atr                      2026-05-04T23:44
        6 SAGAUSDT        +104.4%  ri:gain_range                2026-05-12T07:14
        7 EDENUSDT         +78.9%  pre_ema_trend                2026-05-16T15:59
        8 DUSDT            +78.8%  bo:distance                  2026-05-07T05:44
        9 OSMOUSDT         +62.9%  pre_atr                      2026-05-09T15:14
       10 COSUSDT          +58.5%  pre_atr                      2026-05-12T17:29

  Resultado guardado en: C:\Users\a\scancrypto\.audit_results\catch_rate_20260517_1900.json
  Post-mortem de un miss: python audit_misses.py post-mortem SYMBOL TIMESTAMP
