
=== CATCH-RATE AUDIT — últimos 14 días ===
  Período: 2026-05-03 → 2026-05-17

[1/5] Obteniendo universo (vol >= 1M USDT)...
  236 pares activos

[2/5] Descargando klines (236 pares)...

  Descargando 236 pares × 3 timeframes = 708 requests
  Rango: 2026-04-30 a 2026-05-17 (3d buffer + período)
    50/708 descargados...
    100/708 descargados...
    150/708 descargados...
    200/708 descargados...
    250/708 descargados...
    300/708 descargados...
    350/708 descargados...
    400/708 descargados...
    450/708 descargados...
    500/708 descargados...
    550/708 descargados...
    600/708 descargados...
    650/708 descargados...
    700/708 descargados...
  236/236 pares con data completa en los 3 TF
  236 pares con datos completos

[3/5] Precomputando indicadores...
  236 pares listos

[4/5] Detectando pump-starts...
  5pct_4h: 1784 pump-starts detectados
  10pct_24h: 552 pump-starts detectados
  15pct_24h: 277 pump-starts detectados

[5/5] Evaluando cobertura del screener...

══════════════════════════════════════════════════════════════════════
 RESULTADO — CATCH RATE
══════════════════════════════════════════════════════════════════════

  [5pct_4h]
    Total movers  : 1784
    Pescados      : 84  (4.7%)
    Pescados por signal:
      HOLD             43  (51%)
      RIDING           18  (21%)
      BREAKOUT         16  (19%)
      EXPLOSION         7  (8%)
    Perdidos      : 1700
    Causas de miss:
      pre_atr                         951  (56%)
      pre_major_struct                292  (17%)
      bo:breakout                     249  (15%)
      pre_resist                       72  (4%)
      data_missing                     42  (2%)
      ri:vol_ok                        19  (1%)
      ri:above_zone                    19  (1%)
      bo:vol_ratio                     15  (1%)
      pre:near_max                     12  (1%)
      bo:strong_close                   7  (0%)
      ri:gain_range                     6  (0%)
      ho:cooldown_or_active             5  (0%)
      bo:bb_exp                         3  (0%)
      pre:vol_ratio                     2  (0%)
      bo:distance                       2  (0%)
      ri:cooldown_or_active             2  (0%)
      pre:cooldown_or_active            1  (0%)
      bo:5m_close                       1  (0%)

    Top 10 misses más grandes:
        # Symbol             Gain  Razón                        Timestamp
        1 DUSDT           +101.2%  pre_major_struct             2026-05-07T04:29
        2 OSMOUSDT         +88.3%  bo:breakout                  2026-05-11T08:29
        3 IOUSDT           +73.9%  pre_resist                   2026-05-06T04:44
        4 VICUSDT          +67.0%  pre_atr                      2026-05-12T12:44
        5 OSMOUSDT         +61.5%  pre_resist                   2026-05-10T11:14
        6 STXUSDT          +58.8%  pre_atr                      2026-05-05T18:59
        7 DOGSUSDT         +56.6%  pre_major_struct             2026-05-06T22:14
        8 DOGSUSDT         +49.5%  pre_atr                      2026-05-04T21:59
        9 OSMOUSDT         +48.4%  ri:above_zone                2026-05-10T23:59
       10 TSTUSDT          +48.2%  bo:breakout                  2026-05-04T08:44

  [10pct_24h]
    Total movers  : 552
    Pescados      : 15  (2.7%)
    Pescados por signal:
      HOLD              5  (33%)
      BREAKOUT          4  (27%)
      RIDING            4  (27%)
      EXPLOSION         2  (13%)
    Perdidos      : 537
    Causas de miss:
      pre_atr                         348  (65%)
      pre_major_struct                 77  (14%)
      bo:breakout                      45  (8%)
      data_missing                     29  (5%)
      pre_resist                       24  (4%)
      ri:above_zone                     6  (1%)
      pre:near_max                      3  (1%)
      bo:distance                       1  (0%)
      ri:gain_range                     1  (0%)
      ri:cooldown_or_active             1  (0%)
      bo:strong_close                   1  (0%)
      ho:cooldown_or_active             1  (0%)

    Top 10 misses más grandes:
        # Symbol             Gain  Razón                        Timestamp
        1 OSMOUSDT        +158.2%  pre_atr                      2026-05-10T15:29
        2 TSTUSDT         +118.2%  bo:strong_close              2026-05-04T01:29
        3 DOGSUSDT        +114.4%  pre_atr                      2026-05-04T21:29
        4 LAYERUSDT       +106.7%  pre_atr                      2026-05-09T18:44
        5 NILUSDT         +106.0%  ri:cooldown_or_active        2026-05-07T08:44
        6 DUSDT           +103.0%  pre_major_struct             2026-05-07T04:44
        7 DOGSUSDT         +79.0%  pre_major_struct             2026-05-06T23:59
        8 SAGAUSDT         +68.8%  pre_atr                      2026-05-11T05:59
        9 TSTUSDT          +67.7%  pre_major_struct             2026-05-07T07:14
       10 OSMOUSDT         +62.9%  pre_atr                      2026-05-09T15:14

  [15pct_24h]
    Total movers  : 277
    Pescados      : 11  (4.0%)
    Pescados por signal:
      HOLD              5  (45%)
      BREAKOUT          3  (27%)
      RIDING            2  (18%)
      EXPLOSION         1  (9%)
    Perdidos      : 266
    Causas de miss:
      pre_atr                         144  (54%)
      pre_major_struct                 53  (20%)
      bo:breakout                      26  (10%)
      data_missing                     19  (7%)
      pre_resist                       11  (4%)
      ri:gain_range                     4  (2%)
      ri:above_zone                     2  (1%)
      ho:cooldown_or_active             2  (1%)
      pre:vol_ratio                     1  (0%)
      bo:distance                       1  (0%)
      bo:strong_close                   1  (0%)
      bo:bb_exp                         1  (0%)
      bo:vol_ratio                      1  (0%)

    Top 10 misses más grandes:
        # Symbol             Gain  Razón                        Timestamp
        1 OSMOUSDT        +158.2%  pre_atr                      2026-05-10T15:29
        2 NILUSDT         +136.9%  pre_atr                      2026-05-07T03:29
        3 TSTUSDT         +118.2%  bo:strong_close              2026-05-04T01:29
        4 LAYERUSDT       +113.5%  pre_atr                      2026-05-09T21:29
        5 DOGSUSDT        +105.3%  pre_atr                      2026-05-04T23:44
        6 SAGAUSDT        +104.4%  ri:gain_range                2026-05-12T07:14
        7 DUSDT            +78.8%  bo:distance                  2026-05-07T05:44
        8 OSMOUSDT         +62.9%  pre_atr                      2026-05-09T15:14
        9 COSUSDT          +58.5%  pre_atr                      2026-05-12T17:29
       10 OSMOUSDT         +50.7%  pre_major_struct             2026-05-12T18:59

  Resultado guardado en: C:\Users\a\scancrypto\.audit_results\catch_rate_20260517_0124.json
  Post-mortem de un miss: python audit_misses.py post-mortem SYMBOL TIMESTAMP
