
=== CATCH-RATE AUDIT — últimos 7 días ===
  Período: 2026-05-11 → 2026-05-18

[1/5] Obteniendo universo (vol >= 1M USDT)...
  265 pares activos

[2/5] Descargando klines (265 pares)...

  Descargando 265 pares × 3 timeframes = 795 requests
  Rango: 2026-05-08 a 2026-05-18 (3d buffer + período)
    50/795 descargados...
    100/795 descargados...
    150/795 descargados...
    200/795 descargados...
    250/795 descargados...
    300/795 descargados...
    350/795 descargados...
    400/795 descargados...
    450/795 descargados...
    500/795 descargados...
    550/795 descargados...
    600/795 descargados...
    650/795 descargados...
    700/795 descargados...
    750/795 descargados...
  265/265 pares con data completa en los 3 TF
  265 pares con datos completos

[3/5] Precomputando indicadores...
  265 pares listos

[4/5] Detectando pump-starts...
  5pct_4h: 801 pump-starts detectados
  10pct_24h: 215 pump-starts detectados
  15pct_24h: 108 pump-starts detectados

[5/5] Evaluando cobertura del screener...

══════════════════════════════════════════════════════════════════════
 RESULTADO — CATCH RATE
══════════════════════════════════════════════════════════════════════

  [5pct_4h]
    Total movers  : 801
    Pescados      : 16  (2.0%)
    Pescados por signal:
      RIDING            8  (50%)
      BREAKOUT          4  (25%)
      HOLD              3  (19%)
      EXPLOSION         1  (6%)
    Perdidos      : 785
    Causas de miss:
      pre_ema:both_fail               253  (32%)
      pre_major_struct                156  (20%)
      pre_atr                         119  (15%)
      data_missing                     80  (10%)
      bo:breakout                      55  (7%)
      pre_resist                       45  (6%)
      pre_ema:ema_only                 31  (4%)
      pre_ema:recent_cross             23  (3%)
      ri:vol_ok                         6  (1%)
      bo:strong_close                   5  (1%)
      ri:above_zone                     3  (0%)
      bo:vol_ratio                      3  (0%)
      ho:cooldown_or_active             2  (0%)
      ri:gain_range                     2  (0%)
      pre:vol_ratio                     1  (0%)
      bo:bb_exp                         1  (0%)

    Top 10 misses más grandes:
        # Symbol             Gain  Razón                        Timestamp
        1 VICUSDT          +67.0%  pre_atr                      2026-05-12T12:44
        2 AIUSDT           +46.7%  bo:breakout                  2026-05-14T03:44
        3 STORJUSDT        +45.2%  pre_atr                      2026-05-15T16:14
        4 SAGAUSDT         +39.4%  bo:breakout                  2026-05-12T12:14
        5 MLNUSDT          +38.0%  pre_ema:both_fail            2026-05-18T13:29
        6 DODOUSDT         +37.9%  pre_ema:recent_cross         2026-05-14T11:44
        7 COSUSDT          +37.4%  bo:strong_close              2026-05-13T00:59
        8 MBOXUSDT         +37.2%  pre_atr                      2026-05-13T05:14
        9 MLNUSDT          +37.1%  pre_major_struct             2026-05-14T09:44
       10 OSMOUSDT         +35.4%  pre_ema:recent_cross         2026-05-16T04:14

  [10pct_24h]
    Total movers  : 215
    Pescados      : 4  (1.9%)
    Pescados por signal:
      HOLD              2  (50%)
      RIDING            2  (50%)
    Perdidos      : 211
    Causas de miss:
      pre_ema:both_fail                81  (38%)
      data_missing                     40  (19%)
      pre_major_struct                 35  (17%)
      pre_atr                          19  (9%)
      bo:breakout                      12  (6%)
      pre_ema:ema_only                 10  (5%)
      pre_resist                        8  (4%)
      ri:above_zone                     2  (1%)
      pre_ema:recent_cross              2  (1%)
      pre:near_max                      1  (0%)
      bo:distance                       1  (0%)

    Top 10 misses más grandes:
        # Symbol             Gain  Razón                        Timestamp
        1 SAGAUSDT        +103.1%  data_missing                 2026-05-11T19:14
        2 VICUSDT          +75.0%  data_missing                 2026-05-11T19:14
        3 COSUSDT          +71.7%  bo:breakout                  2026-05-12T19:29
        4 AIUSDT           +51.8%  pre_major_struct             2026-05-13T22:14
        5 OSMOUSDT         +50.7%  pre_major_struct             2026-05-12T19:29
        6 DODOUSDT         +40.6%  pre_ema:both_fail            2026-05-13T15:29
        7 EDENUSDT         +40.1%  pre_ema:both_fail            2026-05-16T13:29
        8 SOLVUSDT         +40.0%  data_missing                 2026-05-11T19:14
        9 DYMUSDT          +35.7%  data_missing                 2026-05-11T19:14
       10 FIDAUSDT         +35.2%  pre_atr                      2026-05-17T17:44

  [15pct_24h]
    Total movers  : 108
    Pescados      : 3  (2.8%)
    Pescados por signal:
      BREAKOUT          1  (33%)
      HOLD              1  (33%)
      RIDING            1  (33%)
    Perdidos      : 105
    Causas de miss:
      pre_ema:both_fail                38  (36%)
      pre_major_struct                 25  (24%)
      data_missing                     18  (17%)
      pre_atr                           8  (8%)
      pre_ema:ema_only                  4  (4%)
      pre_resist                        4  (4%)
      bo:breakout                       4  (4%)
      pre_ema:recent_cross              2  (2%)
      ri:vol_ok                         1  (1%)
      ri:above_zone                     1  (1%)

    Top 10 misses más grandes:
        # Symbol             Gain  Razón                        Timestamp
        1 SAGAUSDT        +103.1%  data_missing                 2026-05-11T19:14
        2 EDENUSDT         +78.9%  pre_major_struct             2026-05-16T15:59
        3 VICUSDT          +75.0%  data_missing                 2026-05-11T19:14
        4 COSUSDT          +71.7%  bo:breakout                  2026-05-12T19:29
        5 RONINUSDT        +52.4%  pre_ema:both_fail            2026-05-17T18:14
        6 STORJUSDT        +40.9%  pre_resist                   2026-05-14T17:59
        7 DODOUSDT         +40.6%  pre_ema:both_fail            2026-05-13T15:29
        8 SOLVUSDT         +40.0%  data_missing                 2026-05-11T19:14
        9 DYMUSDT          +35.7%  data_missing                 2026-05-11T19:14
       10 MLNUSDT          +35.1%  pre_ema:both_fail            2026-05-17T15:59

  Resultado guardado en: C:\Users\a\scancrypto\.audit_results\catch_rate_20260518_2002.json
  Post-mortem de un miss: python audit_misses.py post-mortem SYMBOL TIMESTAMP
