
=== CATCH-RATE AUDIT — últimos 7 días ===
  Período: 2026-05-11 → 2026-05-18

[1/5] Obteniendo universo (vol >= 1M USDT)...
  268 pares activos

[2/5] Descargando klines (268 pares)...

  Descargando 268 pares × 3 timeframes = 804 requests
  Rango: 2026-05-08 a 2026-05-18 (3d buffer + período)
    50/804 descargados...
    100/804 descargados...
    150/804 descargados...
    200/804 descargados...
    250/804 descargados...
    300/804 descargados...
    350/804 descargados...
    400/804 descargados...
    450/804 descargados...
    500/804 descargados...
    550/804 descargados...
    600/804 descargados...
    650/804 descargados...
    700/804 descargados...
    750/804 descargados...
    800/804 descargados...
  268/268 pares con data completa en los 3 TF
  268 pares con datos completos

[3/5] Precomputando indicadores...
  268 pares listos

[4/5] Detectando pump-starts...
  5pct_4h: 802 pump-starts detectados
  10pct_24h: 212 pump-starts detectados
  15pct_24h: 109 pump-starts detectados

[5/5] Evaluando cobertura del screener...

══════════════════════════════════════════════════════════════════════
 RESULTADO — CATCH RATE
══════════════════════════════════════════════════════════════════════

  [5pct_4h]
    Total movers  : 802
    Pescados      : 45  (5.6%)
    Pescados por signal:
      RIDING           16  (36%)
      HOLD             14  (31%)
      BREAKOUT         14  (31%)
      EXPLOSION         1  (2%)
    Perdidos      : 757
    Causas de miss:
      pre_ema:both_fail               256  (34%)
      pre_major_struct                155  (20%)
      data_missing                     70  (9%)
      bo:breakout                      66  (9%)
      pre_resist                       46  (6%)
      pre_atr:mid                      37  (5%)
      pre_ema:ema_only                 32  (4%)
      pre_atr:near                     28  (4%)
      pre_ema:recent_cross             24  (3%)
      pre_atr:far                       9  (1%)
      bo:strong_close                   8  (1%)
      ri:vol_ok                         7  (1%)
      ri:gain_range                     6  (1%)
      bo:vol_ratio                      4  (1%)
      ri:above_zone                     3  (0%)
      bo:bb_exp                         3  (0%)
      bo:body                           1  (0%)
      pre:near_max                      1  (0%)
      pre:vol_ratio                     1  (0%)

    Top 10 misses más grandes:
        # Symbol             Gain  Razón                        Timestamp
        1 AIUSDT           +46.7%  bo:breakout                  2026-05-14T03:44
        2 STORJUSDT        +45.2%  ri:gain_range                2026-05-15T16:14
        3 MLNUSDT          +38.0%  pre_ema:both_fail            2026-05-18T13:29
        4 DODOUSDT         +37.9%  pre_ema:recent_cross         2026-05-14T11:44
        5 COSUSDT          +37.4%  bo:strong_close              2026-05-13T00:59
        6 MBOXUSDT         +37.2%  bo:breakout                  2026-05-13T05:14
        7 MLNUSDT          +37.1%  pre_major_struct             2026-05-14T09:44
        8 SAGAUSDT         +36.5%  ri:vol_ok                    2026-05-12T09:29
        9 OSMOUSDT         +35.4%  pre_ema:recent_cross         2026-05-16T04:14
       10 SAGAUSDT         +31.6%  ri:vol_ok                    2026-05-12T17:59

  [10pct_24h]
    Total movers  : 212
    Pescados      : 11  (5.2%)
    Pescados por signal:
      HOLD              5  (45%)
      RIDING            5  (45%)
      BREAKOUT          1  (9%)
    Perdidos      : 201
    Causas de miss:
      pre_ema:both_fail                81  (40%)
      data_missing                     37  (18%)
      pre_major_struct                 36  (18%)
      bo:breakout                      13  (6%)
      pre_ema:ema_only                 10  (5%)
      pre_resist                        8  (4%)
      pre_atr:mid                       7  (3%)
      pre_atr:near                      3  (1%)
      ri:above_zone                     2  (1%)
      pre_ema:recent_cross              2  (1%)
      bo:vol_ratio                      1  (0%)
      bo:distance                       1  (0%)

    Top 10 misses más grandes:
        # Symbol             Gain  Razón                        Timestamp
        1 SAGAUSDT         +94.9%  data_missing                 2026-05-11T20:14
        2 VICUSDT          +75.0%  data_missing                 2026-05-11T20:14
        3 COSUSDT          +72.7%  pre_major_struct             2026-05-12T20:29
        4 AIUSDT           +51.8%  pre_major_struct             2026-05-13T22:14
        5 SOLVUSDT         +40.6%  data_missing                 2026-05-11T20:14
        6 DODOUSDT         +40.6%  pre_ema:both_fail            2026-05-13T15:29
        7 EDENUSDT         +40.1%  pre_ema:both_fail            2026-05-16T13:29
        8 DYMUSDT          +36.0%  data_missing                 2026-05-11T20:14
        9 MLNUSDT          +35.1%  pre_ema:both_fail            2026-05-17T15:59
       10 MLNUSDT          +34.7%  bo:breakout                  2026-05-13T08:14

  [15pct_24h]
    Total movers  : 109
    Pescados      : 5  (4.6%)
    Pescados por signal:
      HOLD              3  (60%)
      BREAKOUT          1  (20%)
      RIDING            1  (20%)
    Perdidos      : 104
    Causas de miss:
      pre_ema:both_fail                39  (38%)
      pre_major_struct                 26  (25%)
      data_missing                     18  (17%)
      pre_ema:ema_only                  4  (4%)
      pre_resist                        4  (4%)
      pre_atr:mid                       4  (4%)
      bo:breakout                       3  (3%)
      pre_ema:recent_cross              2  (2%)
      ri:vol_ok                         1  (1%)
      bo:vol_ratio                      1  (1%)
      ri:above_zone                     1  (1%)
      pre_atr:far                       1  (1%)

    Top 10 misses más grandes:
        # Symbol             Gain  Razón                        Timestamp
        1 SAGAUSDT         +94.9%  data_missing                 2026-05-11T20:14
        2 EDENUSDT         +78.9%  pre_major_struct             2026-05-16T15:59
        3 VICUSDT          +75.0%  data_missing                 2026-05-11T20:14
        4 COSUSDT          +72.7%  pre_major_struct             2026-05-12T20:29
        5 RONINUSDT        +52.4%  pre_ema:both_fail            2026-05-17T18:14
        6 STORJUSDT        +40.9%  pre_resist                   2026-05-14T17:59
        7 SOLVUSDT         +40.6%  data_missing                 2026-05-11T20:14
        8 DODOUSDT         +40.6%  pre_ema:both_fail            2026-05-13T15:29
        9 DYMUSDT          +36.0%  data_missing                 2026-05-11T20:14
       10 MLNUSDT          +35.1%  pre_ema:both_fail            2026-05-17T15:59

  Resultado guardado en: C:\Users\a\scancrypto\.audit_results\catch_rate_20260518_2050.json
  Post-mortem de un miss: python audit_misses.py post-mortem SYMBOL TIMESTAMP
