
=== CATCH-RATE AUDIT — últimos 7 días ===
  Período: 2026-05-11 → 2026-05-18

[1/5] Obteniendo universo (vol >= 1M USDT)...
  259 pares activos

[2/5] Descargando klines (259 pares)...

  Descargando 259 pares × 3 timeframes = 777 requests
  Rango: 2026-05-08 a 2026-05-18 (3d buffer + período)
    50/777 descargados...
    100/777 descargados...
    150/777 descargados...
    200/777 descargados...
    250/777 descargados...
    300/777 descargados...
    350/777 descargados...
    400/777 descargados...
    450/777 descargados...
    500/777 descargados...
    550/777 descargados...
    600/777 descargados...
    650/777 descargados...
    700/777 descargados...
    750/777 descargados...
  259/259 pares con data completa en los 3 TF
  259 pares con datos completos

[3/5] Precomputando indicadores...
  259 pares listos

[4/5] Detectando pump-starts...
  5pct_4h: 767 pump-starts detectados
  10pct_24h: 208 pump-starts detectados
  15pct_24h: 104 pump-starts detectados

[5/5] Evaluando cobertura del screener...

══════════════════════════════════════════════════════════════════════
 RESULTADO — CATCH RATE
══════════════════════════════════════════════════════════════════════

  [5pct_4h]
    Total movers  : 767
    Pescados      : 17  (2.2%)
    Pescados por signal:
      RIDING            8  (47%)
      HOLD              5  (29%)
      BREAKOUT          3  (18%)
      EXPLOSION         1  (6%)
    Perdidos      : 750
    Causas de miss:
      pre_ema_trend                   298  (40%)
      pre_major_struct                150  (20%)
      pre_atr                         113  (15%)
      data_missing                     69  (9%)
      bo:breakout                      54  (7%)
      pre_resist                       45  (6%)
      bo:strong_close                   5  (1%)
      bo:vol_ratio                      4  (1%)
      ri:vol_ok                         4  (1%)
      ri:above_zone                     3  (0%)
      ri:gain_range                     2  (0%)
      pre:vol_ratio                     1  (0%)
      bo:5m_close                       1  (0%)
      bo:bb_exp                         1  (0%)

    Top 10 misses más grandes:
        # Symbol             Gain  Razón                        Timestamp
        1 VICUSDT          +67.0%  pre_atr                      2026-05-12T12:44
        2 RADUSDT          +49.2%  data_missing                 2026-05-11T17:14
        3 AIUSDT           +46.7%  bo:breakout                  2026-05-14T03:44
        4 STORJUSDT        +45.2%  pre_atr                      2026-05-15T16:14
        5 DODOUSDT         +37.9%  pre_ema_trend                2026-05-14T11:44
        6 COSUSDT          +37.4%  bo:strong_close              2026-05-13T00:59
        7 MLNUSDT          +37.1%  pre_major_struct             2026-05-14T09:44
        8 OSMOUSDT         +35.4%  pre_ema_trend                2026-05-16T04:14
        9 SAGAUSDT         +30.8%  bo:breakout                  2026-05-12T18:44
       10 MLNUSDT          +28.3%  pre_ema_trend                2026-05-15T00:29

  [10pct_24h]
    Total movers  : 208
    Pescados      : 4  (1.9%)
    Pescados por signal:
      HOLD              2  (50%)
      RIDING            2  (50%)
    Perdidos      : 204
    Causas de miss:
      pre_ema_trend                    91  (45%)
      data_missing                     39  (19%)
      pre_major_struct                 33  (16%)
      pre_atr                          18  (9%)
      bo:breakout                      11  (5%)
      pre_resist                        8  (4%)
      ri:above_zone                     2  (1%)
      ri:vol_ok                         1  (0%)
      bo:distance                       1  (0%)

    Top 10 misses más grandes:
        # Symbol             Gain  Razón                        Timestamp
        1 SAGAUSDT        +115.5%  data_missing                 2026-05-11T17:14
        2 VICUSDT          +77.2%  data_missing                 2026-05-11T17:14
        3 COSUSDT          +58.5%  pre_atr                      2026-05-12T17:29
        4 AIUSDT           +51.8%  pre_major_struct             2026-05-13T22:14
        5 OSMOUSDT         +50.9%  pre_major_struct             2026-05-12T18:44
        6 RADUSDT          +49.2%  data_missing                 2026-05-11T17:14
        7 SOLVUSDT         +43.4%  data_missing                 2026-05-11T17:14
        8 SAGAUSDT         +41.2%  bo:breakout                  2026-05-12T17:29
        9 DODOUSDT         +40.6%  pre_ema_trend                2026-05-13T15:29
       10 EDENUSDT         +40.1%  pre_ema_trend                2026-05-16T13:29

  [15pct_24h]
    Total movers  : 104
    Pescados      : 2  (1.9%)
    Pescados por signal:
      BREAKOUT          1  (50%)
      HOLD              1  (50%)
    Perdidos      : 102
    Causas de miss:
      pre_ema_trend                    41  (40%)
      pre_major_struct                 22  (22%)
      data_missing                     19  (19%)
      pre_atr                           8  (8%)
      bo:breakout                       5  (5%)
      pre_resist                        4  (4%)
      ri:vol_ok                         1  (1%)
      ri:above_zone                     1  (1%)
      bo:strong_close                   1  (1%)

    Top 10 misses más grandes:
        # Symbol             Gain  Razón                        Timestamp
        1 SAGAUSDT        +115.5%  data_missing                 2026-05-11T17:14
        2 EDENUSDT         +78.9%  pre_major_struct             2026-05-16T15:59
        3 VICUSDT          +77.2%  data_missing                 2026-05-11T17:14
        4 COSUSDT          +58.5%  pre_atr                      2026-05-12T17:29
        5 OSMOUSDT         +50.7%  pre_major_struct             2026-05-12T18:59
        6 RADUSDT          +49.2%  data_missing                 2026-05-11T17:14
        7 SOLVUSDT         +43.4%  data_missing                 2026-05-11T17:14
        8 SAGAUSDT         +41.2%  bo:breakout                  2026-05-12T17:29
        9 STORJUSDT        +40.9%  pre_resist                   2026-05-14T17:59
       10 DODOUSDT         +40.6%  pre_ema_trend                2026-05-13T15:29

  Resultado guardado en: C:\Users\a\scancrypto\.audit_results\catch_rate_20260518_1726.json
  Post-mortem de un miss: python audit_misses.py post-mortem SYMBOL TIMESTAMP
