
=== CATCH-RATE AUDIT — últimos 14 días ===
  Período: 2026-05-04 → 2026-05-18

[1/5] Obteniendo universo (vol >= 1M USDT)...
  200 pares activos

[2/5] Descargando klines (200 pares)...

  Descargando 200 pares × 3 timeframes = 600 requests
  Rango: 2026-05-01 a 2026-05-18 (3d buffer + período)
    50/600 descargados...
    100/600 descargados...
    150/600 descargados...
    200/600 descargados...
    250/600 descargados...
    300/600 descargados...
    350/600 descargados...
    400/600 descargados...
    450/600 descargados...
    500/600 descargados...
    550/600 descargados...
    600/600 descargados...
  200/200 pares con data completa en los 3 TF
  200 pares con datos completos

[3/5] Precomputando indicadores...
  200 pares listos

[4/5] Detectando pump-starts...
  5pct_4h: 1563 pump-starts detectados
  10pct_24h: 474 pump-starts detectados
  15pct_24h: 239 pump-starts detectados

[5/5] Evaluando cobertura del screener...

══════════════════════════════════════════════════════════════════════
 RESULTADO — CATCH RATE
══════════════════════════════════════════════════════════════════════

  [5pct_4h]
    Total movers  : 1563
    Pescados      : 45  (2.9%)
    Pescados por signal:
      HOLD             21  (47%)
      RIDING           13  (29%)
      BREAKOUT          9  (20%)
      EXPLOSION         2  (4%)
    Perdidos      : 1518
    Causas de miss:
      pre_ema_trend                   447  (29%)
      pre_atr                         382  (25%)
      pre_major_struct                228  (15%)
      pre_resist                      171  (11%)
      bo:breakout                     152  (10%)
      data_missing                     80  (5%)
      ri:vol_ok                        15  (1%)
      ri:above_zone                    11  (1%)
      bo:vol_ratio                      8  (1%)
      ri:gain_range                     7  (0%)
      ho:cooldown_or_active             4  (0%)
      bo:strong_close                   4  (0%)
      pre:vol_ratio                     2  (0%)
      bo:distance                       2  (0%)
      pre:near_max                      2  (0%)
      ri:cooldown_or_active             1  (0%)
      bo:bb_exp                         1  (0%)
      bo:5m_close                       1  (0%)

    Top 10 misses más grandes:
        # Symbol             Gain  Razón                        Timestamp
        1 DUSDT           +101.2%  bo:breakout                  2026-05-07T04:29
        2 OSMOUSDT         +88.3%  bo:breakout                  2026-05-11T08:29
        3 VICUSDT          +67.0%  pre_atr                      2026-05-12T12:44
        4 OSMOUSDT         +61.5%  pre_resist                   2026-05-10T11:14
        5 STXUSDT          +58.8%  pre_atr                      2026-05-05T18:59
        6 DOGSUSDT         +56.6%  pre_major_struct             2026-05-06T22:14
        7 DOGSUSDT         +49.5%  pre_atr                      2026-05-04T21:59
        8 OSMOUSDT         +48.4%  ri:above_zone                2026-05-10T23:59
        9 TSTUSDT          +48.2%  data_missing                 2026-05-04T08:44
       10 AIUSDT           +46.7%  bo:breakout                  2026-05-14T03:44

  [10pct_24h]
    Total movers  : 474
    Pescados      : 11  (2.3%)
    Pescados por signal:
      RIDING            4  (36%)
      HOLD              4  (36%)
      BREAKOUT          2  (18%)
      EXPLOSION         1  (9%)
    Perdidos      : 463
    Causas de miss:
      pre_ema_trend                   201  (43%)
      pre_atr                          93  (20%)
      pre_major_struct                 58  (13%)
      pre_resist                       46  (10%)
      data_missing                     32  (7%)
      bo:breakout                      23  (5%)
      ri:above_zone                     4  (1%)
      ri:gain_range                     2  (0%)
      pre:near_max                      1  (0%)
      bo:distance                       1  (0%)
      ri:cooldown_or_active             1  (0%)
      ho:cooldown_or_active             1  (0%)

    Top 10 misses más grandes:
        # Symbol             Gain  Razón                        Timestamp
        1 OSMOUSDT        +158.2%  pre_resist                   2026-05-10T15:29
        2 TSTUSDT         +124.4%  data_missing                 2026-05-04T00:14
        3 LAYERUSDT       +106.7%  pre_atr                      2026-05-09T18:44
        4 NILUSDT         +106.0%  ri:cooldown_or_active        2026-05-07T08:44
        5 DUSDT           +103.0%  bo:breakout                  2026-05-07T04:44
        6 DOGSUSDT         +96.5%  pre_atr                      2026-05-05T00:29
        7 SAGAUSDT         +68.8%  pre_resist                   2026-05-11T05:59
        8 TSTUSDT          +67.7%  pre_major_struct             2026-05-07T07:14
        9 OSMOUSDT         +62.9%  pre_atr                      2026-05-09T15:14
       10 VICUSDT          +61.7%  pre_atr                      2026-05-12T14:29

  [15pct_24h]
    Total movers  : 239
    Pescados      : 8  (3.3%)
    Pescados por signal:
      HOLD              4  (50%)
      BREAKOUT          2  (25%)
      EXPLOSION         1  (12%)
      RIDING            1  (12%)
    Perdidos      : 231
    Causas de miss:
      pre_ema_trend                    91  (39%)
      pre_atr                          43  (19%)
      pre_major_struct                 39  (17%)
      pre_resist                       19  (8%)
      data_missing                     16  (7%)
      bo:breakout                      11  (5%)
      ri:gain_range                     4  (2%)
      ri:above_zone                     3  (1%)
      ho:cooldown_or_active             2  (1%)
      bo:distance                       1  (0%)
      bo:bb_exp                         1  (0%)
      ri:cooldown_or_active             1  (0%)

    Top 10 misses más grandes:
        # Symbol             Gain  Razón                        Timestamp
        1 OSMOUSDT        +158.2%  pre_resist                   2026-05-10T15:29
        2 NILUSDT         +136.9%  pre_atr                      2026-05-07T03:29
        3 TSTUSDT         +124.4%  data_missing                 2026-05-04T00:14
        4 LAYERUSDT       +113.5%  pre_atr                      2026-05-09T21:29
        5 SAGAUSDT        +104.4%  ri:gain_range                2026-05-12T07:14
        6 DOGSUSDT         +96.5%  pre_atr                      2026-05-05T00:29
        7 EDENUSDT         +78.9%  pre_ema_trend                2026-05-16T15:59
        8 DUSDT            +78.8%  bo:distance                  2026-05-07T05:44
        9 OSMOUSDT         +62.9%  pre_atr                      2026-05-09T15:14
       10 OSMOUSDT         +50.7%  pre_major_struct             2026-05-12T18:59

  Resultado guardado en: C:\Users\a\scancrypto\.audit_results\catch_rate_20260518_0020.json
  Post-mortem de un miss: python audit_misses.py post-mortem SYMBOL TIMESTAMP
