
=== CATCH-RATE AUDIT — últimos 7 días ===
  Período: 2026-05-11 → 2026-05-18

[1/5] Obteniendo universo (vol >= 1M USDT)...
  266 pares activos

[2/5] Descargando klines (266 pares)...

  Descargando 266 pares × 3 timeframes = 798 requests
  Rango: 2026-05-08 a 2026-05-18 (3d buffer + período)
    50/798 descargados...
    100/798 descargados...
    150/798 descargados...
    200/798 descargados...
    250/798 descargados...
    300/798 descargados...
    350/798 descargados...
    400/798 descargados...
    450/798 descargados...
    500/798 descargados...
    550/798 descargados...
    600/798 descargados...
    650/798 descargados...
    700/798 descargados...
    750/798 descargados...
  266/266 pares con data completa en los 3 TF
  266 pares con datos completos

[3/5] Precomputando indicadores...
  266 pares listos

[4/5] Detectando pump-starts...
  5pct_4h: 797 pump-starts detectados
  10pct_24h: 211 pump-starts detectados
  15pct_24h: 109 pump-starts detectados

[5/5] Evaluando cobertura del screener...

══════════════════════════════════════════════════════════════════════
 RESULTADO — CATCH RATE
══════════════════════════════════════════════════════════════════════

  [5pct_4h]
    Total movers  : 797
    Pescados      : 17  (2.1%)
    Pescados por signal:
      RIDING            8  (47%)
      BREAKOUT          4  (24%)
      HOLD              4  (24%)
      EXPLOSION         1  (6%)
    Perdidos      : 780
    Causas de miss:
      pre_ema:both_fail               255  (33%)
      pre_major_struct                156  (20%)
      data_missing                     70  (9%)
      bo:breakout                      56  (7%)
      pre_resist                       45  (6%)
      pre_atr:mid                      42  (5%)
      pre_ema:ema_only                 32  (4%)
      pre_atr:near                     29  (4%)
      pre_ema:recent_cross             23  (3%)
      pre_atr:mid+vol15m               18  (2%)
      pre_atr:near+vol15m              14  (2%)
      pre_atr:far                      10  (1%)
      pre_atr:far+vol15m                7  (1%)
      ri:vol_ok                         7  (1%)
      bo:strong_close                   5  (1%)
      bo:vol_ratio                      4  (1%)
      ri:above_zone                     3  (0%)
      ri:gain_range                     2  (0%)
      pre:vol_ratio                     1  (0%)
      bo:bb_exp                         1  (0%)

    Top 10 misses más grandes:
        # Symbol             Gain  Razón                        Timestamp
        1 VICUSDT          +67.0%  pre_atr:far+vol15m           2026-05-12T12:44
        2 AIUSDT           +46.7%  bo:breakout                  2026-05-14T03:44
        3 STORJUSDT        +45.2%  pre_atr:near+vol15m          2026-05-15T16:14
        4 MLNUSDT          +38.0%  pre_ema:both_fail            2026-05-18T13:29
        5 DODOUSDT         +37.9%  pre_ema:recent_cross         2026-05-14T11:44
        6 COSUSDT          +37.4%  bo:strong_close              2026-05-13T00:59
        7 MBOXUSDT         +37.2%  pre_atr:mid+vol15m           2026-05-13T05:14
        8 MLNUSDT          +37.1%  pre_major_struct             2026-05-14T09:44
        9 SAGAUSDT         +36.5%  ri:vol_ok                    2026-05-12T09:29
       10 OSMOUSDT         +35.4%  pre_ema:recent_cross         2026-05-16T04:14

  [10pct_24h]
    Total movers  : 211
    Pescados      : 5  (2.4%)
    Pescados por signal:
      RIDING            4  (80%)
      HOLD              1  (20%)
    Perdidos      : 206
    Causas de miss:
      pre_ema:both_fail                80  (39%)
      data_missing                     37  (18%)
      pre_major_struct                 36  (17%)
      pre_ema:ema_only                 10  (5%)
      bo:breakout                       9  (4%)
      pre_resist                        8  (4%)
      pre_atr:mid                       8  (4%)
      pre_atr:mid+vol15m                4  (2%)
      pre_atr:far+vol15m                4  (2%)
      pre_atr:near                      3  (1%)
      ri:above_zone                     2  (1%)
      pre_ema:recent_cross              2  (1%)
      pre_atr:near+vol15m               1  (0%)
      bo:vol_ratio                      1  (0%)
      bo:distance                       1  (0%)

    Top 10 misses más grandes:
        # Symbol             Gain  Razón                        Timestamp
        1 SAGAUSDT         +94.9%  data_missing                 2026-05-11T20:14
        2 VICUSDT          +75.0%  data_missing                 2026-05-11T20:14
        3 COSUSDT          +72.7%  pre_major_struct             2026-05-12T20:29
        4 AIUSDT           +51.8%  pre_major_struct             2026-05-13T22:14
        5 SOLVUSDT         +40.6%  data_missing                 2026-05-11T20:14
        6 DODOUSDT         +40.6%  pre_ema:both_fail            2026-05-13T15:29
        7 EDENUSDT         +40.1%  pre_ema:both_fail            2026-05-16T13:29
        8 DYMUSDT          +36.0%  data_missing                 2026-05-11T20:14
        9 FIDAUSDT         +35.2%  pre_atr:far+vol15m           2026-05-17T17:44
       10 MLNUSDT          +35.1%  pre_ema:both_fail            2026-05-17T15:59

  [15pct_24h]
    Total movers  : 109
    Pescados      : 3  (2.8%)
    Pescados por signal:
      BREAKOUT          1  (33%)
      HOLD              1  (33%)
      RIDING            1  (33%)
    Perdidos      : 106
    Causas de miss:
      pre_ema:both_fail                39  (37%)
      pre_major_struct                 26  (25%)
      data_missing                     18  (17%)
      pre_ema:ema_only                  4  (4%)
      pre_resist                        4  (4%)
      pre_atr:mid                       4  (4%)
      pre_atr:far                       2  (2%)
      bo:breakout                       2  (2%)
      pre_ema:recent_cross              2  (2%)
      pre_atr:near+vol15m               1  (1%)
      ri:vol_ok                         1  (1%)
      bo:vol_ratio                      1  (1%)
      ri:above_zone                     1  (1%)
      pre_atr:far+vol15m                1  (1%)

    Top 10 misses más grandes:
        # Symbol             Gain  Razón                        Timestamp
        1 SAGAUSDT         +94.9%  data_missing                 2026-05-11T20:14
        2 EDENUSDT         +78.9%  pre_major_struct             2026-05-16T15:59
        3 VICUSDT          +75.0%  data_missing                 2026-05-11T20:14
        4 COSUSDT          +72.7%  pre_major_struct             2026-05-12T20:29
        5 RONINUSDT        +52.4%  pre_ema:both_fail            2026-05-17T18:14
        6 STORJUSDT        +40.9%  pre_resist                   2026-05-14T17:59
        7 SOLVUSDT         +40.6%  data_missing                 2026-05-11T20:14
        8 DODOUSDT         +40.6%  pre_ema:both_fail            2026-05-13T15:29
        9 DYMUSDT          +36.0%  data_missing                 2026-05-11T20:14
       10 MLNUSDT          +35.1%  pre_ema:both_fail            2026-05-17T15:59

  Resultado guardado en: C:\Users\a\scancrypto\.audit_results\catch_rate_20260518_2022.json
  Post-mortem de un miss: python audit_misses.py post-mortem SYMBOL TIMESTAMP
