Período backtest: 2026-03-21 00:00:00+00:00 → 2026-04-04 00:00:00+00:00 (2 semana(s), 14d)
Scan interval simulado: 15 min

[1/4] Sin snapshots; usando top pares actuales por volumen...
  200 pares calificantes hoy (top 200 por volumen)

[2/4] Descargando klines históricas...

  Descargando 200 pares × 3 timeframes = 600 requests
  Rango: 2026-03-18 a 2026-04-04 (3d buffer + período)
    50/600 descargados...
    100/600 descargados...
    150/600 descargados...
    200/600 descargados...
    250/600 descargados...
    300/600 descargados...
    350/600 descargados...
    400/600 descargados...
    450/600 descargados...
    500/600 descargados...
    550/600 descargados...
  197/200 pares con data completa en los 3 TF

[3/4] Ejecutando simulación...

  >>> Corriendo backtest: OLD (config.json)
    [precompute] Calculando indicadores para 197 pares...

  Simulando 336h con scans cada 15min...
    [analyze] Extrayendo candidatos (1345 scans × 197 pares)...
    [analyze] 1345 scans × ~197 pares = 264965 tareas
    [analyze] 256997 candidatos encontrados
    [analyze] 256997 candidatos encontrados
    Total alertas simuladas: 138

══════════════════════════════════════════════════════════════════════
 OLD (CONFIG.JSON)
══════════════════════════════════════════════════════════════════════

Total alertas: 138

Por tipo:
  HOLD         47  (34%)
  RIDING       44  (31%)
  BREAKOUT     32  (23%)
  EXPLOSION    15  (10%)

Por bucket:
  BEST     54 — max_24h: +30.59%, drawdown: -12.36%, win >2%: 80%
  STRONG   37 — max_24h: +13.05%, drawdown: -9.43%, win >2%: 73%
  WATCH    47 — max_24h: +20.58%, drawdown: -8.19%, win >2%: 89%

CVD análisis:
  CVD bullish (>+0.05)     n= 76  avg max 24h: +12.50%
  CVD neutral              n= 57  avg max 24h: +36.89%
  CVD bearish (<-0.05)     n=  5  avg max 24h: +9.88%

OBV análisis:
  OBV rising (>+0.05)      n=115  avg max 24h: +22.86%
  OBV neutral              n= 23  avg max 24h: +20.56%

recent_long_ok análisis:
  True  n=112  avg max 24h: +20.30%, drawdown: -10.58%
  False n= 26  avg max 24h: +31.86%, drawdown: -8.32%

TOP 30 movers detectados:
    # Symbol         Type       Score Bucket    max24h     cvd     obv long_ok
    1 STOUSDT        HOLD          12 BEST    +313.23%  +0.04  +0.07    True
    2 STOUSDT        RIDING        15 BEST    +248.51%  +0.04  +0.15   False
    3 STOUSDT        HOLD          12 BEST    +189.27%  +0.04  +0.28    True
    4 STOUSDT        HOLD          12 BEST    +164.35%  +0.03  +0.27    True
    5 STOUSDT        HOLD           8 WATCH   +159.50%  +0.05  +0.13   False
    6 STOUSDT        RIDING        11 STRONG  +143.89%  +0.04  +0.02   False
    7 STOUSDT        HOLD          12 BEST    +109.20%  +0.04  +0.17    True
    8 CTSIUSDT       HOLD          12 BEST    +103.61%  +0.24  +0.38    True
    9 CTSIUSDT       EXPLOSION      9 WATCH    +88.22%  +0.09  +0.02    True
   10 HEMIUSDT       BREAKOUT      13 BEST     +63.70%  -0.05  +0.08    True
   11 FIDAUSDT       BREAKOUT       9 WATCH    +58.73%  +0.13  +0.31    True
   12 HEMIUSDT       BREAKOUT       6 WATCH    +55.06%  -0.02  +0.39    True
   13 CUSDT          EXPLOSION      9 WATCH    +51.52%  -0.02  +0.20    True
   14 DUSDT          EXPLOSION      9 WATCH    +50.87%  -0.04  +0.13    True
   15 XPLUSDT        BREAKOUT      10 STRONG   +46.57%  +0.17  +0.14    True
   16 HEMIUSDT       BREAKOUT       8 WATCH    +38.65%  +0.01  +0.43    True
   17 CUSDT          BREAKOUT      13 BEST     +36.83%  +0.11  +0.01    True
   18 CUSDT          BREAKOUT       9 WATCH    +34.54%  +0.23  +0.01    True
   19 FIDAUSDT       EXPLOSION      9 WATCH    +34.03%  -0.02  +0.36    True
   20 HEMIUSDT       RIDING        10 STRONG   +30.65%  -0.02  +0.24   False
   21 XPLUSDT        RIDING        11 STRONG   +30.11%  +0.05  +0.19    True
   22 STOUSDT        BREAKOUT       6 WATCH    +27.84%  +0.01  +0.05    True
   23 BANANAS31USDT  RIDING         9 WATCH    +27.81%  +0.02  +2.94   False
   24 STOUSDT        RIDING         8 WATCH    +26.78%  -0.25  +0.03   False
   25 CUSDT          HOLD          12 BEST     +26.27%  +0.05  +0.13    True
   26 XPLUSDT        HOLD          12 BEST     +26.08%  +0.06  +0.30    True
   27 DUSKUSDT       BREAKOUT       8 WATCH    +25.64%  +0.17  +0.11    True
   28 DUSKUSDT       HOLD          15 BEST     +24.01%  +0.30  +0.22    True
   29 DUSDT          EXPLOSION      9 WATCH    +23.43%  -0.01  +0.06    True
   30 DUSKUSDT       HOLD          12 BEST     +22.96%  +0.15  +0.09    True

Distribución de scores por signal_type (todos los alerts):
  BREAKOUT   (n= 32)  4:1 6:2 8:5 9:4 10:4 11:6 12:1 13:4 14:2 15:3
  EXPLOSION  (n= 15)  9:12 12:3
  HOLD       (n= 47)  8:3 9:3 10:3 11:6 12:24 13:4 15:4
  RIDING     (n= 44)  6:2 8:4 9:11 10:12 11:6 12:7 13:1 15:1

Top 30 movers — desglose:
  Buckets: BEST=12, STRONG=4, WATCH=14
  Tipos:   {'HOLD': 10, 'RIDING': 6, 'EXPLOSION': 5, 'BREAKOUT': 9}
  Score promedio top 30: 10.3
  Move promedio top 30: +76.06%

  >>> Corriendo backtest: NEW (config_E15.json)
    [precompute] Calculando indicadores para 197 pares...

  Simulando 336h con scans cada 15min...
    [analyze] Extrayendo candidatos (1345 scans × 197 pares)...
    [analyze] 1345 scans × ~197 pares = 264965 tareas
    [analyze] 256997 candidatos encontrados
    [analyze] 256997 candidatos encontrados
    Total alertas simuladas: 147

══════════════════════════════════════════════════════════════════════
 NEW (CONFIG_E15.JSON)
══════════════════════════════════════════════════════════════════════

Total alertas: 147

Por tipo:
  RIDING       53  (36%)
  HOLD         47  (31%)
  BREAKOUT     32  (21%)
  EXPLOSION    15  (10%)

Por bucket:
  BEST     56 — max_24h: +29.70%, drawdown: -12.43%, win >2%: 79%
  STRONG   40 — max_24h: +13.01%, drawdown: -9.13%, win >2%: 75%
  WATCH    51 — max_24h: +19.57%, drawdown: -7.83%, win >2%: 88%

CVD análisis:
  CVD bullish (>+0.05)     n= 79  avg max 24h: +12.48%
  CVD neutral              n= 61  avg max 24h: +34.86%
  CVD bearish (<-0.05)     n=  7  avg max 24h: +9.87%

OBV análisis:
  OBV rising (>+0.05)      n=120  avg max 24h: +22.07%
  OBV neutral              n= 27  avg max 24h: +19.73%

recent_long_ok análisis:
  True  n=119  avg max 24h: +19.68%, drawdown: -10.22%
  False n= 28  avg max 24h: +29.99%, drawdown: -8.74%

TOP 30 movers detectados:
    # Symbol         Type       Score Bucket    max24h     cvd     obv long_ok
    1 STOUSDT        HOLD          12 BEST    +313.23%  +0.04  +0.07    True
    2 STOUSDT        RIDING        15 BEST    +248.51%  +0.04  +0.15   False
    3 STOUSDT        HOLD          12 BEST    +189.27%  +0.04  +0.28    True
    4 STOUSDT        HOLD          12 BEST    +164.35%  +0.03  +0.27    True
    5 STOUSDT        HOLD           8 WATCH   +159.50%  +0.05  +0.13   False
    6 STOUSDT        RIDING        11 STRONG  +143.89%  +0.04  +0.02   False
    7 STOUSDT        HOLD          12 BEST    +109.20%  +0.04  +0.17    True
    8 CTSIUSDT       HOLD          12 BEST    +103.61%  +0.24  +0.38    True
    9 CTSIUSDT       EXPLOSION      9 WATCH    +88.22%  +0.09  +0.02    True
   10 HEMIUSDT       BREAKOUT      13 BEST     +63.70%  -0.05  +0.08    True
   11 FIDAUSDT       BREAKOUT       9 WATCH    +58.73%  +0.13  +0.31    True
   12 HEMIUSDT       BREAKOUT       6 WATCH    +55.06%  -0.02  +0.39    True
   13 CUSDT          EXPLOSION      9 WATCH    +51.52%  -0.02  +0.20    True
   14 DUSDT          EXPLOSION      9 WATCH    +50.87%  -0.04  +0.13    True
   15 XPLUSDT        BREAKOUT      10 STRONG   +46.57%  +0.17  +0.14    True
   16 HEMIUSDT       BREAKOUT       8 WATCH    +38.65%  +0.01  +0.43    True
   17 CUSDT          BREAKOUT      13 BEST     +36.83%  +0.11  +0.01    True
   18 CUSDT          BREAKOUT       9 WATCH    +34.54%  +0.23  +0.01    True
   19 FIDAUSDT       EXPLOSION      9 WATCH    +34.03%  -0.02  +0.36    True
   20 CUSDT          RIDING        11 STRONG   +31.61%  +0.28  +0.03    True
   21 HEMIUSDT       RIDING        10 STRONG   +30.65%  -0.02  +0.24   False
   22 XPLUSDT        RIDING        11 STRONG   +30.11%  +0.05  +0.19    True
   23 STOUSDT        BREAKOUT       6 WATCH    +27.84%  +0.01  +0.05    True
   24 BANANAS31USDT  RIDING         9 WATCH    +27.81%  +0.02  +2.94   False
   25 STOUSDT        RIDING         8 WATCH    +26.78%  -0.25  +0.03   False
   26 CUSDT          HOLD          12 BEST     +26.27%  +0.05  +0.13    True
   27 XPLUSDT        HOLD          12 BEST     +26.08%  +0.06  +0.30    True
   28 DUSKUSDT       BREAKOUT       8 WATCH    +25.64%  +0.17  +0.11    True
   29 DUSKUSDT       HOLD          15 BEST     +24.01%  +0.30  +0.22    True
   30 DUSDT          EXPLOSION      9 WATCH    +23.43%  -0.01  +0.06    True

Distribución de scores por signal_type (todos los alerts):
  BREAKOUT   (n= 32)  4:1 6:2 8:5 9:4 10:4 11:6 12:1 13:4 14:2 15:3
  EXPLOSION  (n= 15)  9:12 12:3
  HOLD       (n= 47)  8:3 9:3 10:3 11:6 12:24 13:4 15:4
  RIDING     (n= 53)  6:2 7:2 8:5 9:12 10:13 11:8 12:7 13:2 14:1 15:1

Top 30 movers — desglose:
  Buckets: BEST=11, STRONG=5, WATCH=14
  Tipos:   {'HOLD': 9, 'RIDING': 7, 'EXPLOSION': 5, 'BREAKOUT': 9}
  Score promedio top 30: 10.3
  Move promedio top 30: +76.35%

══════════════════════════════════════════════════════════════════════
 COMPARACIÓN: config.json  vs  config_E15.json  (14 días)
══════════════════════════════════════════════════════════════════════
  Métrica                              config.json config_E15.json
  -------------------------------- --------------- ---------------
  Total alertas                                138             147
  BREAKOUT count                                32              32
  BEST count                                    54              56
  BEST por día (target: 10-20)                 3.9             4.0
  STRONG count                                  37              40
  Explosivos totales (>20%)                     35              36
  -------------------------------- --------------- ---------------
  ★ CATCH RATE (lo más importante):
  Top 30 movers en BEST                        12/30             11/30
  Top 30 movers en BEST+STRONG                 16/30             16/30
  -------------------------------- --------------- ---------------
  ★ CALIDAD del bucket BEST:
  Avg max 24h BEST                         +30.59%         +29.70%
  Avg drawdown BEST                        -12.36%         -12.43%
  R/R BEST                                    2.47            2.39
  Win >5% en BEST                              70%              70%
  Win >10% en BEST                             46%              46%
  -------------------------------- --------------- ---------------
  Otros:
  Avg max 24h global                       +22.48%         +21.64%
  Avg max 24h STRONG                       +13.05%         +13.01%
  Avg drawdown global                      -10.15%          -9.93%
  Win >2% global                               81%              81%
  Win >5% global                               68%              67%

[4/4] Guardando resultados...
  Guardado: C:\Users\a\scancrypto\compare_E15_w4.json

DONE
