Período backtest: 2026-05-02 00:00:00+00:00 → 2026-05-16 00:00:00+00:00 (2 semana(s), 14d)
Scan interval simulado: 15 min

[1/4] Sin snapshots; usando top pares actuales por volumen...
  200 pares calificantes hoy (top 200 por volumen)

[2/4] Descargando klines históricas...

  Descargando 200 pares × 3 timeframes = 600 requests
  Rango: 2026-04-29 a 2026-05-16 (3d buffer + período)
    50/600 descargados...
    100/600 descargados...
    150/600 descargados...
    200/600 descargados...
    250/600 descargados...
    300/600 descargados...
    350/600 descargados...
    400/600 descargados...
    450/600 descargados...
    500/600 descargados...
    550/600 descargados...
  199/200 pares con data completa en los 3 TF

[3/4] Ejecutando simulación...

  >>> Corriendo backtest: OLD (config.json)
    [precompute] Calculando indicadores para 199 pares...

  Simulando 336h con scans cada 15min...
    [analyze] Extrayendo candidatos (1345 scans × 199 pares)...
    [analyze] 1345 scans × ~199 pares = 267655 tareas
    [analyze] 260351 candidatos encontrados
    [analyze] 260351 candidatos encontrados
    Total alertas simuladas: 286

══════════════════════════════════════════════════════════════════════
 OLD (CONFIG.JSON)
══════════════════════════════════════════════════════════════════════

Total alertas: 286

Por tipo:
  HOLD        119  (41%)
  RIDING       87  (30%)
  BREAKOUT     67  (23%)
  EXPLOSION    13  (4%)

Por bucket:
  BEST    122 — max_24h: +17.79%, drawdown: -8.20%, win >2%: 83%
  STRONG   99 — max_24h: +14.01%, drawdown: -10.79%, win >2%: 83%
  WATCH    65 — max_24h: +17.60%, drawdown: -7.68%, win >2%: 85%

CVD análisis:
  CVD bullish (>+0.05)     n=165  avg max 24h: +17.11%
  CVD neutral              n=113  avg max 24h: +14.81%
  CVD bearish (<-0.05)     n=  8  avg max 24h: +25.57%

OBV análisis:
  OBV rising (>+0.05)      n=252  avg max 24h: +16.11%
  OBV neutral              n= 34  avg max 24h: +18.88%

recent_long_ok análisis:
  True  n=244  avg max 24h: +16.25%, drawdown: -8.94%
  False n= 42  avg max 24h: +17.53%, drawdown: -9.22%

TOP 30 movers detectados:
    # Symbol         Type       Score Bucket    max24h     cvd     obv long_ok
    1 OSMOUSDT       BREAKOUT       9 WATCH   +130.05%  +0.03  +0.35    True
    2 TSTUSDT        BREAKOUT      14 BEST    +109.28%  +0.01  +0.23    True
    3 NILUSDT        BREAKOUT      11 STRONG  +109.16%  +0.05  +0.61    True
    4 SAGAUSDT       HOLD          12 BEST    +106.71%  +0.08  +0.26    True
    5 SAGAUSDT       RIDING        10 STRONG  +101.68%  -0.05  +0.33   False
    6 TSTUSDT        BREAKOUT      13 BEST     +95.17%  +0.07  +0.18    True
    7 OSMOUSDT       RIDING         9 WATCH    +93.38%  +0.05  -0.02   False
    8 DUSDT          HOLD          12 BEST     +78.15%  +0.06  +1.49    True
    9 DOGSUSDT       HOLD          12 BEST     +67.17%  +0.10  +0.65    True
   10 BABYUSDT       BREAKOUT      15 BEST     +66.79%  +0.11  +0.44    True
   11 NILUSDT        BREAKOUT       8 WATCH    +66.61%  -0.09  +0.48    True
   12 BABYUSDT       RIDING         9 WATCH    +65.67%  +0.01  +0.16    True
   13 TSTUSDT        EXPLOSION     12 BEST     +63.48%  -0.07  +0.03   False
   14 SAGAUSDT       HOLD          12 BEST     +56.69%  +0.05  +0.66    True
   15 BABYUSDT       HOLD          12 BEST     +56.28%  +0.09  +0.25    True
   16 DOGSUSDT       HOLD          12 BEST     +51.65%  +0.09  +0.13    True
   17 TSTUSDT        HOLD          12 BEST     +51.48%  +0.08  +0.34    True
   18 SAGAUSDT       BREAKOUT      10 STRONG   +51.42%  +0.01  +0.72    True
   19 TSTUSDT        BREAKOUT       6 WATCH    +50.61%  +0.20  +0.02    True
   20 BABYUSDT       HOLD          11 STRONG   +50.26%  +0.18  +0.39    True
   21 JTOUSDT        HOLD          15 BEST     +49.86%  +0.13  +0.24    True
   22 SAGAUSDT       HOLD          11 STRONG   +47.26%  +0.05  +0.30    True
   23 VICUSDT        EXPLOSION      9 WATCH    +45.24%  +0.16  +0.57    True
   24 AIUSDT         BREAKOUT       9 WATCH    +44.19%  +0.10  +0.01   False
   25 NILUSDT        HOLD          12 BEST     +43.12%  +0.03  +0.07    True
   26 DOGSUSDT       HOLD          11 STRONG   +43.07%  +0.06  +0.74    True
   27 JTOUSDT        HOLD          14 BEST     +41.99%  +0.10  +0.29    True
   28 SAHARAUSDT     HOLD          10 STRONG   +37.78%  +0.07  +0.09   False
   29 OSMOUSDT       HOLD          12 BEST     +37.69%  +0.07  +0.53    True
   30 ONDOUSDT       RIDING        12 BEST     +35.81%  +0.03  +0.13    True

Distribución de scores por signal_type (todos los alerts):
  BREAKOUT   (n= 67)  4:1 6:3 7:4 8:6 9:7 10:8 11:7 12:11 13:10 14:3 15:7
  EXPLOSION  (n= 13)  9:8 12:5
  HOLD       (n=119)  8:2 9:3 10:3 11:39 12:45 13:17 14:3 15:7
  RIDING     (n= 87)  3:1 6:4 8:7 9:19 10:23 11:19 12:9 13:5

Top 30 movers — desglose:
  Buckets: BEST=16, STRONG=7, WATCH=7
  Tipos:   {'BREAKOUT': 9, 'HOLD': 15, 'RIDING': 4, 'EXPLOSION': 2}
  Score promedio top 30: 11.2
  Move promedio top 30: +64.92%

  >>> Corriendo backtest: NEW (config_E13b.json)
    [precompute] Reutilizando indicadores cacheados (199 pares)

  Simulando 336h con scans cada 15min...
    [analyze] Reutilizando 260351 candidatos cacheados (1345 scans)
    Total alertas simuladas: 337

══════════════════════════════════════════════════════════════════════
 NEW (CONFIG_E13B.JSON)
══════════════════════════════════════════════════════════════════════

Total alertas: 337

Por tipo:
  HOLD        138  (40%)
  BREAKOUT     99  (29%)
  RIDING       87  (25%)
  EXPLOSION    13  (3%)

Por bucket:
  BEST    124 — max_24h: +18.06%, drawdown: -8.11%, win >2%: 85%
  STRONG  118 — max_24h: +13.53%, drawdown: -10.38%, win >2%: 83%
  WATCH    95 — max_24h: +17.19%, drawdown: -7.50%, win >2%: 79%

CVD análisis:
  CVD bullish (>+0.05)     n=207  avg max 24h: +16.93%
  CVD neutral              n=119  avg max 24h: +14.55%
  CVD bearish (<-0.05)     n= 11  avg max 24h: +21.18%

OBV análisis:
  OBV rising (>+0.05)      n=280  avg max 24h: +16.37%
  OBV neutral              n= 57  avg max 24h: +15.51%

recent_long_ok análisis:
  True  n=291  avg max 24h: +15.83%, drawdown: -8.72%
  False n= 46  avg max 24h: +18.76%, drawdown: -8.82%

TOP 30 movers detectados:
    # Symbol         Type       Score Bucket    max24h     cvd     obv long_ok
    1 OSMOUSDT       BREAKOUT       9 WATCH   +130.05%  +0.03  +0.35    True
    2 DUSDT          HOLD           7 WATCH   +118.86%  +0.25  +0.11   False
    3 DUSDT          HOLD           9 WATCH   +114.01%  +0.06  +0.13    True
    4 TSTUSDT        BREAKOUT      14 BEST    +109.28%  +0.01  +0.23    True
    5 NILUSDT        BREAKOUT      11 STRONG  +109.16%  +0.05  +0.61    True
    6 SAGAUSDT       HOLD          12 BEST    +106.71%  +0.08  +0.26    True
    7 SAGAUSDT       RIDING        10 STRONG  +101.68%  -0.05  +0.33   False
    8 TSTUSDT        BREAKOUT      13 BEST     +95.17%  +0.07  +0.18    True
    9 OSMOUSDT       RIDING         9 WATCH    +93.38%  +0.05  -0.02   False
   10 DUSDT          HOLD          12 BEST     +78.15%  +0.06  +1.49    True
   11 DOGSUSDT       HOLD          12 BEST     +67.17%  +0.10  +0.65    True
   12 BABYUSDT       BREAKOUT      15 BEST     +66.79%  +0.11  +0.44    True
   13 NILUSDT        BREAKOUT       8 WATCH    +66.61%  -0.09  +0.48    True
   14 BABYUSDT       RIDING         9 WATCH    +65.67%  +0.01  +0.16    True
   15 TSTUSDT        EXPLOSION     12 BEST     +63.48%  -0.07  +0.03   False
   16 MLNUSDT        HOLD          12 BEST     +61.98%  +0.16  +1.52    True
   17 SAGAUSDT       HOLD          12 BEST     +56.69%  +0.05  +0.66    True
   18 TSTUSDT        BREAKOUT      10 STRONG   +56.39%  +0.16  +0.01    True
   19 BABYUSDT       HOLD          12 BEST     +56.28%  +0.09  +0.25    True
   20 DOGSUSDT       HOLD          12 BEST     +51.65%  +0.09  +0.13    True
   21 TSTUSDT        HOLD          12 BEST     +51.48%  +0.08  +0.34    True
   22 SAGAUSDT       BREAKOUT      10 STRONG   +51.42%  +0.01  +0.72    True
   23 TSTUSDT        BREAKOUT       5 WATCH    +50.61%  +0.20  +0.02    True
   24 BABYUSDT       HOLD          11 STRONG   +50.26%  +0.18  +0.39    True
   25 JTOUSDT        HOLD          15 BEST     +49.86%  +0.13  +0.24    True
   26 SAGAUSDT       HOLD          11 STRONG   +47.26%  +0.05  +0.30    True
   27 VICUSDT        EXPLOSION      9 WATCH    +45.24%  +0.16  +0.57    True
   28 AIUSDT         BREAKOUT       9 WATCH    +44.19%  +0.10  +0.01   False
   29 NILUSDT        HOLD          12 BEST     +43.12%  +0.03  +0.07    True
   30 DOGSUSDT       HOLD          11 STRONG   +43.07%  +0.06  +0.74    True

Distribución de scores por signal_type (todos los alerts):
  BREAKOUT   (n= 99)  2:1 3:2 4:3 5:5 6:5 7:10 8:9 9:12 10:12 11:7 12:13 13:10 14:3 15:7
  EXPLOSION  (n= 13)  9:8 12:5
  HOLD       (n=138)  7:2 8:2 9:5 10:16 11:41 12:47 13:15 14:3 15:7
  RIDING     (n= 87)  3:1 6:4 8:7 9:19 10:23 11:19 12:9 13:5

Top 30 movers — desglose:
  Buckets: BEST=14, STRONG=7, WATCH=9
  Tipos:   {'BREAKOUT': 10, 'HOLD': 15, 'RIDING': 3, 'EXPLOSION': 2}
  Score promedio top 30: 10.8
  Move promedio top 30: +71.52%

══════════════════════════════════════════════════════════════════════
 COMPARACIÓN: config.json  vs  config_E13b.json  (14 días)
══════════════════════════════════════════════════════════════════════
  Métrica                              config.json config_E13b.json
  -------------------------------- --------------- ---------------
  Total alertas                                286             337
  BREAKOUT count                                67              99
  BEST count                                   122             124
  BEST por día (target: 10-20)                 8.7             8.9
  STRONG count                                  99             118
  Explosivos totales (>20%)                     76              85
  -------------------------------- --------------- ---------------
  ★ CATCH RATE (lo más importante):
  Top 30 movers en BEST                        16/30             14/30
  Top 30 movers en BEST+STRONG                 23/30             21/30
  -------------------------------- --------------- ---------------
  ★ CALIDAD del bucket BEST:
  Avg max 24h BEST                         +17.79%         +18.06%
  Avg drawdown BEST                         -8.20%          -8.11%
  R/R BEST                                    2.17            2.23
  Win >5% en BEST                              69%              69%
  Win >10% en BEST                             52%              52%
  -------------------------------- --------------- ---------------
  Otros:
  Avg max 24h global                       +16.44%         +16.23%
  Avg max 24h STRONG                       +14.01%         +13.53%
  Avg drawdown global                       -8.98%          -8.73%
  Win >2% global                               83%              82%
  Win >5% global                               66%              66%

[4/4] Guardando resultados...
  Guardado: C:\Users\a\scancrypto\compare_E13b_w1.json

DONE
