Período backtest: 2026-05-02 21:00:00+00:00 → 2026-05-16 21:00:00+00:00 (2 semana(s), 14d)
Scan interval simulado: 15 min

[1/4] Sin snapshots; usando top pares actuales por volumen...
  200 pares calificantes hoy (top 200 por volumen)

[2/4] Descargando klines históricas...

  Descargando 200 pares × 3 timeframes = 600 requests
  Rango: 2026-04-29 a 2026-05-16 (3d buffer + período)
    50/600 descargados...
    100/600 descargados...
    150/600 descargados...
    200/600 descargados...
    250/600 descargados...
    300/600 descargados...
    350/600 descargados...
    400/600 descargados...
    450/600 descargados...
    500/600 descargados...
    550/600 descargados...
    600/600 descargados...
  200/200 pares con data completa en los 3 TF

[3/4] Ejecutando simulación...

  >>> Corriendo backtest: OLD (config_E6_cal.json)
    [precompute] Calculando indicadores para 200 pares...

  Simulando 336h con scans cada 15min...
    [analyze] Extrayendo candidatos (1345 scans × 200 pares)...
    [analyze] scan 0/1345 (0%) — 0 candidatos
    [analyze] scan 50/1345 (3%) — 2970 candidatos
    [analyze] scan 100/1345 (7%) — 12879 candidatos
    [analyze] scan 150/1345 (11%) — 22829 candidatos
    [analyze] scan 200/1345 (14%) — 32779 candidatos
    [analyze] scan 250/1345 (18%) — 42729 candidatos
    [analyze] scan 300/1345 (22%) — 52679 candidatos
    [analyze] scan 350/1345 (26%) — 62629 candidatos
    [analyze] scan 400/1345 (29%) — 72579 candidatos
    [analyze] scan 450/1345 (33%) — 82529 candidatos
    [analyze] scan 500/1345 (37%) — 92479 candidatos
    [analyze] scan 550/1345 (40%) — 102429 candidatos
    [analyze] scan 600/1345 (44%) — 112379 candidatos
    [analyze] scan 650/1345 (48%) — 122329 candidatos
    [analyze] scan 700/1345 (52%) — 132279 candidatos
    [analyze] scan 750/1345 (55%) — 142229 candidatos
    [analyze] scan 800/1345 (59%) — 152179 candidatos
    [analyze] scan 850/1345 (63%) — 162129 candidatos
    [analyze] scan 900/1345 (66%) — 172079 candidatos
    [analyze] scan 950/1345 (70%) — 182029 candidatos
    [analyze] scan 1000/1345 (74%) — 191979 candidatos
    [analyze] scan 1050/1345 (78%) — 201929 candidatos
    [analyze] scan 1100/1345 (81%) — 211879 candidatos
    [analyze] scan 1150/1345 (85%) — 221829 candidatos
    [analyze] scan 1200/1345 (89%) — 231779 candidatos
    [analyze] scan 1250/1345 (92%) — 241729 candidatos
    [analyze] scan 1300/1345 (96%) — 251679 candidatos
    [analyze] 260435 candidatos encontrados
    Total alertas simuladas: 348

══════════════════════════════════════════════════════════════════════
 OLD (CONFIG_E6_CAL.JSON)
══════════════════════════════════════════════════════════════════════

Total alertas: 348

Por tipo:
  HOLD        140  (40%)
  RIDING      121  (34%)
  BREAKOUT     76  (21%)
  EXPLOSION    10  (2%)
  PREBREAK      1  (0%)

Por bucket:
  BEST    136 — max_24h: +17.46%, drawdown: -8.43%, win >2%: 82%
  STRONG  125 — max_24h: +11.95%, drawdown: -9.50%, win >2%: 79%
  WATCH    87 — max_24h: +14.92%, drawdown: -7.21%, win >2%: 79%

CVD análisis:
  CVD bullish (>+0.05)     n=199  avg max 24h: +15.50%
  CVD neutral              n=135  avg max 24h: +13.69%
  CVD bearish (<-0.05)     n= 14  avg max 24h: +16.76%

OBV análisis:
  OBV rising (>+0.05)      n=291  avg max 24h: +15.39%
  OBV neutral              n= 56  avg max 24h: +12.30%
  OBV falling (<-0.05)     n=  1  avg max 24h: +0.21%

recent_long_ok análisis:
  True  n=287  avg max 24h: +15.02%, drawdown: -8.43%
  False n= 61  avg max 24h: +14.03%, drawdown: -8.89%

TOP 30 movers detectados:
    # Symbol         Type       Score Bucket    max24h     cvd     obv long_ok
    1 OSMOUSDT       BREAKOUT       9 WATCH   +130.05%  +0.03  +0.36    True
    2 TSTUSDT        BREAKOUT      14 BEST    +109.28%  +0.01  +0.22    True
    3 NILUSDT        BREAKOUT      11 STRONG  +109.16%  +0.05  +0.59    True
    4 SAGAUSDT       HOLD          12 BEST    +106.71%  +0.08  +0.26    True
    5 SAGAUSDT       RIDING        10 STRONG  +101.68%  -0.05  +0.33   False
    6 TSTUSDT        BREAKOUT      13 BEST     +95.17%  +0.07  +0.17    True
    7 OSMOUSDT       RIDING         9 WATCH    +93.38%  +0.05  -0.02   False
    8 LAYERUSDT      BREAKOUT       7 WATCH    +85.22%  +0.10  +0.08    True
    9 LAYERUSDT      HOLD          12 BEST     +83.48%  +0.03  +0.49    True
   10 DUSDT          HOLD          12 BEST     +78.15%  +0.06  +1.47    True
   11 DOGSUSDT       HOLD          12 BEST     +67.17%  +0.10  +0.65    True
   12 NILUSDT        BREAKOUT       8 WATCH    +66.61%  -0.09  +0.47    True
   13 JTOUSDT        RIDING        12 BEST     +64.32%  +0.13  +0.01    True
   14 SAGAUSDT       HOLD          12 BEST     +56.69%  +0.05  +0.66    True
   15 DOGSUSDT       HOLD          12 BEST     +51.65%  +0.09  +0.13    True
   16 TSTUSDT        HOLD          12 BEST     +51.48%  +0.08  +0.33    True
   17 SAGAUSDT       BREAKOUT      10 STRONG   +51.42%  +0.01  +0.72    True
   18 COSUSDT        HOLD          15 BEST     +50.10%  +0.06  +0.53    True
   19 JTOUSDT        HOLD          15 BEST     +49.86%  +0.13  +0.24    True
   20 SAGAUSDT       HOLD          11 STRONG   +47.26%  +0.05  +0.30    True
   21 VICUSDT        EXPLOSION      9 WATCH    +45.24%  +0.16  +0.58    True
   22 AIUSDT         BREAKOUT       9 WATCH    +44.19%  +0.10  +0.01   False
   23 DOGSUSDT       HOLD          11 STRONG   +43.07%  +0.06  +0.75    True
   24 JTOUSDT        HOLD          14 BEST     +41.99%  +0.10  +0.29    True
   25 COSUSDT        RIDING        12 BEST     +41.72%  +0.06  +0.10   False
   26 NOTUSDT        RIDING         9 WATCH    +38.20%  -0.06  +0.04    True
   27 SAHARAUSDT     HOLD          10 STRONG   +37.78%  +0.07  +0.09   False
   28 OSMOUSDT       HOLD          12 BEST     +37.69%  +0.07  +0.53    True
   29 ONDOUSDT       RIDING        12 BEST     +35.81%  +0.03  +0.13    True
   30 ONDOUSDT       HOLD          13 BEST     +35.74%  +0.08  +0.14    True

Distribución de scores por signal_type (todos los alerts):
  BREAKOUT   (n= 76)  2:1 3:1 4:1 5:1 6:1 7:6 8:10 9:7 10:9 11:9 12:12 13:11 14:3 15:4
  EXPLOSION  (n= 10)  9:6 12:4
  HOLD       (n=140)  7:1 8:7 9:5 10:5 11:49 12:48 13:16 14:3 15:6
  PREBREAK   (n=  1)  11:1
  RIDING     (n=121)  3:1 4:1 6:4 7:1 8:11 9:22 10:30 11:22 12:19 13:10

Top 30 movers — desglose:
  Buckets: BEST=17, STRONG=6, WATCH=7
  Tipos:   {'BREAKOUT': 8, 'HOLD': 15, 'RIDING': 6, 'EXPLOSION': 1}
  Score promedio top 30: 11.3
  Move promedio top 30: +65.01%

  >>> Corriendo backtest: NEW (config_E9.json)
    [precompute] Calculando indicadores para 200 pares...

  Simulando 336h con scans cada 15min...
    [analyze] Extrayendo candidatos (1345 scans × 200 pares)...
    [analyze] scan 0/1345 (0%) — 0 candidatos
    [analyze] scan 50/1345 (3%) — 2970 candidatos
    [analyze] scan 100/1345 (7%) — 12879 candidatos
    [analyze] scan 150/1345 (11%) — 22829 candidatos
    [analyze] scan 200/1345 (14%) — 32779 candidatos
    [analyze] scan 250/1345 (18%) — 42729 candidatos
    [analyze] scan 300/1345 (22%) — 52679 candidatos
    [analyze] scan 350/1345 (26%) — 62629 candidatos
    [analyze] scan 400/1345 (29%) — 72579 candidatos
    [analyze] scan 450/1345 (33%) — 82529 candidatos
    [analyze] scan 500/1345 (37%) — 92479 candidatos
    [analyze] scan 550/1345 (40%) — 102429 candidatos
    [analyze] scan 600/1345 (44%) — 112379 candidatos
    [analyze] scan 650/1345 (48%) — 122329 candidatos
    [analyze] scan 700/1345 (52%) — 132279 candidatos
    [analyze] scan 750/1345 (55%) — 142229 candidatos
    [analyze] scan 800/1345 (59%) — 152179 candidatos
    [analyze] scan 850/1345 (63%) — 162129 candidatos
    [analyze] scan 900/1345 (66%) — 172079 candidatos
    [analyze] scan 950/1345 (70%) — 182029 candidatos
    [analyze] scan 1000/1345 (74%) — 191979 candidatos
    [analyze] scan 1050/1345 (78%) — 201929 candidatos
    [analyze] scan 1100/1345 (81%) — 211879 candidatos
    [analyze] scan 1150/1345 (85%) — 221829 candidatos
    [analyze] scan 1200/1345 (89%) — 231779 candidatos
    [analyze] scan 1250/1345 (92%) — 241729 candidatos
    [analyze] scan 1300/1345 (96%) — 251679 candidatos
    [analyze] 260435 candidatos encontrados
    Total alertas simuladas: 2531

══════════════════════════════════════════════════════════════════════
 NEW (CONFIG_E9.JSON)
══════════════════════════════════════════════════════════════════════

Total alertas: 2531

Por tipo:
  HOLD        971  (38%)
  RIDING      763  (30%)
  BREAKOUT    559  (22%)
  PREBREAK    228  (9%)
  EXPLOSION    10  (0%)

Por bucket:
  BEST    868 — max_24h: +8.99%, drawdown: -4.61%, win >2%: 75%
  STRONG  997 — max_24h: +8.24%, drawdown: -5.04%, win >2%: 71%
  WATCH   666 — max_24h: +7.76%, drawdown: -4.45%, win >2%: 70%

CVD análisis:
  CVD bullish (>+0.05)     n=1613  avg max 24h: +8.96%
  CVD neutral              n=655  avg max 24h: +7.91%
  CVD bearish (<-0.05)     n=263  avg max 24h: +5.94%

OBV análisis:
  OBV rising (>+0.05)      n=1860  avg max 24h: +9.04%
  OBV neutral              n=638  avg max 24h: +6.52%
  OBV falling (<-0.05)     n= 33  avg max 24h: +6.49%

recent_long_ok análisis:
  True  n=2174  avg max 24h: +8.49%, drawdown: -4.78%
  False n=357  avg max 24h: +7.67%, drawdown: -4.46%

TOP 30 movers detectados:
    # Symbol         Type       Score Bucket    max24h     cvd     obv long_ok
    1 NILUSDT        BREAKOUT       9 WATCH   +131.41%  -0.01  +0.38    True
    2 OSMOUSDT       BREAKOUT       9 WATCH   +130.05%  +0.03  +0.36    True
    3 NILUSDT        RIDING        10 STRONG  +128.97%  +0.07  +0.36    True
    4 LAYERUSDT      RIDING        11 STRONG  +123.46%  +0.09  +0.38    True
    5 DOGSUSDT       BREAKOUT      15 BEST    +120.51%  +0.17  +0.17    True
    6 LAYERUSDT      HOLD          12 BEST    +119.34%  +0.08  +0.61    True
    7 DOGSUSDT       HOLD          12 BEST    +114.40%  +0.04  +0.04    True
    8 LAYERUSDT      HOLD          11 STRONG  +114.09%  +0.05  +0.74    True
    9 DOGSUSDT       BREAKOUT      12 BEST    +113.81%  +0.03  +0.10    True
   10 LAYERUSDT      HOLD          12 BEST    +112.69%  +0.36  +1.66    True
   11 DOGSUSDT       RIDING        10 STRONG  +111.48%  +0.10  +0.28   False
   12 LAYERUSDT      HOLD          11 STRONG  +111.34%  +0.05  +0.65    True
   13 TSTUSDT        BREAKOUT      14 BEST    +109.28%  +0.01  +0.22    True
   14 DOGSUSDT       RIDING        12 BEST    +109.19%  +0.10  +0.29    True
   15 NILUSDT        BREAKOUT      10 STRONG  +109.16%  +0.05  +0.59    True
   16 DOGSUSDT       RIDING        11 STRONG  +108.63%  +0.10  +0.34    True
   17 LAYERUSDT      HOLD          11 STRONG  +107.25%  +0.07  +0.63    True
   18 SAGAUSDT       HOLD          12 BEST    +106.71%  +0.08  +0.26    True
   19 DOGSUSDT       RIDING        10 STRONG  +103.68%  +0.07  +0.34    True
   20 SAGAUSDT       RIDING        10 STRONG  +101.68%  -0.05  +0.33   False
   21 DOGSUSDT       BREAKOUT      11 STRONG   +96.45%  +0.05  +0.36    True
   22 TSTUSDT        BREAKOUT      13 BEST     +95.17%  +0.07  +0.17    True
   23 DOGSUSDT       HOLD          12 BEST     +93.47%  +0.10  +0.13    True
   24 OSMOUSDT       RIDING         9 WATCH    +93.38%  +0.05  -0.02   False
   25 LAYERUSDT      BREAKOUT       7 WATCH    +85.22%  +0.10  +0.08    True
   26 LAYERUSDT      HOLD          11 STRONG   +83.48%  +0.03  +0.49    True
   27 TSTUSDT        BREAKOUT       9 WATCH    +82.12%  +0.36  +1.89   False
   28 DUSDT          HOLD          12 BEST     +78.15%  +0.06  +1.47    True
   29 IOUSDT         HOLD           9 WATCH    +77.84%  +0.10  +0.09   False
   30 IOUSDT         RIDING         9 WATCH    +74.47%  +0.07  +0.20    True

Distribución de scores por signal_type (todos los alerts):
  BREAKOUT   (n=559)  2:1 3:3 4:2 5:5 6:14 7:20 8:34 9:43 10:54 11:96 12:68 13:110 14:50 15:59
  EXPLOSION  (n= 10)  9:6 12:4
  HOLD       (n=971)  6:4 7:11 8:35 9:40 10:58 11:363 12:396 13:51 14:4 15:9
  PREBREAK   (n=228)  3:3 4:2 5:5 6:8 7:28 8:24 9:31 10:30 11:24 12:21 13:31 14:3 15:18
  RIDING     (n=763)  3:4 4:6 5:14 6:47 7:62 8:68 9:146 10:246 11:126 12:32 13:12

Top 30 movers — desglose:
  Buckets: BEST=11, STRONG=12, WATCH=7
  Tipos:   {'BREAKOUT': 10, 'RIDING': 9, 'HOLD': 11}
  Score promedio top 30: 10.9
  Move promedio top 30: +104.90%

══════════════════════════════════════════════════════════════════════
 COMPARACIÓN: config_E6_cal.json  vs  config_E9.json  (14 días)
══════════════════════════════════════════════════════════════════════
  Métrica                          config_E6_cal.json  config_E9.json
  -------------------------------- --------------- ---------------
  Total alertas                                348            2531
  BREAKOUT count                                76             559
  BEST count                                   136             868
  BEST por día (target: 10-20)                 9.7            62.0
  STRONG count                                 125             997
  Explosivos totales (>20%)                     80             237
  -------------------------------- --------------- ---------------
  ★ CATCH RATE (lo más importante):
  Top 30 movers en BEST                        17/30             11/30
  Top 30 movers en BEST+STRONG                 23/30             23/30
  -------------------------------- --------------- ---------------
  ★ CALIDAD del bucket BEST:
  Avg max 24h BEST                         +17.46%          +8.99%
  Avg drawdown BEST                         -8.43%          -4.61%
  R/R BEST                                    2.07            1.95
  Win >5% en BEST                              71%              48%
  Win >10% en BEST                             51%              23%
  -------------------------------- --------------- ---------------
  Otros:
  Avg max 24h global                       +14.85%          +8.37%
  Avg max 24h STRONG                       +11.95%          +8.24%
  Avg drawdown global                       -8.51%          -4.74%
  Win >2% global                               80%              72%
  Win >5% global                               64%              45%

[4/4] Guardando resultados...
  Guardado: C:\Users\a\scancrypto\compare_E9.json

DONE
