Período backtest: 2026-05-02 00:00:00+00:00 → 2026-05-16 00:00:00+00:00 (2 semana(s), 14d)
Scan interval simulado: 15 min

[1/4] Sin snapshots; usando top pares actuales por volumen...
  187 pares calificantes hoy (top 200 por volumen)

[2/4] Descargando klines históricas...

  Descargando 187 pares × 3 timeframes = 561 requests
  Rango: 2026-04-29 a 2026-05-16 (3d buffer + período)
    50/561 descargados...
    100/561 descargados...
    150/561 descargados...
    200/561 descargados...
    250/561 descargados...
    300/561 descargados...
    350/561 descargados...
    400/561 descargados...
    450/561 descargados...
    500/561 descargados...
    550/561 descargados...
  186/187 pares con data completa en los 3 TF

[3/4] Ejecutando simulación...

  >>> Corriendo backtest: OLD (config.json)
    [precompute] Calculando indicadores para 186 pares...

  Simulando 336h con scans cada 15min...
    [analyze] Extrayendo candidatos (1345 scans × 186 pares)...
    [analyze] scan 0/1345 (0%) — 0 candidatos
    [analyze] scan 50/1345 (3%) — 2775 candidatos
    [analyze] scan 100/1345 (7%) — 12025 candidatos
    [analyze] scan 150/1345 (11%) — 21275 candidatos
    [analyze] scan 200/1345 (14%) — 30550 candidatos
    [analyze] scan 250/1345 (18%) — 39850 candidatos
    [analyze] scan 300/1345 (22%) — 49150 candidatos
    [analyze] scan 350/1345 (26%) — 58450 candidatos
    [analyze] scan 400/1345 (29%) — 67750 candidatos
    [analyze] scan 450/1345 (33%) — 77050 candidatos
    [analyze] scan 500/1345 (37%) — 86350 candidatos
    [analyze] scan 550/1345 (40%) — 95650 candidatos
    [analyze] scan 600/1345 (44%) — 104950 candidatos
    [analyze] scan 650/1345 (48%) — 114250 candidatos
    [analyze] scan 700/1345 (52%) — 123550 candidatos
    [analyze] scan 750/1345 (55%) — 132850 candidatos
    [analyze] scan 800/1345 (59%) — 142150 candidatos
    [analyze] scan 850/1345 (63%) — 151450 candidatos
    [analyze] scan 900/1345 (66%) — 160750 candidatos
    [analyze] scan 950/1345 (70%) — 170050 candidatos
    [analyze] scan 1000/1345 (74%) — 179350 candidatos
    [analyze] scan 1050/1345 (78%) — 188650 candidatos
    [analyze] scan 1100/1345 (81%) — 197950 candidatos
    [analyze] scan 1150/1345 (85%) — 207250 candidatos
    [analyze] scan 1200/1345 (89%) — 216550 candidatos
    [analyze] scan 1250/1345 (92%) — 225850 candidatos
    [analyze] scan 1300/1345 (96%) — 235150 candidatos
    [analyze] 243334 candidatos encontrados
    Total alertas simuladas: 251

══════════════════════════════════════════════════════════════════════
 OLD (CONFIG.JSON)
══════════════════════════════════════════════════════════════════════

Total alertas: 251

Por tipo:
  HOLD        100  (39%)
  RIDING       91  (36%)
  BREAKOUT     52  (20%)
  EXPLOSION     8  (3%)

Por bucket:
  BEST    101 — max_24h: +17.57%, drawdown: -7.98%, win >2%: 85%
  STRONG   96 — max_24h: +13.63%, drawdown: -10.58%, win >2%: 78%
  WATCH    54 — max_24h: +18.18%, drawdown: -7.40%, win >2%: 87%

CVD análisis:
  CVD bullish (>+0.05)     n=142  avg max 24h: +17.34%
  CVD neutral              n=102  avg max 24h: +14.33%
  CVD bearish (<-0.05)     n=  7  avg max 24h: +20.16%

OBV análisis:
  OBV rising (>+0.05)      n=225  avg max 24h: +16.32%
  OBV neutral              n= 26  avg max 24h: +15.12%

recent_long_ok análisis:
  True  n=214  avg max 24h: +16.28%, drawdown: -8.68%
  False n= 37  avg max 24h: +15.72%, drawdown: -9.81%

TOP 30 movers detectados:
    # Symbol         Type       Score Bucket    max24h     cvd     obv long_ok
    1 OSMOUSDT       BREAKOUT       9 WATCH   +130.05%  +0.03  +0.35    True
    2 NILUSDT        BREAKOUT      11 STRONG  +109.16%  +0.05  +0.61    True
    3 SAGAUSDT       HOLD          12 BEST    +106.71%  +0.08  +0.26    True
    4 SAGAUSDT       RIDING        10 STRONG  +101.68%  -0.05  +0.33   False
    5 TSTUSDT        BREAKOUT      14 BEST     +95.17%  +0.07  +0.18    True
    6 OSMOUSDT       RIDING         9 WATCH    +93.38%  +0.05  -0.02   False
    7 DUSDT          HOLD          12 BEST     +78.15%  +0.06  +1.49    True
    8 DOGSUSDT       HOLD          12 BEST     +67.17%  +0.10  +0.65    True
    9 BABYUSDT       BREAKOUT      15 BEST     +66.79%  +0.11  +0.44    True
   10 NILUSDT        BREAKOUT       8 WATCH    +66.61%  -0.09  +0.48    True
   11 BABYUSDT       RIDING         9 WATCH    +65.67%  +0.01  +0.16    True
   12 SAGAUSDT       HOLD          12 BEST     +56.69%  +0.05  +0.66    True
   13 BABYUSDT       HOLD          12 BEST     +56.28%  +0.09  +0.25    True
   14 TSTUSDT        HOLD          12 BEST     +51.48%  +0.08  +0.34    True
   15 SAGAUSDT       BREAKOUT      10 STRONG   +51.42%  +0.01  +0.72    True
   16 BABYUSDT       HOLD          11 STRONG   +50.26%  +0.18  +0.39    True
   17 JTOUSDT        HOLD          15 BEST     +49.86%  +0.13  +0.24    True
   18 SAGAUSDT       HOLD          11 STRONG   +47.26%  +0.05  +0.30    True
   19 VICUSDT        EXPLOSION      9 WATCH    +45.24%  +0.16  +0.57    True
   20 NILUSDT        HOLD          12 BEST     +43.12%  +0.03  +0.07    True
   21 DOGSUSDT       HOLD          11 STRONG   +43.07%  +0.06  +0.74    True
   22 JTOUSDT        HOLD          14 BEST     +41.99%  +0.10  +0.29    True
   23 SAHARAUSDT     HOLD          10 STRONG   +37.78%  +0.07  +0.09   False
   24 OSMOUSDT       HOLD          12 BEST     +37.69%  +0.07  +0.53    True
   25 ONDOUSDT       RIDING        12 BEST     +35.81%  +0.03  +0.13    True
   26 ONDOUSDT       HOLD          13 BEST     +35.74%  +0.08  +0.14    True
   27 SAHARAUSDT     BREAKOUT      12 BEST     +35.13%  +0.02  +0.15   False
   28 BABYUSDT       HOLD          11 STRONG   +35.09%  +0.13  +0.32    True
   29 VICUSDT        HOLD          12 BEST     +34.88%  +0.09  +0.68    True
   30 TONUSDT        BREAKOUT       7 WATCH    +34.55%  +0.08  +0.02    True

Distribución de scores por signal_type (todos los alerts):
  BREAKOUT   (n= 52)  4:1 6:1 7:3 8:4 9:4 10:8 11:6 12:9 13:8 14:3 15:5
  EXPLOSION  (n=  8)  9:5 12:3
  HOLD       (n=100)  8:1 9:3 10:2 11:36 12:43 13:12 14:1 15:2
  RIDING     (n= 91)  3:1 6:4 8:7 9:20 10:23 11:21 12:10 13:5

Top 30 movers — desglose:
  Buckets: BEST=16, STRONG=8, WATCH=6
  Tipos:   {'BREAKOUT': 8, 'HOLD': 17, 'RIDING': 4, 'EXPLOSION': 1}
  Score promedio top 30: 11.3
  Move promedio top 30: +60.13%

  >>> Corriendo backtest: NEW (config_E11.json)
    [precompute] Reutilizando indicadores cacheados (186 pares)

  Simulando 336h con scans cada 15min...
    [analyze] Extrayendo candidatos (1345 scans × 186 pares)...
    [analyze] scan 0/1345 (0%) — 0 candidatos
    [analyze] scan 50/1345 (3%) — 2775 candidatos
    [analyze] scan 100/1345 (7%) — 12025 candidatos
    [analyze] scan 150/1345 (11%) — 21275 candidatos
    [analyze] scan 200/1345 (14%) — 30550 candidatos
    [analyze] scan 250/1345 (18%) — 39850 candidatos
    [analyze] scan 300/1345 (22%) — 49150 candidatos
    [analyze] scan 350/1345 (26%) — 58450 candidatos
    [analyze] scan 400/1345 (29%) — 67750 candidatos
    [analyze] scan 450/1345 (33%) — 77050 candidatos
    [analyze] scan 500/1345 (37%) — 86350 candidatos
    [analyze] scan 550/1345 (40%) — 95650 candidatos
    [analyze] scan 600/1345 (44%) — 104950 candidatos
    [analyze] scan 650/1345 (48%) — 114250 candidatos
    [analyze] scan 700/1345 (52%) — 123550 candidatos
    [analyze] scan 750/1345 (55%) — 132850 candidatos
    [analyze] scan 800/1345 (59%) — 142150 candidatos
    [analyze] scan 850/1345 (63%) — 151450 candidatos
    [analyze] scan 900/1345 (66%) — 160750 candidatos
    [analyze] scan 950/1345 (70%) — 170050 candidatos
    [analyze] scan 1000/1345 (74%) — 179350 candidatos
    [analyze] scan 1050/1345 (78%) — 188650 candidatos
    [analyze] scan 1100/1345 (81%) — 197950 candidatos
    [analyze] scan 1150/1345 (85%) — 207250 candidatos
    [analyze] scan 1200/1345 (89%) — 216550 candidatos
    [analyze] scan 1250/1345 (92%) — 225850 candidatos
    [analyze] scan 1300/1345 (96%) — 235150 candidatos
    [analyze] 243334 candidatos encontrados
    Total alertas simuladas: 264

══════════════════════════════════════════════════════════════════════
 NEW (CONFIG_E11.JSON)
══════════════════════════════════════════════════════════════════════

Total alertas: 264

Por tipo:
  HOLD        103  (39%)
  RIDING       91  (34%)
  BREAKOUT     62  (23%)
  EXPLOSION     8  (3%)

Por bucket:
  BEST    104 — max_24h: +17.22%, drawdown: -8.38%, win >2%: 85%
  STRONG   97 — max_24h: +13.54%, drawdown: -10.52%, win >2%: 78%
  WATCH    63 — max_24h: +17.42%, drawdown: -6.89%, win >2%: 87%

CVD análisis:
  CVD bullish (>+0.05)     n=154  avg max 24h: +16.87%
  CVD neutral              n=103  avg max 24h: +14.20%
  CVD bearish (<-0.05)     n=  7  avg max 24h: +20.16%

OBV análisis:
  OBV rising (>+0.05)      n=235  avg max 24h: +16.07%
  OBV neutral              n= 29  avg max 24h: +14.65%

recent_long_ok análisis:
  True  n=227  avg max 24h: +15.95%, drawdown: -8.65%
  False n= 37  avg max 24h: +15.72%, drawdown: -9.81%

TOP 30 movers detectados:
    # Symbol         Type       Score Bucket    max24h     cvd     obv long_ok
    1 OSMOUSDT       BREAKOUT       9 WATCH   +130.05%  +0.03  +0.35    True
    2 NILUSDT        BREAKOUT      11 STRONG  +109.16%  +0.05  +0.61    True
    3 SAGAUSDT       HOLD          12 BEST    +106.71%  +0.08  +0.26    True
    4 SAGAUSDT       RIDING        10 STRONG  +101.68%  -0.05  +0.33   False
    5 TSTUSDT        BREAKOUT      14 BEST     +95.17%  +0.07  +0.18    True
    6 OSMOUSDT       RIDING         9 WATCH    +93.38%  +0.05  -0.02   False
    7 DUSDT          HOLD          12 BEST     +78.15%  +0.06  +1.49    True
    8 DOGSUSDT       HOLD          12 BEST     +67.17%  +0.10  +0.65    True
    9 BABYUSDT       BREAKOUT      15 BEST     +66.79%  +0.11  +0.44    True
   10 NILUSDT        BREAKOUT       8 WATCH    +66.61%  -0.09  +0.48    True
   11 BABYUSDT       RIDING         9 WATCH    +65.67%  +0.01  +0.16    True
   12 SAGAUSDT       HOLD          12 BEST     +56.69%  +0.05  +0.66    True
   13 BABYUSDT       HOLD          12 BEST     +56.28%  +0.09  +0.25    True
   14 TSTUSDT        HOLD          12 BEST     +51.48%  +0.08  +0.34    True
   15 SAGAUSDT       BREAKOUT      10 STRONG   +51.42%  +0.01  +0.72    True
   16 BABYUSDT       HOLD          11 STRONG   +50.26%  +0.18  +0.39    True
   17 JTOUSDT        HOLD          15 BEST     +49.86%  +0.13  +0.24    True
   18 SAGAUSDT       HOLD          11 STRONG   +47.26%  +0.05  +0.30    True
   19 VICUSDT        EXPLOSION      9 WATCH    +45.24%  +0.16  +0.57    True
   20 NILUSDT        HOLD          12 BEST     +43.12%  +0.03  +0.07    True
   21 RADUSDT        BREAKOUT       8 WATCH    +43.07%  +0.29  +0.13    True
   22 DOGSUSDT       HOLD          11 STRONG   +43.07%  +0.06  +0.74    True
   23 JTOUSDT        HOLD          14 BEST     +41.99%  +0.10  +0.29    True
   24 SAHARAUSDT     HOLD          10 STRONG   +37.78%  +0.07  +0.09   False
   25 OSMOUSDT       HOLD          12 BEST     +37.69%  +0.07  +0.53    True
   26 ONDOUSDT       RIDING        12 BEST     +35.81%  +0.03  +0.13    True
   27 ONDOUSDT       HOLD          13 BEST     +35.74%  +0.08  +0.14    True
   28 SAHARAUSDT     BREAKOUT      12 BEST     +35.13%  +0.02  +0.15   False
   29 BABYUSDT       HOLD          11 STRONG   +35.09%  +0.13  +0.32    True
   30 VICUSDT        HOLD          12 BEST     +34.88%  +0.09  +0.68    True

Distribución de scores por signal_type (todos los alerts):
  BREAKOUT   (n= 62)  4:1 5:1 6:1 7:3 8:10 9:6 10:8 11:7 12:9 13:8 14:3 15:5
  EXPLOSION  (n=  8)  9:5 12:3
  HOLD       (n=103)  8:1 9:3 10:2 11:36 12:46 13:12 14:1 15:2
  RIDING     (n= 91)  3:1 6:4 8:7 9:20 10:23 11:21 12:10 13:5

Top 30 movers — desglose:
  Buckets: BEST=16, STRONG=8, WATCH=6
  Tipos:   {'BREAKOUT': 8, 'HOLD': 17, 'RIDING': 4, 'EXPLOSION': 1}
  Score promedio top 30: 11.3
  Move promedio top 30: +60.41%

══════════════════════════════════════════════════════════════════════
 COMPARACIÓN: config.json  vs  config_E11.json  (14 días)
══════════════════════════════════════════════════════════════════════
  Métrica                              config.json config_E11.json
  -------------------------------- --------------- ---------------
  Total alertas                                251             264
  BREAKOUT count                                52              62
  BEST count                                   101             104
  BEST por día (target: 10-20)                 7.2             7.4
  STRONG count                                  96              97
  Explosivos totales (>20%)                     66              68
  -------------------------------- --------------- ---------------
  ★ CATCH RATE (lo más importante):
  Top 30 movers en BEST                        16/30             16/30
  Top 30 movers en BEST+STRONG                 24/30             24/30
  -------------------------------- --------------- ---------------
  ★ CALIDAD del bucket BEST:
  Avg max 24h BEST                         +17.57%         +17.22%
  Avg drawdown BEST                         -7.98%          -8.38%
  R/R BEST                                    2.20            2.06
  Win >5% en BEST                              68%              68%
  Win >10% en BEST                             52%              51%
  -------------------------------- --------------- ---------------
  Otros:
  Avg max 24h global                       +16.19%         +15.92%
  Avg max 24h STRONG                       +13.63%         +13.54%
  Avg drawdown global                       -8.85%          -8.81%
  Win >2% global                               83%              83%
  Win >5% global                               65%              65%

[4/4] Guardando resultados...
  Guardado: C:\Users\a\scancrypto\compare_E11_w1.json

DONE
