Período backtest: 2026-04-04 00:00:00+00:00 → 2026-04-18 00:00:00+00:00 (2 semana(s), 14d)
Scan interval simulado: 15 min

[1/4] Sin snapshots; usando top pares actuales por volumen...
  194 pares calificantes hoy (top 200 por volumen)

[2/4] Descargando klines históricas...

  Descargando 194 pares × 3 timeframes = 582 requests
  Rango: 2026-04-01 a 2026-04-18 (3d buffer + período)
    50/582 descargados...
    100/582 descargados...
    150/582 descargados...
    200/582 descargados...
    250/582 descargados...
    300/582 descargados...
    350/582 descargados...
    400/582 descargados...
    450/582 descargados...
    500/582 descargados...
    550/582 descargados...
  191/194 pares con data completa en los 3 TF

[3/4] Ejecutando simulación...

  >>> Corriendo backtest: OLD (config.json)
    [precompute] Calculando indicadores para 191 pares...

  Simulando 336h con scans cada 15min...
    [analyze] Extrayendo candidatos (1345 scans × 191 pares)...
    [analyze] 1345 scans × ~191 pares = 256895 tareas
    [analyze] 250019 candidatos encontrados
    [analyze] 250019 candidatos encontrados
    Total alertas simuladas: 155

══════════════════════════════════════════════════════════════════════
 OLD (CONFIG.JSON)
══════════════════════════════════════════════════════════════════════

Total alertas: 155

Por tipo:
  HOLD         59  (38%)
  BREAKOUT     38  (24%)
  RIDING       38  (24%)
  EXPLOSION    18  (11%)
  PREBREAK      2  (1%)

Por bucket:
  BEST     76 — max_24h: +18.72%, drawdown: -8.75%, win >2%: 80%
  STRONG   40 — max_24h: +19.95%, drawdown: -10.22%, win >2%: 80%
  WATCH    39 — max_24h: +23.08%, drawdown: -11.60%, win >2%: 74%

CVD análisis:
  CVD bullish (>+0.05)     n= 91  avg max 24h: +14.36%
  CVD neutral              n= 55  avg max 24h: +29.02%
  CVD bearish (<-0.05)     n=  9  avg max 24h: +24.15%

OBV análisis:
  OBV rising (>+0.05)      n=132  avg max 24h: +22.12%
  OBV neutral              n= 21  avg max 24h: +9.18%
  OBV falling (<-0.05)     n=  2  avg max 24h: +3.96%

recent_long_ok análisis:
  True  n=123  avg max 24h: +19.50%, drawdown: -10.58%
  False n= 32  avg max 24h: +22.55%, drawdown: -7.01%

TOP 30 movers detectados:
    # Symbol         Type       Score Bucket    max24h     cvd     obv long_ok
    1 ORDIUSDT       BREAKOUT      10 STRONG  +205.65%  -0.03  +0.64    True
    2 ORDIUSDT       RIDING         7 WATCH   +200.90%  -0.03  +0.81   False
    3 ORDIUSDT       HOLD          12 BEST    +178.32%  +0.04  +0.20    True
    4 MOVRUSDT       EXPLOSION      9 WATCH   +146.27%  +0.11  +0.23    True
    5 FFUSDT         EXPLOSION     12 BEST    +137.72%  -0.09  +0.54    True
    6 NEIROUSDT      HOLD          12 BEST     +88.90%  +0.04  +0.09    True
    7 NEIROUSDT      RIDING        10 STRONG   +87.68%  +0.06  +0.09    True
    8 FFUSDT         EXPLOSION      9 WATCH    +77.71%  -0.01  +0.85    True
    9 NEIROUSDT      HOLD          11 STRONG   +68.17%  +0.04  +0.17    True
   10 NEIROUSDT      RIDING         9 WATCH    +62.88%  -0.01  +0.23   False
   11 PNUTUSDT       HOLD          12 BEST     +58.94%  +0.07  +0.13    True
   12 MOVRUSDT       HOLD          12 BEST     +58.47%  +0.04  +0.65    True
   13 TSTUSDT        BREAKOUT      11 STRONG   +58.35%  +0.02  +0.31    True
   14 PNUTUSDT       RIDING        10 STRONG   +57.54%  -0.02  +0.16   False
   15 BIOUSDT        HOLD          12 BEST     +54.49%  +0.05  +0.15    True
   16 ORDIUSDT       HOLD          12 BEST     +51.76%  +0.06  +0.41    True
   17 ORDIUSDT       HOLD           8 WATCH    +51.42%  +0.03  +0.41   False
   18 NEIROUSDT      BREAKOUT       9 WATCH    +45.19%  +0.05  +0.12    True
   19 SAPIENUSDT     EXPLOSION      9 WATCH    +44.15%  +0.06  +0.04    True
   20 GIGGLEUSDT     BREAKOUT       8 WATCH    +42.39%  +0.04  +0.16    True
   21 NEIROUSDT      RIDING         7 WATCH    +40.69%  -0.05  +0.04    True
   22 TSTUSDT        BREAKOUT      15 BEST     +40.29%  +0.12  +0.39   False
   23 GIGGLEUSDT     HOLD          15 BEST     +38.84%  +0.04  +0.33    True
   24 GIGGLEUSDT     BREAKOUT      10 STRONG   +38.79%  -0.04  +0.13    True
   25 GIGGLEUSDT     BREAKOUT      12 BEST     +36.81%  -0.01  +0.09   False
   26 AUDIOUSDT      BREAKOUT      13 BEST     +35.59%  +0.05  +0.71    True
   27 PNUTUSDT       RIDING        13 BEST     +34.23%  +0.06  +0.47   False
   28 TRBUSDT        HOLD          10 STRONG   +33.62%  +0.14  +0.19   False
   29 GIGGLEUSDT     RIDING        12 BEST     +30.93%  +0.01  +0.16   False
   30 NEIROUSDT      HOLD          13 BEST     +29.00%  +0.07  +0.10    True

Distribución de scores por signal_type (todos los alerts):
  BREAKOUT   (n= 38)  4:1 5:1 6:2 7:1 8:6 9:4 10:4 11:3 12:3 13:6 14:3 15:4
  EXPLOSION  (n= 18)  9:10 12:8
  HOLD       (n= 59)  8:1 9:4 10:2 11:12 12:27 13:9 15:4
  PREBREAK   (n=  2)  7:1 12:1
  RIDING     (n= 38)  6:1 7:2 8:2 9:3 10:7 11:12 12:6 13:4 15:1

Top 30 movers — desglose:
  Buckets: BEST=14, STRONG=7, WATCH=9
  Tipos:   {'BREAKOUT': 8, 'RIDING': 7, 'HOLD': 11, 'EXPLOSION': 4}
  Score promedio top 30: 10.8
  Move promedio top 30: +71.19%

  >>> Corriendo backtest: NEW (config_E14d.json)
    [precompute] Reutilizando indicadores cacheados (191 pares)

  Simulando 336h con scans cada 15min...
    [analyze] Extrayendo candidatos (1345 scans × 191 pares)...
    [analyze] 1345 scans × ~191 pares = 256895 tareas
    [analyze] 250019 candidatos encontrados
    [analyze] 250019 candidatos encontrados
    Total alertas simuladas: 171

══════════════════════════════════════════════════════════════════════
 NEW (CONFIG_E14D.JSON)
══════════════════════════════════════════════════════════════════════

Total alertas: 171

Por tipo:
  HOLD         60  (35%)
  RIDING       53  (30%)
  BREAKOUT     38  (22%)
  EXPLOSION    18  (10%)
  PREBREAK      2  (1%)

Por bucket:
  BEST     81 — max_24h: +18.07%, drawdown: -9.14%, win >2%: 81%
  STRONG   45 — max_24h: +18.23%, drawdown: -9.72%, win >2%: 80%
  WATCH    45 — max_24h: +20.80%, drawdown: -11.07%, win >2%: 71%

CVD análisis:
  CVD bullish (>+0.05)     n= 94  avg max 24h: +14.26%
  CVD neutral              n= 66  avg max 24h: +25.05%
  CVD bearish (<-0.05)     n= 11  avg max 24h: +20.66%

OBV análisis:
  OBV rising (>+0.05)      n=142  avg max 24h: +21.20%
  OBV neutral              n= 27  avg max 24h: +7.47%
  OBV falling (<-0.05)     n=  2  avg max 24h: +3.96%

recent_long_ok análisis:
  True  n=133  avg max 24h: +18.43%, drawdown: -10.49%
  False n= 38  avg max 24h: +20.25%, drawdown: -7.38%

TOP 30 movers detectados:
    # Symbol         Type       Score Bucket    max24h     cvd     obv long_ok
    1 ORDIUSDT       BREAKOUT      10 STRONG  +205.65%  -0.03  +0.64    True
    2 ORDIUSDT       RIDING         7 WATCH   +200.90%  -0.03  +0.81   False
    3 ORDIUSDT       HOLD          12 BEST    +178.32%  +0.04  +0.20    True
    4 MOVRUSDT       EXPLOSION      9 WATCH   +146.27%  +0.11  +0.23    True
    5 FFUSDT         EXPLOSION     12 BEST    +137.72%  -0.09  +0.54    True
    6 NEIROUSDT      HOLD          12 BEST     +88.90%  +0.04  +0.09    True
    7 NEIROUSDT      RIDING        10 STRONG   +87.68%  +0.06  +0.09    True
    8 FFUSDT         EXPLOSION      9 WATCH    +77.71%  -0.01  +0.85    True
    9 NEIROUSDT      HOLD          11 STRONG   +68.17%  +0.04  +0.17    True
   10 NEIROUSDT      RIDING         9 WATCH    +62.88%  -0.01  +0.23   False
   11 PNUTUSDT       HOLD          12 BEST     +58.94%  +0.07  +0.13    True
   12 MOVRUSDT       HOLD          12 BEST     +58.47%  +0.04  +0.65    True
   13 TSTUSDT        BREAKOUT      11 STRONG   +58.35%  +0.02  +0.31    True
   14 PNUTUSDT       RIDING        10 STRONG   +57.54%  -0.02  +0.16   False
   15 BIOUSDT        HOLD          12 BEST     +54.49%  +0.05  +0.15    True
   16 ORDIUSDT       HOLD          12 BEST     +51.76%  +0.06  +0.41    True
   17 ORDIUSDT       HOLD           8 WATCH    +51.42%  +0.03  +0.41   False
   18 NEIROUSDT      BREAKOUT       9 WATCH    +45.19%  +0.05  +0.12    True
   19 SAPIENUSDT     EXPLOSION      9 WATCH    +44.15%  +0.06  +0.04    True
   20 GIGGLEUSDT     BREAKOUT       8 WATCH    +42.39%  +0.04  +0.16    True
   21 NEIROUSDT      RIDING         7 WATCH    +40.69%  -0.05  +0.04    True
   22 TSTUSDT        BREAKOUT      15 BEST     +40.29%  +0.12  +0.39   False
   23 GIGGLEUSDT     HOLD          15 BEST     +38.84%  +0.04  +0.33    True
   24 GIGGLEUSDT     BREAKOUT      10 STRONG   +38.79%  -0.04  +0.13    True
   25 GIGGLEUSDT     BREAKOUT      12 BEST     +36.81%  -0.01  +0.09   False
   26 AUDIOUSDT      BREAKOUT      13 BEST     +35.59%  +0.05  +0.71    True
   27 PNUTUSDT       RIDING        13 BEST     +34.23%  +0.06  +0.47   False
   28 TRBUSDT        HOLD          10 STRONG   +33.62%  +0.14  +0.19   False
   29 GIGGLEUSDT     RIDING        12 BEST     +30.93%  +0.01  +0.16   False
   30 NEIROUSDT      HOLD          13 BEST     +29.00%  +0.07  +0.10    True

Distribución de scores por signal_type (todos los alerts):
  BREAKOUT   (n= 38)  4:1 5:1 6:2 7:1 8:6 9:4 10:4 11:3 12:3 13:6 14:3 15:4
  EXPLOSION  (n= 18)  9:10 12:8
  HOLD       (n= 60)  8:1 9:5 10:2 11:12 12:27 13:9 15:4
  PREBREAK   (n=  2)  7:1 12:1
  RIDING     (n= 53)  5:2 6:1 7:4 8:3 9:3 10:12 11:12 12:11 13:4 15:1

Top 30 movers — desglose:
  Buckets: BEST=14, STRONG=7, WATCH=9
  Tipos:   {'BREAKOUT': 8, 'RIDING': 7, 'HOLD': 11, 'EXPLOSION': 4}
  Score promedio top 30: 10.8
  Move promedio top 30: +71.19%

══════════════════════════════════════════════════════════════════════
 COMPARACIÓN: config.json  vs  config_E14d.json  (14 días)
══════════════════════════════════════════════════════════════════════
  Métrica                              config.json config_E14d.json
  -------------------------------- --------------- ---------------
  Total alertas                                155             171
  BREAKOUT count                                38              38
  BEST count                                    76              81
  BEST por día (target: 10-20)                 5.4             5.8
  STRONG count                                  40              45
  Explosivos totales (>20%)                     38              39
  -------------------------------- --------------- ---------------
  ★ CATCH RATE (lo más importante):
  Top 30 movers en BEST                        14/30             14/30
  Top 30 movers en BEST+STRONG                 21/30             21/30
  -------------------------------- --------------- ---------------
  ★ CALIDAD del bucket BEST:
  Avg max 24h BEST                         +18.72%         +18.07%
  Avg drawdown BEST                         -8.75%          -9.14%
  R/R BEST                                    2.14            1.98
  Win >5% en BEST                              67%              68%
  Win >10% en BEST                             50%              49%
  -------------------------------- --------------- ---------------
  Otros:
  Avg max 24h global                       +20.13%         +18.83%
  Avg max 24h STRONG                       +19.95%         +18.23%
  Avg drawdown global                       -9.84%          -9.80%
  Win >2% global                               79%              78%
  Win >5% global                               66%              64%

[4/4] Guardando resultados...
  Guardado: C:\Users\a\scancrypto\compare_E14d_w3.json

DONE
