Período backtest: 2026-05-02 00:00:00+00:00 → 2026-05-16 00:00:00+00:00 (2 semana(s), 14d)
Scan interval simulado: 15 min

[1/4] Sin snapshots; usando top pares actuales por volumen...
  195 pares calificantes hoy (top 200 por volumen)

[2/4] Descargando klines históricas...

  Descargando 195 pares × 3 timeframes = 585 requests
  Rango: 2026-04-29 a 2026-05-16 (3d buffer + período)
    50/585 descargados...
    100/585 descargados...
    150/585 descargados...
    200/585 descargados...
    250/585 descargados...
    300/585 descargados...
    350/585 descargados...
    400/585 descargados...
    450/585 descargados...
    500/585 descargados...
    550/585 descargados...
  194/195 pares con data completa en los 3 TF

[3/4] Ejecutando simulación...

  >>> Corriendo backtest: OLD (config.json)
    [precompute] Calculando indicadores para 194 pares...

  Simulando 336h con scans cada 15min...
    [analyze] Extrayendo candidatos (1345 scans × 194 pares)...
    [analyze] 1345 scans × ~194 pares = 260930 tareas
    [analyze] 253806 candidatos encontrados
    [analyze] 253806 candidatos encontrados
    Total alertas simuladas: 304

══════════════════════════════════════════════════════════════════════
 OLD (CONFIG.JSON)
══════════════════════════════════════════════════════════════════════

Total alertas: 304

Por tipo:
  HOLD        130  (42%)
  RIDING       94  (30%)
  BREAKOUT     66  (21%)
  EXPLOSION    14  (4%)

Por bucket:
  BEST    134 — max_24h: +17.33%, drawdown: -8.41%, win >2%: 84%
  STRONG  104 — max_24h: +13.39%, drawdown: -10.78%, win >2%: 79%
  WATCH    66 — max_24h: +17.39%, drawdown: -7.85%, win >2%: 85%

CVD análisis:
  CVD bullish (>+0.05)     n=178  avg max 24h: +16.71%
  CVD neutral              n=118  avg max 24h: +14.26%
  CVD bearish (<-0.05)     n=  8  avg max 24h: +25.57%

OBV análisis:
  OBV rising (>+0.05)      n=267  avg max 24h: +15.77%
  OBV neutral              n= 37  avg max 24h: +17.60%

recent_long_ok análisis:
  True  n=259  avg max 24h: +15.76%, drawdown: -9.07%
  False n= 45  avg max 24h: +17.31%, drawdown: -9.26%

TOP 30 movers detectados:
    # Symbol         Type       Score Bucket    max24h     cvd     obv long_ok
    1 OSMOUSDT       BREAKOUT       9 WATCH   +130.05%  +0.03  +0.35    True
    2 TSTUSDT        BREAKOUT      14 BEST    +109.28%  +0.01  +0.23    True
    3 NILUSDT        BREAKOUT      11 STRONG  +109.16%  +0.05  +0.61    True
    4 SAGAUSDT       HOLD          12 BEST    +106.71%  +0.08  +0.26    True
    5 SAGAUSDT       RIDING        10 STRONG  +101.68%  -0.05  +0.33   False
    6 TSTUSDT        BREAKOUT      13 BEST     +95.17%  +0.07  +0.18    True
    7 OSMOUSDT       RIDING         9 WATCH    +93.38%  +0.05  -0.02   False
    8 DUSDT          HOLD          12 BEST     +78.15%  +0.06  +1.49    True
    9 DOGSUSDT       HOLD          12 BEST     +67.17%  +0.10  +0.65    True
   10 BABYUSDT       BREAKOUT      15 BEST     +66.79%  +0.11  +0.44    True
   11 NILUSDT        BREAKOUT       8 WATCH    +66.61%  -0.09  +0.48    True
   12 BABYUSDT       RIDING         9 WATCH    +65.67%  +0.01  +0.16    True
   13 TSTUSDT        EXPLOSION     12 BEST     +63.48%  -0.07  +0.03   False
   14 SAGAUSDT       HOLD          12 BEST     +56.69%  +0.05  +0.66    True
   15 BABYUSDT       HOLD          12 BEST     +56.28%  +0.09  +0.25    True
   16 DOGSUSDT       HOLD          12 BEST     +51.65%  +0.09  +0.13    True
   17 TSTUSDT        HOLD          12 BEST     +51.48%  +0.08  +0.34    True
   18 SAGAUSDT       BREAKOUT      10 STRONG   +51.42%  +0.01  +0.72    True
   19 TSTUSDT        BREAKOUT       6 WATCH    +50.61%  +0.20  +0.02    True
   20 BABYUSDT       HOLD          11 STRONG   +50.26%  +0.18  +0.39    True
   21 COSUSDT        HOLD          15 BEST     +50.10%  +0.06  +0.54    True
   22 JTOUSDT        HOLD          15 BEST     +49.86%  +0.13  +0.24    True
   23 SAGAUSDT       HOLD          11 STRONG   +47.26%  +0.05  +0.30    True
   24 VICUSDT        EXPLOSION      9 WATCH    +45.24%  +0.16  +0.57    True
   25 AIUSDT         BREAKOUT       9 WATCH    +44.19%  +0.10  +0.01   False
   26 NILUSDT        HOLD          12 BEST     +43.12%  +0.03  +0.07    True
   27 DOGSUSDT       HOLD          11 STRONG   +43.07%  +0.06  +0.74    True
   28 JTOUSDT        HOLD          14 BEST     +41.99%  +0.10  +0.29    True
   29 COSUSDT        RIDING        12 BEST     +41.72%  +0.06  +0.10   False
   30 SAHARAUSDT     HOLD          10 STRONG   +37.78%  +0.07  +0.09   False

Distribución de scores por signal_type (todos los alerts):
  BREAKOUT   (n= 66)  4:1 6:3 7:4 8:6 9:7 10:8 11:7 12:10 13:10 14:3 15:7
  EXPLOSION  (n= 14)  9:8 12:6
  HOLD       (n=130)  8:2 9:3 10:3 11:40 12:52 13:17 14:3 15:10
  RIDING     (n= 94)  3:1 6:4 8:7 9:20 10:25 11:21 12:11 13:5

Top 30 movers — desglose:
  Buckets: BEST=16, STRONG=7, WATCH=7
  Tipos:   {'BREAKOUT': 9, 'HOLD': 15, 'RIDING': 4, 'EXPLOSION': 2}
  Score promedio top 30: 11.3
  Move promedio top 30: +65.53%

  >>> Corriendo backtest: NEW (config_E14d.json)
    [precompute] Reutilizando indicadores cacheados (194 pares)

  Simulando 336h con scans cada 15min...
    [analyze] Extrayendo candidatos (1345 scans × 194 pares)...
    [analyze] 1345 scans × ~194 pares = 260930 tareas
    [analyze] 253806 candidatos encontrados
    [analyze] 253806 candidatos encontrados
    Total alertas simuladas: 329

══════════════════════════════════════════════════════════════════════
 NEW (CONFIG_E14D.JSON)
══════════════════════════════════════════════════════════════════════

Total alertas: 329

Por tipo:
  HOLD        131  (39%)
  RIDING      117  (35%)
  BREAKOUT     66  (20%)
  EXPLOSION    15  (4%)

Por bucket:
  BEST    145 — max_24h: +17.44%, drawdown: -8.35%, win >2%: 84%
  STRONG  113 — max_24h: +12.73%, drawdown: -10.58%, win >2%: 79%
  WATCH    71 — max_24h: +17.35%, drawdown: -7.60%, win >2%: 85%

CVD análisis:
  CVD bullish (>+0.05)     n=187  avg max 24h: +16.67%
  CVD neutral              n=130  avg max 24h: +13.92%
  CVD bearish (<-0.05)     n= 12  avg max 24h: +22.63%

OBV análisis:
  OBV rising (>+0.05)      n=284  avg max 24h: +15.45%
  OBV neutral              n= 45  avg max 24h: +18.02%

recent_long_ok análisis:
  True  n=278  avg max 24h: +15.69%, drawdown: -8.84%
  False n= 51  avg max 24h: +16.40%, drawdown: -9.58%

TOP 30 movers detectados:
    # Symbol         Type       Score Bucket    max24h     cvd     obv long_ok
    1 OSMOUSDT       BREAKOUT       9 WATCH   +130.05%  +0.03  +0.35    True
    2 TSTUSDT        BREAKOUT      14 BEST    +109.28%  +0.01  +0.23    True
    3 NILUSDT        BREAKOUT      11 STRONG  +109.16%  +0.05  +0.61    True
    4 SAGAUSDT       HOLD          12 BEST    +106.71%  +0.08  +0.26    True
    5 SAGAUSDT       RIDING        10 STRONG  +101.68%  -0.05  +0.33   False
    6 TSTUSDT        BREAKOUT      13 BEST     +95.17%  +0.07  +0.18    True
    7 OSMOUSDT       RIDING         9 WATCH    +93.38%  +0.05  -0.02   False
    8 DUSDT          HOLD          12 BEST     +78.15%  +0.06  +1.49    True
    9 DOGSUSDT       HOLD          12 BEST     +67.17%  +0.10  +0.65    True
   10 BABYUSDT       BREAKOUT      15 BEST     +66.79%  +0.11  +0.44    True
   11 NILUSDT        BREAKOUT       8 WATCH    +66.61%  -0.09  +0.48    True
   12 BABYUSDT       RIDING         9 WATCH    +65.67%  +0.01  +0.16    True
   13 JTOUSDT        RIDING        12 BEST     +64.32%  +0.13  +0.01    True
   14 TSTUSDT        EXPLOSION     12 BEST     +63.48%  -0.07  +0.03   False
   15 SAGAUSDT       HOLD          12 BEST     +56.69%  +0.05  +0.66    True
   16 BABYUSDT       HOLD          12 BEST     +56.28%  +0.09  +0.25    True
   17 DOGSUSDT       HOLD          12 BEST     +51.65%  +0.09  +0.13    True
   18 TSTUSDT        HOLD          12 BEST     +51.48%  +0.08  +0.34    True
   19 SAGAUSDT       BREAKOUT      10 STRONG   +51.42%  +0.01  +0.72    True
   20 TSTUSDT        BREAKOUT       6 WATCH    +50.61%  +0.20  +0.02    True
   21 BABYUSDT       HOLD          11 STRONG   +50.26%  +0.18  +0.39    True
   22 COSUSDT        HOLD          15 BEST     +50.10%  +0.06  +0.54    True
   23 JTOUSDT        HOLD          15 BEST     +49.86%  +0.13  +0.24    True
   24 SAGAUSDT       HOLD          11 STRONG   +47.26%  +0.05  +0.30    True
   25 VICUSDT        EXPLOSION      9 WATCH    +45.24%  +0.16  +0.57    True
   26 AIUSDT         BREAKOUT       9 WATCH    +44.19%  +0.10  +0.01   False
   27 NILUSDT        HOLD          12 BEST     +43.12%  +0.03  +0.07    True
   28 DOGSUSDT       HOLD          11 STRONG   +43.07%  +0.06  +0.74    True
   29 JTOUSDT        HOLD          14 BEST     +41.99%  +0.10  +0.29    True
   30 COSUSDT        RIDING        12 BEST     +41.72%  +0.06  +0.10   False

Distribución de scores por signal_type (todos los alerts):
  BREAKOUT   (n= 66)  4:1 6:3 7:4 8:6 9:7 10:8 11:7 12:10 13:10 14:3 15:7
  EXPLOSION  (n= 15)  9:8 12:7
  HOLD       (n=131)  8:2 9:4 10:3 11:40 12:52 13:17 14:3 15:10
  RIDING     (n=117)  3:1 6:4 7:1 8:8 9:22 10:31 11:24 12:16 13:10

Top 30 movers — desglose:
  Buckets: BEST=17, STRONG=6, WATCH=7
  Tipos:   {'BREAKOUT': 9, 'HOLD': 14, 'RIDING': 5, 'EXPLOSION': 2}
  Score promedio top 30: 11.4
  Move promedio top 30: +66.42%

══════════════════════════════════════════════════════════════════════
 COMPARACIÓN: config.json  vs  config_E14d.json  (14 días)
══════════════════════════════════════════════════════════════════════
  Métrica                              config.json config_E14d.json
  -------------------------------- --------------- ---------------
  Total alertas                                304             329
  BREAKOUT count                                66              66
  BEST count                                   134             145
  BEST por día (target: 10-20)                 9.6            10.4
  STRONG count                                 104             113
  Explosivos totales (>20%)                     78              83
  -------------------------------- --------------- ---------------
  ★ CATCH RATE (lo más importante):
  Top 30 movers en BEST                        16/30             17/30
  Top 30 movers en BEST+STRONG                 23/30             23/30
  -------------------------------- --------------- ---------------
  ★ CALIDAD del bucket BEST:
  Avg max 24h BEST                         +17.33%         +17.44%
  Avg drawdown BEST                         -8.41%          -8.35%
  R/R BEST                                    2.06            2.09
  Win >5% en BEST                              67%              69%
  Win >10% en BEST                             49%              50%
  -------------------------------- --------------- ---------------
  Otros:
  Avg max 24h global                       +15.99%         +15.80%
  Avg max 24h STRONG                       +13.39%         +12.73%
  Avg drawdown global                       -9.10%          -8.95%
  Win >2% global                               82%              82%
  Win >5% global                               64%              65%

[4/4] Guardando resultados...
  Guardado: C:\Users\a\scancrypto\compare_E14d_w1.json

DONE
