Período backtest: 2026-04-04 00:00:00+00:00 → 2026-04-18 00:00:00+00:00 (2 semana(s), 14d)
Scan interval simulado: 15 min

[1/4] Sin snapshots; usando top pares actuales por volumen...
  200 pares calificantes hoy (top 200 por volumen)

[2/4] Descargando klines históricas...

  Descargando 200 pares × 3 timeframes = 600 requests
  Rango: 2026-04-01 a 2026-04-18 (3d buffer + período)
    50/600 descargados...
    100/600 descargados...
    150/600 descargados...
    200/600 descargados...
    250/600 descargados...
    300/600 descargados...
    350/600 descargados...
    400/600 descargados...
    450/600 descargados...
    500/600 descargados...
    550/600 descargados...
  197/200 pares con data completa en los 3 TF

[3/4] Ejecutando simulación...

  >>> Corriendo backtest: OLD (config.json)
    [precompute] Calculando indicadores para 197 pares...

  Simulando 336h con scans cada 15min...
    [analyze] Extrayendo candidatos (1345 scans × 197 pares)...
    [analyze] 1345 scans × ~197 pares = 264965 tareas
    [analyze] 257873 candidatos encontrados
    [analyze] 257873 candidatos encontrados
    Total alertas simuladas: 162

══════════════════════════════════════════════════════════════════════
 OLD (CONFIG.JSON)
══════════════════════════════════════════════════════════════════════

Total alertas: 162

Por tipo:
  HOLD         62  (38%)
  BREAKOUT     42  (25%)
  RIDING       38  (23%)
  EXPLOSION    18  (11%)
  PREBREAK      2  (1%)

Por bucket:
  BEST     81 — max_24h: +18.24%, drawdown: -9.05%, win >2%: 79%
  STRONG   39 — max_24h: +20.46%, drawdown: -10.50%, win >2%: 82%
  WATCH    42 — max_24h: +20.86%, drawdown: -11.50%, win >2%: 71%

CVD análisis:
  CVD bullish (>+0.05)     n= 93  avg max 24h: +13.60%
  CVD neutral              n= 59  avg max 24h: +28.24%
  CVD bearish (<-0.05)     n= 10  avg max 24h: +22.03%

OBV análisis:
  OBV rising (>+0.05)      n=137  avg max 24h: +21.64%
  OBV neutral              n= 23  avg max 24h: +7.76%
  OBV falling (<-0.05)     n=  2  avg max 24h: +3.96%

recent_long_ok análisis:
  True  n=129  avg max 24h: +18.88%, drawdown: -10.74%
  False n= 33  avg max 24h: +21.72%, drawdown: -7.25%

TOP 30 movers detectados:
    # Symbol         Type       Score Bucket    max24h     cvd     obv long_ok
    1 ORDIUSDT       BREAKOUT      10 STRONG  +205.65%  -0.03  +0.64    True
    2 ORDIUSDT       RIDING         7 WATCH   +200.90%  -0.03  +0.81   False
    3 ORDIUSDT       HOLD          12 BEST    +178.32%  +0.04  +0.20    True
    4 MOVRUSDT       EXPLOSION      9 WATCH   +146.27%  +0.11  +0.23    True
    5 FFUSDT         EXPLOSION     12 BEST    +137.72%  -0.09  +0.54    True
    6 NEIROUSDT      HOLD          12 BEST     +88.90%  +0.04  +0.09    True
    7 NEIROUSDT      RIDING        10 STRONG   +87.68%  +0.06  +0.09    True
    8 FFUSDT         EXPLOSION      9 WATCH    +77.71%  -0.01  +0.85    True
    9 NEIROUSDT      HOLD          11 STRONG   +68.17%  +0.04  +0.17    True
   10 NEIROUSDT      RIDING         9 WATCH    +62.88%  -0.01  +0.23   False
   11 PNUTUSDT       HOLD          12 BEST     +58.94%  +0.07  +0.13    True
   12 MOVRUSDT       HOLD          12 BEST     +58.47%  +0.04  +0.65    True
   13 TSTUSDT        BREAKOUT      11 STRONG   +58.35%  +0.02  +0.31    True
   14 PNUTUSDT       RIDING        10 STRONG   +57.54%  -0.02  +0.16   False
   15 STOUSDT        HOLD          12 BEST     +57.36%  +0.04  +0.39    True
   16 BIOUSDT        HOLD          12 BEST     +54.49%  +0.05  +0.15    True
   17 ORDIUSDT       HOLD          12 BEST     +51.76%  +0.06  +0.41    True
   18 ORDIUSDT       HOLD           8 WATCH    +51.42%  +0.03  +0.41   False
   19 NEIROUSDT      BREAKOUT       9 WATCH    +45.19%  +0.05  +0.12    True
   20 GIGGLEUSDT     BREAKOUT       8 WATCH    +42.39%  +0.04  +0.16    True
   21 NEIROUSDT      RIDING         7 WATCH    +40.69%  -0.05  +0.04    True
   22 TSTUSDT        BREAKOUT      15 BEST     +40.29%  +0.12  +0.39   False
   23 GIGGLEUSDT     HOLD          15 BEST     +38.84%  +0.04  +0.33    True
   24 GIGGLEUSDT     BREAKOUT      10 STRONG   +38.79%  -0.04  +0.13    True
   25 GIGGLEUSDT     BREAKOUT      12 BEST     +36.81%  -0.01  +0.09   False
   26 AUDIOUSDT      BREAKOUT      13 BEST     +35.59%  +0.05  +0.71    True
   27 PNUTUSDT       RIDING        13 BEST     +34.23%  +0.06  +0.47   False
   28 TRBUSDT        HOLD          10 STRONG   +33.62%  +0.14  +0.19   False
   29 GIGGLEUSDT     RIDING        12 BEST     +30.93%  +0.01  +0.16   False
   30 NEIROUSDT      HOLD          13 BEST     +29.00%  +0.07  +0.10    True

Distribución de scores por signal_type (todos los alerts):
  BREAKOUT   (n= 42)  4:1 5:1 6:3 7:2 8:6 9:4 10:5 11:3 12:3 13:6 14:4 15:4
  EXPLOSION  (n= 18)  9:10 12:8
  HOLD       (n= 62)  8:1 9:4 10:2 11:11 12:30 13:9 15:5
  PREBREAK   (n=  2)  7:1 12:1
  RIDING     (n= 38)  6:1 7:2 8:3 9:3 10:7 11:11 12:6 13:4 15:1

Top 30 movers — desglose:
  Buckets: BEST=15, STRONG=7, WATCH=8
  Tipos:   {'BREAKOUT': 8, 'RIDING': 7, 'HOLD': 12, 'EXPLOSION': 3}
  Score promedio top 30: 10.9
  Move promedio top 30: +71.63%

  >>> Corriendo backtest: NEW (config_E15c.json)
    [precompute] Reutilizando indicadores cacheados (197 pares)

  Simulando 336h con scans cada 15min...
    [analyze] Extrayendo candidatos (1345 scans × 197 pares)...
    [analyze] 1345 scans × ~197 pares = 264965 tareas
    [analyze] 257873 candidatos encontrados
    [analyze] 257873 candidatos encontrados
    Total alertas simuladas: 175

══════════════════════════════════════════════════════════════════════
 NEW (CONFIG_E15C.JSON)
══════════════════════════════════════════════════════════════════════

Total alertas: 175

Por tipo:
  HOLD         66  (37%)
  RIDING       46  (26%)
  BREAKOUT     42  (24%)
  EXPLOSION    19  (10%)
  PREBREAK      2  (1%)

Por bucket:
  BEST     89 — max_24h: +17.23%, drawdown: -9.26%, win >2%: 80%
  STRONG   42 — max_24h: +20.99%, drawdown: -10.51%, win >2%: 81%
  WATCH    44 — max_24h: +20.72%, drawdown: -11.26%, win >2%: 73%

CVD análisis:
  CVD bullish (>+0.05)     n=102  avg max 24h: +13.80%
  CVD neutral              n= 63  avg max 24h: +26.98%
  CVD bearish (<-0.05)     n= 10  avg max 24h: +22.03%

OBV análisis:
  OBV rising (>+0.05)      n=149  avg max 24h: +20.99%
  OBV neutral              n= 24  avg max 24h: +7.97%
  OBV falling (<-0.05)     n=  2  avg max 24h: +3.96%

recent_long_ok análisis:
  True  n=137  avg max 24h: +18.14%, drawdown: -10.65%
  False n= 38  avg max 24h: +22.16%, drawdown: -7.93%

TOP 30 movers detectados:
    # Symbol         Type       Score Bucket    max24h     cvd     obv long_ok
    1 ORDIUSDT       BREAKOUT      10 STRONG  +205.65%  -0.03  +0.64    True
    2 ORDIUSDT       RIDING         7 WATCH   +200.90%  -0.03  +0.81   False
    3 ORDIUSDT       HOLD          12 BEST    +178.32%  +0.04  +0.20    True
    4 MOVRUSDT       EXPLOSION      9 WATCH   +146.27%  +0.11  +0.23    True
    5 FFUSDT         EXPLOSION     12 BEST    +137.72%  -0.09  +0.54    True
    6 NEIROUSDT      HOLD          12 BEST     +88.90%  +0.04  +0.09    True
    7 NEIROUSDT      RIDING        10 STRONG   +87.68%  +0.06  +0.09    True
    8 TSTUSDT        HOLD          10 STRONG   +81.71%  +0.06  +0.13   False
    9 FFUSDT         EXPLOSION      9 WATCH    +77.71%  -0.01  +0.85    True
   10 NEIROUSDT      HOLD          11 STRONG   +68.17%  +0.04  +0.17    True
   11 NEIROUSDT      RIDING         9 WATCH    +62.88%  -0.01  +0.23   False
   12 PNUTUSDT       HOLD          12 BEST     +58.94%  +0.07  +0.13    True
   13 MOVRUSDT       HOLD          12 BEST     +58.47%  +0.04  +0.65    True
   14 TSTUSDT        BREAKOUT      11 STRONG   +58.35%  +0.02  +0.31    True
   15 PNUTUSDT       RIDING        10 STRONG   +57.54%  -0.02  +0.16   False
   16 STOUSDT        HOLD          12 BEST     +57.36%  +0.04  +0.39    True
   17 BIOUSDT        HOLD          12 BEST     +54.49%  +0.05  +0.15    True
   18 ORDIUSDT       HOLD          12 BEST     +51.76%  +0.06  +0.41    True
   19 ORDIUSDT       HOLD           8 WATCH    +51.42%  +0.03  +0.41   False
   20 NEIROUSDT      BREAKOUT       9 WATCH    +45.19%  +0.05  +0.12    True
   21 GIGGLEUSDT     BREAKOUT       8 WATCH    +42.39%  +0.04  +0.16    True
   22 NEIROUSDT      RIDING         7 WATCH    +40.69%  -0.05  +0.04    True
   23 TSTUSDT        BREAKOUT      15 BEST     +40.29%  +0.12  +0.39   False
   24 GIGGLEUSDT     HOLD          15 BEST     +38.84%  +0.04  +0.33    True
   25 GIGGLEUSDT     BREAKOUT      10 STRONG   +38.79%  -0.04  +0.13    True
   26 GIGGLEUSDT     BREAKOUT      12 BEST     +36.81%  -0.01  +0.09   False
   27 AUDIOUSDT      BREAKOUT      13 BEST     +35.59%  +0.05  +0.71    True
   28 PNUTUSDT       RIDING        13 BEST     +34.23%  +0.06  +0.47   False
   29 TRBUSDT        HOLD          10 STRONG   +33.62%  +0.14  +0.19   False
   30 GIGGLEUSDT     RIDING        12 BEST     +30.93%  +0.01  +0.16   False

Distribución de scores por signal_type (todos los alerts):
  BREAKOUT   (n= 42)  4:1 5:1 6:3 7:2 8:6 9:4 10:5 11:3 12:3 13:6 14:4 15:4
  EXPLOSION  (n= 19)  9:11 12:8
  HOLD       (n= 66)  8:1 9:5 10:4 11:11 12:30 13:9 15:6
  PREBREAK   (n=  2)  7:1 12:1
  RIDING     (n= 46)  6:1 7:2 8:4 9:2 10:8 11:11 12:13 13:4 15:1

Top 30 movers — desglose:
  Buckets: BEST=14, STRONG=8, WATCH=8
  Tipos:   {'BREAKOUT': 8, 'RIDING': 7, 'HOLD': 12, 'EXPLOSION': 3}
  Score promedio top 30: 10.8
  Move promedio top 30: +73.39%

══════════════════════════════════════════════════════════════════════
 COMPARACIÓN: config.json  vs  config_E15c.json  (14 días)
══════════════════════════════════════════════════════════════════════
  Métrica                              config.json config_E15c.json
  -------------------------------- --------------- ---------------
  Total alertas                                162             175
  BREAKOUT count                                42              42
  BEST count                                    81              89
  BEST por día (target: 10-20)                 5.8             6.4
  STRONG count                                  39              42
  Explosivos totales (>20%)                     38              40
  -------------------------------- --------------- ---------------
  ★ CATCH RATE (lo más importante):
  Top 30 movers en BEST                        15/30             14/30
  Top 30 movers en BEST+STRONG                 22/30             22/30
  -------------------------------- --------------- ---------------
  ★ CALIDAD del bucket BEST:
  Avg max 24h BEST                         +18.24%         +17.23%
  Avg drawdown BEST                         -9.05%          -9.26%
  R/R BEST                                    2.02            1.86
  Win >5% en BEST                              63%              63%
  Win >10% en BEST                             46%              44%
  -------------------------------- --------------- ---------------
  Otros:
  Avg max 24h global                       +19.45%         +19.01%
  Avg max 24h STRONG                       +20.46%         +20.99%
  Avg drawdown global                      -10.03%         -10.06%
  Win >2% global                               78%              78%
  Win >5% global                               63%              63%

[4/4] Guardando resultados...
  Guardado: C:\Users\a\scancrypto\compare_E15c_w3.json

DONE
