Período backtest: 2026-03-21 00:00:00+00:00 → 2026-04-04 00:00:00+00:00 (2 semana(s), 14d)
Scan interval simulado: 15 min

[1/4] Sin snapshots; usando top pares actuales por volumen...
  200 pares calificantes hoy (top 200 por volumen)

[2/4] Descargando klines históricas...

  Descargando 200 pares × 3 timeframes = 600 requests
  Rango: 2026-03-18 a 2026-04-04 (3d buffer + período)
    50/600 descargados...
    100/600 descargados...
    150/600 descargados...
    200/600 descargados...
    250/600 descargados...
    300/600 descargados...
    350/600 descargados...
    400/600 descargados...
    450/600 descargados...
    500/600 descargados...
    550/600 descargados...
  197/200 pares con data completa en los 3 TF

[3/4] Ejecutando simulación...

  >>> Corriendo backtest: OLD (config.json)
    [precompute] Calculando indicadores para 197 pares...

  Simulando 336h con scans cada 15min...
    [analyze] Extrayendo candidatos (1345 scans × 197 pares)...
    [analyze] 1345 scans × ~197 pares = 264965 tareas
    [analyze] 256997 candidatos encontrados
    [analyze] 256997 candidatos encontrados
    Total alertas simuladas: 138

══════════════════════════════════════════════════════════════════════
 OLD (CONFIG.JSON)
══════════════════════════════════════════════════════════════════════

Total alertas: 138

Por tipo:
  HOLD         47  (34%)
  RIDING       44  (31%)
  BREAKOUT     32  (23%)
  EXPLOSION    15  (10%)

Por bucket:
  BEST     54 — max_24h: +30.59%, drawdown: -12.36%, win >2%: 80%
  STRONG   37 — max_24h: +13.05%, drawdown: -9.43%, win >2%: 73%
  WATCH    47 — max_24h: +20.58%, drawdown: -8.19%, win >2%: 89%

CVD análisis:
  CVD bullish (>+0.05)     n= 76  avg max 24h: +12.50%
  CVD neutral              n= 57  avg max 24h: +36.89%
  CVD bearish (<-0.05)     n=  5  avg max 24h: +9.88%

OBV análisis:
  OBV rising (>+0.05)      n=115  avg max 24h: +22.86%
  OBV neutral              n= 23  avg max 24h: +20.56%

recent_long_ok análisis:
  True  n=112  avg max 24h: +20.30%, drawdown: -10.58%
  False n= 26  avg max 24h: +31.86%, drawdown: -8.32%

TOP 30 movers detectados:
    # Symbol         Type       Score Bucket    max24h     cvd     obv long_ok
    1 STOUSDT        HOLD          12 BEST    +313.23%  +0.04  +0.07    True
    2 STOUSDT        RIDING        15 BEST    +248.51%  +0.04  +0.15   False
    3 STOUSDT        HOLD          12 BEST    +189.27%  +0.04  +0.28    True
    4 STOUSDT        HOLD          12 BEST    +164.35%  +0.03  +0.27    True
    5 STOUSDT        HOLD           8 WATCH   +159.50%  +0.05  +0.13   False
    6 STOUSDT        RIDING        11 STRONG  +143.89%  +0.04  +0.02   False
    7 STOUSDT        HOLD          12 BEST    +109.20%  +0.04  +0.17    True
    8 CTSIUSDT       HOLD          12 BEST    +103.61%  +0.24  +0.38    True
    9 CTSIUSDT       EXPLOSION      9 WATCH    +88.22%  +0.09  +0.02    True
   10 HEMIUSDT       BREAKOUT      13 BEST     +63.70%  -0.05  +0.08    True
   11 FIDAUSDT       BREAKOUT       9 WATCH    +58.73%  +0.13  +0.31    True
   12 HEMIUSDT       BREAKOUT       6 WATCH    +55.06%  -0.02  +0.39    True
   13 CUSDT          EXPLOSION      9 WATCH    +51.52%  -0.02  +0.20    True
   14 DUSDT          EXPLOSION      9 WATCH    +50.87%  -0.04  +0.13    True
   15 XPLUSDT        BREAKOUT      10 STRONG   +46.57%  +0.17  +0.14    True
   16 HEMIUSDT       BREAKOUT       8 WATCH    +38.65%  +0.01  +0.43    True
   17 CUSDT          BREAKOUT      13 BEST     +36.83%  +0.11  +0.01    True
   18 CUSDT          BREAKOUT       9 WATCH    +34.54%  +0.23  +0.01    True
   19 FIDAUSDT       EXPLOSION      9 WATCH    +34.03%  -0.02  +0.36    True
   20 HEMIUSDT       RIDING        10 STRONG   +30.65%  -0.02  +0.24   False
   21 XPLUSDT        RIDING        11 STRONG   +30.11%  +0.05  +0.19    True
   22 STOUSDT        BREAKOUT       6 WATCH    +27.84%  +0.01  +0.05    True
   23 BANANAS31USDT  RIDING         9 WATCH    +27.81%  +0.02  +2.94   False
   24 STOUSDT        RIDING         8 WATCH    +26.78%  -0.25  +0.03   False
   25 CUSDT          HOLD          12 BEST     +26.27%  +0.05  +0.13    True
   26 XPLUSDT        HOLD          12 BEST     +26.08%  +0.06  +0.30    True
   27 DUSKUSDT       BREAKOUT       8 WATCH    +25.64%  +0.17  +0.11    True
   28 DUSKUSDT       HOLD          15 BEST     +24.01%  +0.30  +0.22    True
   29 DUSDT          EXPLOSION      9 WATCH    +23.43%  -0.01  +0.06    True
   30 DUSKUSDT       HOLD          12 BEST     +22.96%  +0.15  +0.09    True

Distribución de scores por signal_type (todos los alerts):
  BREAKOUT   (n= 32)  4:1 6:2 8:5 9:4 10:4 11:6 12:1 13:4 14:2 15:3
  EXPLOSION  (n= 15)  9:12 12:3
  HOLD       (n= 47)  8:3 9:3 10:3 11:6 12:24 13:4 15:4
  RIDING     (n= 44)  6:2 8:4 9:11 10:12 11:6 12:7 13:1 15:1

Top 30 movers — desglose:
  Buckets: BEST=12, STRONG=4, WATCH=14
  Tipos:   {'HOLD': 10, 'RIDING': 6, 'EXPLOSION': 5, 'BREAKOUT': 9}
  Score promedio top 30: 10.3
  Move promedio top 30: +76.06%

  >>> Corriendo backtest: NEW (config_E13b.json)
    [precompute] Reutilizando indicadores cacheados (197 pares)

  Simulando 336h con scans cada 15min...
    [analyze] Reutilizando 256997 candidatos cacheados (1345 scans)
    Total alertas simuladas: 165

══════════════════════════════════════════════════════════════════════
 NEW (CONFIG_E13B.JSON)
══════════════════════════════════════════════════════════════════════

Total alertas: 165

Por tipo:
  HOLD         60  (36%)
  BREAKOUT     46  (27%)
  RIDING       44  (26%)
  EXPLOSION    15  (9%)

Por bucket:
  BEST     57 — max_24h: +29.56%, drawdown: -11.84%, win >2%: 81%
  STRONG   49 — max_24h: +12.68%, drawdown: -9.17%, win >2%: 73%
  WATCH    59 — max_24h: +20.68%, drawdown: -8.07%, win >2%: 83%

CVD análisis:
  CVD bullish (>+0.05)     n= 95  avg max 24h: +12.35%
  CVD neutral              n= 65  avg max 24h: +35.44%
  CVD bearish (<-0.05)     n=  5  avg max 24h: +9.88%

OBV análisis:
  OBV rising (>+0.05)      n=136  avg max 24h: +20.97%
  OBV neutral              n= 29  avg max 24h: +23.23%

recent_long_ok análisis:
  True  n=135  avg max 24h: +19.75%, drawdown: -10.10%
  False n= 30  avg max 24h: +28.67%, drawdown: -7.87%

TOP 30 movers detectados:
    # Symbol         Type       Score Bucket    max24h     cvd     obv long_ok
    1 STOUSDT        HOLD          12 BEST    +313.23%  +0.04  +0.07    True
    2 STOUSDT        RIDING        15 BEST    +248.51%  +0.04  +0.15   False
    3 STOUSDT        HOLD          12 BEST    +189.27%  +0.04  +0.28    True
    4 STOUSDT        HOLD          12 BEST    +164.35%  +0.03  +0.27    True
    5 STOUSDT        HOLD           8 WATCH   +159.50%  +0.05  +0.13   False
    6 STOUSDT        RIDING        11 STRONG  +143.89%  +0.04  +0.02   False
    7 DUSDT          BREAKOUT       8 WATCH   +126.15%  +0.01  +0.03    True
    8 STOUSDT        HOLD          12 BEST    +109.20%  +0.04  +0.17    True
    9 CTSIUSDT       HOLD          12 BEST    +103.61%  +0.24  +0.38    True
   10 CTSIUSDT       EXPLOSION      9 WATCH    +88.22%  +0.09  +0.02    True
   11 KATUSDT        HOLD           9 WATCH    +77.46%  +0.07  +2.05    True
   12 HEMIUSDT       BREAKOUT      13 BEST     +63.70%  -0.05  +0.08    True
   13 FIDAUSDT       BREAKOUT       9 WATCH    +58.73%  +0.13  +0.31    True
   14 HEMIUSDT       BREAKOUT       6 WATCH    +55.06%  -0.02  +0.39    True
   15 CUSDT          EXPLOSION      9 WATCH    +51.52%  -0.02  +0.20    True
   16 DUSDT          EXPLOSION      9 WATCH    +50.87%  -0.04  +0.13    True
   17 XPLUSDT        BREAKOUT      10 STRONG   +46.57%  +0.17  +0.14    True
   18 CUSDT          BREAKOUT      10 STRONG   +41.43%  +0.30  +0.01    True
   19 CUSDT          HOLD          10 STRONG   +41.32%  +0.03  +0.12    True
   20 HEMIUSDT       BREAKOUT       8 WATCH    +38.65%  +0.01  +0.43    True
   21 CUSDT          BREAKOUT      13 BEST     +36.83%  +0.11  +0.01    True
   22 CUSDT          BREAKOUT       9 WATCH    +34.54%  +0.23  +0.01    True
   23 FIDAUSDT       EXPLOSION      9 WATCH    +34.03%  -0.02  +0.36    True
   24 HEMIUSDT       RIDING        10 STRONG   +30.65%  -0.02  +0.24   False
   25 XPLUSDT        RIDING        11 STRONG   +30.11%  +0.05  +0.19    True
   26 STOUSDT        BREAKOUT       6 WATCH    +27.84%  +0.01  +0.05    True
   27 BANANAS31USDT  RIDING         9 WATCH    +27.81%  +0.02  +2.94   False
   28 STOUSDT        RIDING         8 WATCH    +26.78%  -0.25  +0.03   False
   29 CUSDT          HOLD          12 BEST     +26.27%  +0.05  +0.13    True
   30 XPLUSDT        HOLD          12 BEST     +26.08%  +0.06  +0.30    True

Distribución de scores por signal_type (todos los alerts):
  BREAKOUT   (n= 46)  1:1 4:2 6:3 7:3 8:6 9:6 10:7 11:6 12:3 13:4 14:2 15:3
  EXPLOSION  (n= 15)  9:12 12:3
  HOLD       (n= 60)  8:3 9:6 10:9 11:9 12:25 13:4 15:4
  RIDING     (n= 44)  6:2 8:4 9:11 10:12 11:6 12:7 13:1 15:1

Top 30 movers — desglose:
  Buckets: BEST=10, STRONG=6, WATCH=14
  Tipos:   {'HOLD': 10, 'RIDING': 6, 'BREAKOUT': 10, 'EXPLOSION': 4}
  Score promedio top 30: 10.1
  Move promedio top 30: +82.41%

══════════════════════════════════════════════════════════════════════
 COMPARACIÓN: config.json  vs  config_E13b.json  (14 días)
══════════════════════════════════════════════════════════════════════
  Métrica                              config.json config_E13b.json
  -------------------------------- --------------- ---------------
  Total alertas                                138             165
  BREAKOUT count                                32              46
  BEST count                                    54              57
  BEST por día (target: 10-20)                 3.9             4.1
  STRONG count                                  37              49
  Explosivos totales (>20%)                     35              40
  -------------------------------- --------------- ---------------
  ★ CATCH RATE (lo más importante):
  Top 30 movers en BEST                        12/30             10/30
  Top 30 movers en BEST+STRONG                 16/30             16/30
  -------------------------------- --------------- ---------------
  ★ CALIDAD del bucket BEST:
  Avg max 24h BEST                         +30.59%         +29.56%
  Avg drawdown BEST                        -12.36%         -11.84%
  R/R BEST                                    2.47            2.50
  Win >5% en BEST                              70%              70%
  Win >10% en BEST                             46%              46%
  -------------------------------- --------------- ---------------
  Otros:
  Avg max 24h global                       +22.48%         +21.37%
  Avg max 24h STRONG                       +13.05%         +12.68%
  Avg drawdown global                      -10.15%          -9.70%
  Win >2% global                               81%              79%
  Win >5% global                               68%              66%

[4/4] Guardando resultados...
  Guardado: C:\Users\a\scancrypto\compare_E13b_w4.json

DONE
