Período backtest: 2026-03-21 00:00:00+00:00 → 2026-04-04 00:00:00+00:00 (2 semana(s), 14d)
Scan interval simulado: 15 min

[1/4] Sin snapshots; usando top pares actuales por volumen...
  196 pares calificantes hoy (top 200 por volumen)

[2/4] Descargando klines históricas...

  Descargando 196 pares × 3 timeframes = 588 requests
  Rango: 2026-03-18 a 2026-04-04 (3d buffer + período)
    50/588 descargados...
    100/588 descargados...
    150/588 descargados...
    200/588 descargados...
    250/588 descargados...
    300/588 descargados...
    350/588 descargados...
    400/588 descargados...
    450/588 descargados...
    500/588 descargados...
    550/588 descargados...
  193/196 pares con data completa en los 3 TF

[3/4] Ejecutando simulación...

  >>> Corriendo backtest: OLD (config.json)
    [precompute] Calculando indicadores para 193 pares...

  Simulando 336h con scans cada 15min...
    [analyze] Extrayendo candidatos (1345 scans × 193 pares)...
    [analyze] 1345 scans × ~193 pares = 259585 tareas
    [analyze] 251761 candidatos encontrados
    [analyze] 251761 candidatos encontrados
    Total alertas simuladas: 108

══════════════════════════════════════════════════════════════════════
 OLD (CONFIG.JSON)
══════════════════════════════════════════════════════════════════════

Total alertas: 108

Por tipo:
  RIDING       36  (33%)
  HOLD         32  (29%)
  BREAKOUT     25  (23%)
  EXPLOSION    15  (13%)

Por bucket:
  BEST     41 — max_24h: +10.46%, drawdown: -9.15%, win >2%: 80%
  STRONG   27 — max_24h: +9.88%, drawdown: -9.90%, win >2%: 74%
  WATCH    40 — max_24h: +14.43%, drawdown: -8.19%, win >2%: 88%

CVD análisis:
  CVD bullish (>+0.05)     n= 64  avg max 24h: +10.28%
  CVD neutral              n= 41  avg max 24h: +14.58%
  CVD bearish (<-0.05)     n=  3  avg max 24h: +5.71%

OBV análisis:
  OBV rising (>+0.05)      n= 93  avg max 24h: +12.35%
  OBV neutral              n= 15  avg max 24h: +8.32%

recent_long_ok análisis:
  True  n= 92  avg max 24h: +11.48%, drawdown: -9.53%
  False n= 16  avg max 24h: +13.55%, drawdown: -5.85%

TOP 30 movers detectados:
    # Symbol         Type       Score Bucket    max24h     cvd     obv long_ok
    1 HEMIUSDT       BREAKOUT      13 BEST     +63.70%  -0.05  +0.08    True
    2 FIDAUSDT       BREAKOUT       9 WATCH    +58.73%  +0.13  +0.31    True
    3 HEMIUSDT       BREAKOUT       6 WATCH    +55.06%  -0.02  +0.39    True
    4 DUSDT          EXPLOSION      9 WATCH    +50.87%  -0.04  +0.13    True
    5 XPLUSDT        BREAKOUT      10 STRONG   +46.57%  +0.17  +0.14    True
    6 HEMIUSDT       BREAKOUT       8 WATCH    +38.65%  +0.01  +0.43    True
    7 FIDAUSDT       EXPLOSION      9 WATCH    +34.03%  -0.02  +0.36    True
    8 HEMIUSDT       RIDING        10 STRONG   +30.65%  -0.02  +0.24   False
    9 XPLUSDT        RIDING        11 STRONG   +30.11%  +0.05  +0.19    True
   10 BANANAS31USDT  RIDING         9 WATCH    +27.81%  +0.02  +2.94   False
   11 XPLUSDT        HOLD          12 BEST     +26.08%  +0.06  +0.30    True
   12 DUSKUSDT       BREAKOUT       8 WATCH    +25.64%  +0.17  +0.11    True
   13 DUSKUSDT       HOLD          15 BEST     +24.01%  +0.30  +0.22    True
   14 DUSDT          EXPLOSION      9 WATCH    +23.43%  -0.01  +0.06    True
   15 DUSKUSDT       HOLD          12 BEST     +22.96%  +0.15  +0.09    True
   16 DUSKUSDT       BREAKOUT      14 BEST     +22.16%  +0.10  +0.10    True
   17 DUSKUSDT       HOLD           8 WATCH    +20.92%  +0.14  +0.10   False
   18 VICUSDT        RIDING        12 BEST     +20.70%  +0.04  +0.03    True
   19 VICUSDT        RIDING        10 STRONG   +20.20%  -0.00  +0.06   False
   20 DUSKUSDT       RIDING        11 STRONG   +19.16%  +0.21  +0.11    True
   21 ZBTUSDT        RIDING         8 WATCH    +19.00%  +0.11  -0.03    True
   22 DEXEUSDT       HOLD          13 BEST     +18.40%  +0.09  +0.09    True
   23 COSUSDT        BREAKOUT       6 WATCH    +17.87%  -0.02  +0.04    True
   24 DEXEUSDT       BREAKOUT      13 BEST     +17.75%  +0.09  +0.13   False
   25 DUSKUSDT       HOLD           8 WATCH    +17.64%  +0.12  +0.12   False
   26 BANANAS31USDT  HOLD          12 BEST     +16.72%  +0.04  +2.04    True
   27 CFGUSDT        BREAKOUT      11 STRONG   +16.38%  +0.02  +0.37    True
   28 COSUSDT        HOLD          13 BEST     +16.31%  +0.07  +0.06    True
   29 DUSKUSDT       RIDING         6 WATCH    +15.90%  -0.07  +0.08   False
   30 DODOUSDT       EXPLOSION      9 WATCH    +15.32%  +0.18  +0.36    True

Distribución de scores por signal_type (todos los alerts):
  BREAKOUT   (n= 25)  4:1 6:2 8:4 9:3 10:4 11:2 12:1 13:2 14:3 15:3
  EXPLOSION  (n= 15)  9:12 12:3
  HOLD       (n= 32)  8:2 9:1 10:1 11:5 12:14 13:6 15:3
  RIDING     (n= 36)  6:2 8:2 9:11 10:11 11:4 12:6

Top 30 movers — desglose:
  Buckets: BEST=10, STRONG=6, WATCH=14
  Tipos:   {'BREAKOUT': 10, 'EXPLOSION': 4, 'RIDING': 8, 'HOLD': 8}
  Score promedio top 30: 10.1
  Move promedio top 30: +27.76%

  >>> Corriendo backtest: NEW (config_E14d.json)
    [precompute] Reutilizando indicadores cacheados (193 pares)

  Simulando 336h con scans cada 15min...
    [analyze] Extrayendo candidatos (1345 scans × 193 pares)...
    [analyze] 1345 scans × ~193 pares = 259585 tareas
    [analyze] 251761 candidatos encontrados
    [analyze] 251761 candidatos encontrados
    Total alertas simuladas: 116

══════════════════════════════════════════════════════════════════════
 NEW (CONFIG_E14D.JSON)
══════════════════════════════════════════════════════════════════════

Total alertas: 116

Por tipo:
  RIDING       43  (37%)
  HOLD         32  (27%)
  BREAKOUT     25  (21%)
  EXPLOSION    16  (13%)

Por bucket:
  BEST     42 — max_24h: +10.47%, drawdown: -9.35%, win >2%: 81%
  STRONG   29 — max_24h: +9.42%, drawdown: -9.75%, win >2%: 76%
  WATCH    45 — max_24h: +13.59%, drawdown: -7.89%, win >2%: 87%

CVD análisis:
  CVD bullish (>+0.05)     n= 66  avg max 24h: +10.09%
  CVD neutral              n= 45  avg max 24h: +13.82%
  CVD bearish (<-0.05)     n=  5  avg max 24h: +7.37%

OBV análisis:
  OBV rising (>+0.05)      n= 98  avg max 24h: +11.96%
  OBV neutral              n= 18  avg max 24h: +8.50%

recent_long_ok análisis:
  True  n= 98  avg max 24h: +11.16%, drawdown: -9.25%
  False n= 18  avg max 24h: +12.85%, drawdown: -6.91%

TOP 30 movers detectados:
    # Symbol         Type       Score Bucket    max24h     cvd     obv long_ok
    1 HEMIUSDT       BREAKOUT      13 BEST     +63.70%  -0.05  +0.08    True
    2 FIDAUSDT       BREAKOUT       9 WATCH    +58.73%  +0.13  +0.31    True
    3 HEMIUSDT       BREAKOUT       6 WATCH    +55.06%  -0.02  +0.39    True
    4 DUSDT          EXPLOSION      9 WATCH    +50.87%  -0.04  +0.13    True
    5 XPLUSDT        BREAKOUT      10 STRONG   +46.57%  +0.17  +0.14    True
    6 HEMIUSDT       BREAKOUT       8 WATCH    +38.65%  +0.01  +0.43    True
    7 FIDAUSDT       EXPLOSION      9 WATCH    +34.03%  -0.02  +0.36    True
    8 HEMIUSDT       RIDING        10 STRONG   +30.65%  -0.02  +0.24   False
    9 XPLUSDT        RIDING        11 STRONG   +30.11%  +0.05  +0.19    True
   10 BANANAS31USDT  RIDING         9 WATCH    +27.81%  +0.02  +2.94   False
   11 XPLUSDT        HOLD          12 BEST     +26.08%  +0.06  +0.30    True
   12 DUSKUSDT       BREAKOUT       8 WATCH    +25.64%  +0.17  +0.11    True
   13 DUSKUSDT       HOLD          15 BEST     +24.01%  +0.30  +0.22    True
   14 DUSDT          EXPLOSION      9 WATCH    +23.43%  -0.01  +0.06    True
   15 DUSKUSDT       HOLD          12 BEST     +22.96%  +0.15  +0.09    True
   16 DUSKUSDT       BREAKOUT      14 BEST     +22.16%  +0.10  +0.10    True
   17 DUSKUSDT       HOLD           8 WATCH    +20.92%  +0.14  +0.10   False
   18 VICUSDT        RIDING        12 BEST     +20.70%  +0.04  +0.03    True
   19 VICUSDT        RIDING        10 STRONG   +20.20%  -0.00  +0.06   False
   20 DUSKUSDT       RIDING        11 STRONG   +19.16%  +0.21  +0.11    True
   21 ZBTUSDT        RIDING         8 WATCH    +19.00%  +0.11  -0.03    True
   22 DEXEUSDT       HOLD          13 BEST     +18.40%  +0.09  +0.09    True
   23 COSUSDT        BREAKOUT       6 WATCH    +17.87%  -0.02  +0.04    True
   24 DEXEUSDT       BREAKOUT      13 BEST     +17.75%  +0.09  +0.13   False
   25 DUSKUSDT       HOLD           8 WATCH    +17.64%  +0.12  +0.12   False
   26 BANANAS31USDT  HOLD          12 BEST     +16.72%  +0.04  +2.04    True
   27 CFGUSDT        BREAKOUT      11 STRONG   +16.38%  +0.02  +0.37    True
   28 COSUSDT        HOLD          13 BEST     +16.31%  +0.07  +0.06    True
   29 DUSKUSDT       RIDING         6 WATCH    +15.90%  -0.07  +0.08   False
   30 DODOUSDT       EXPLOSION      9 WATCH    +15.32%  +0.18  +0.36    True

Distribución de scores por signal_type (todos los alerts):
  BREAKOUT   (n= 25)  4:1 6:2 8:4 9:3 10:4 11:2 12:1 13:2 14:3 15:3
  EXPLOSION  (n= 16)  9:13 12:3
  HOLD       (n= 32)  8:2 9:1 10:1 11:5 12:14 13:6 15:3
  RIDING     (n= 43)  6:2 7:2 8:3 9:12 10:12 11:5 12:6 14:1

Top 30 movers — desglose:
  Buckets: BEST=10, STRONG=6, WATCH=14
  Tipos:   {'BREAKOUT': 10, 'EXPLOSION': 4, 'RIDING': 8, 'HOLD': 8}
  Score promedio top 30: 10.1
  Move promedio top 30: +27.76%

══════════════════════════════════════════════════════════════════════
 COMPARACIÓN: config.json  vs  config_E14d.json  (14 días)
══════════════════════════════════════════════════════════════════════
  Métrica                              config.json config_E14d.json
  -------------------------------- --------------- ---------------
  Total alertas                                108             116
  BREAKOUT count                                25              25
  BEST count                                    41              42
  BEST por día (target: 10-20)                 2.9             3.0
  STRONG count                                  27              29
  Explosivos totales (>20%)                     19              19
  -------------------------------- --------------- ---------------
  ★ CATCH RATE (lo más importante):
  Top 30 movers en BEST                        10/30             10/30
  Top 30 movers en BEST+STRONG                 16/30             16/30
  -------------------------------- --------------- ---------------
  ★ CALIDAD del bucket BEST:
  Avg max 24h BEST                         +10.46%         +10.47%
  Avg drawdown BEST                         -9.15%          -9.35%
  R/R BEST                                    1.14            1.12
  Win >5% en BEST                              68%              69%
  Win >10% en BEST                             37%              38%
  -------------------------------- --------------- ---------------
  Otros:
  Avg max 24h global                       +11.79%         +11.42%
  Avg max 24h STRONG                        +9.88%          +9.42%
  Avg drawdown global                       -8.98%          -8.89%
  Win >2% global                               81%              82%
  Win >5% global                               66%              64%

[4/4] Guardando resultados...
  Guardado: C:\Users\a\scancrypto\compare_E14d_w4.json

DONE
