Período backtest: 2026-05-02 00:00:00+00:00 → 2026-05-16 00:00:00+00:00 (2 semana(s), 14d)
Scan interval simulado: 15 min

[1/4] Sin snapshots; usando top pares actuales por volumen...
  200 pares calificantes hoy (top 200 por volumen)

[2/4] Descargando klines históricas...

  Descargando 200 pares × 3 timeframes = 600 requests
  Rango: 2026-04-29 a 2026-05-16 (3d buffer + período)
    50/600 descargados...
    100/600 descargados...
    150/600 descargados...
    200/600 descargados...
    250/600 descargados...
    300/600 descargados...
    350/600 descargados...
    400/600 descargados...
    450/600 descargados...
    500/600 descargados...
    550/600 descargados...
  199/200 pares con data completa en los 3 TF

[3/4] Ejecutando simulación...

  >>> Corriendo backtest: OLD (config.json)
    [precompute] Calculando indicadores para 199 pares...

  Simulando 336h con scans cada 15min...
    [analyze] Extrayendo candidatos (1345 scans × 199 pares)...
    [analyze] 1345 scans × ~199 pares = 267655 tareas
    [analyze] 260351 candidatos encontrados
    [analyze] 260351 candidatos encontrados
    Total alertas simuladas: 309

══════════════════════════════════════════════════════════════════════
 OLD (CONFIG.JSON)
══════════════════════════════════════════════════════════════════════

Total alertas: 309

Por tipo:
  HOLD        132  (42%)
  RIDING       95  (30%)
  BREAKOUT     68  (22%)
  EXPLOSION    14  (4%)

Por bucket:
  BEST    135 — max_24h: +17.23%, drawdown: -8.22%, win >2%: 83%
  STRONG  107 — max_24h: +13.16%, drawdown: -10.80%, win >2%: 79%
  WATCH    67 — max_24h: +17.19%, drawdown: -7.84%, win >2%: 85%

CVD análisis:
  CVD bullish (>+0.05)     n=179  avg max 24h: +16.58%
  CVD neutral              n=122  avg max 24h: +14.04%
  CVD bearish (<-0.05)     n=  8  avg max 24h: +25.57%

OBV análisis:
  OBV rising (>+0.05)      n=271  avg max 24h: +15.62%
  OBV neutral              n= 38  avg max 24h: +17.19%

recent_long_ok análisis:
  True  n=264  avg max 24h: +15.56%, drawdown: -9.00%
  False n= 45  avg max 24h: +17.31%, drawdown: -9.26%

TOP 30 movers detectados:
    # Symbol         Type       Score Bucket    max24h     cvd     obv long_ok
    1 OSMOUSDT       BREAKOUT       9 WATCH   +130.05%  +0.03  +0.35    True
    2 TSTUSDT        BREAKOUT      14 BEST    +109.28%  +0.01  +0.23    True
    3 NILUSDT        BREAKOUT      11 STRONG  +109.16%  +0.05  +0.61    True
    4 SAGAUSDT       HOLD          12 BEST    +106.71%  +0.08  +0.26    True
    5 SAGAUSDT       RIDING        10 STRONG  +101.68%  -0.05  +0.33   False
    6 TSTUSDT        BREAKOUT      13 BEST     +95.17%  +0.07  +0.18    True
    7 OSMOUSDT       RIDING         9 WATCH    +93.38%  +0.05  -0.02   False
    8 DUSDT          HOLD          12 BEST     +78.15%  +0.06  +1.49    True
    9 DOGSUSDT       HOLD          12 BEST     +67.17%  +0.10  +0.65    True
   10 BABYUSDT       BREAKOUT      15 BEST     +66.79%  +0.11  +0.44    True
   11 NILUSDT        BREAKOUT       8 WATCH    +66.61%  -0.09  +0.48    True
   12 BABYUSDT       RIDING         9 WATCH    +65.67%  +0.01  +0.16    True
   13 TSTUSDT        EXPLOSION     12 BEST     +63.48%  -0.07  +0.03   False
   14 SAGAUSDT       HOLD          12 BEST     +56.69%  +0.05  +0.66    True
   15 BABYUSDT       HOLD          12 BEST     +56.28%  +0.09  +0.25    True
   16 DOGSUSDT       HOLD          12 BEST     +51.65%  +0.09  +0.13    True
   17 TSTUSDT        HOLD          12 BEST     +51.48%  +0.08  +0.34    True
   18 SAGAUSDT       BREAKOUT      10 STRONG   +51.42%  +0.01  +0.72    True
   19 TSTUSDT        BREAKOUT       6 WATCH    +50.61%  +0.20  +0.02    True
   20 BABYUSDT       HOLD          11 STRONG   +50.26%  +0.18  +0.39    True
   21 COSUSDT        HOLD          15 BEST     +50.10%  +0.06  +0.54    True
   22 JTOUSDT        HOLD          15 BEST     +49.86%  +0.13  +0.24    True
   23 SAGAUSDT       HOLD          11 STRONG   +47.26%  +0.05  +0.30    True
   24 VICUSDT        EXPLOSION      9 WATCH    +45.24%  +0.16  +0.57    True
   25 AIUSDT         BREAKOUT       9 WATCH    +44.19%  +0.10  +0.01   False
   26 NILUSDT        HOLD          12 BEST     +43.12%  +0.03  +0.07    True
   27 DOGSUSDT       HOLD          11 STRONG   +43.07%  +0.06  +0.74    True
   28 JTOUSDT        HOLD          14 BEST     +41.99%  +0.10  +0.29    True
   29 COSUSDT        RIDING        12 BEST     +41.72%  +0.06  +0.10   False
   30 SAHARAUSDT     HOLD          10 STRONG   +37.78%  +0.07  +0.09   False

Distribución de scores por signal_type (todos los alerts):
  BREAKOUT   (n= 68)  4:1 6:3 7:4 8:6 9:7 10:8 11:8 12:11 13:10 14:3 15:7
  EXPLOSION  (n= 14)  9:8 12:6
  HOLD       (n=132)  8:2 9:3 10:3 11:42 12:52 13:18 14:3 15:9
  RIDING     (n= 95)  3:1 6:4 8:7 9:21 10:25 11:21 12:11 13:5

Top 30 movers — desglose:
  Buckets: BEST=16, STRONG=7, WATCH=7
  Tipos:   {'BREAKOUT': 9, 'HOLD': 15, 'RIDING': 4, 'EXPLOSION': 2}
  Score promedio top 30: 11.3
  Move promedio top 30: +65.53%

  >>> Corriendo backtest: NEW (config_E12b.json)
    [precompute] Calculando indicadores para 199 pares...

  Simulando 336h con scans cada 15min...
    [analyze] Extrayendo candidatos (1345 scans × 199 pares)...
    [analyze] 1345 scans × ~199 pares = 267655 tareas
    [analyze] 260351 candidatos encontrados
    [analyze] 260351 candidatos encontrados
    Total alertas simuladas: 1967

══════════════════════════════════════════════════════════════════════
 NEW (CONFIG_E12B.JSON)
══════════════════════════════════════════════════════════════════════

Total alertas: 1967

Por tipo:
  HOLD        822  (41%)
  RIDING      665  (33%)
  BREAKOUT    388  (19%)
  PREBREAK     78  (3%)
  EXPLOSION    14  (0%)

Por bucket:
  BEST    783 — max_24h: +9.27%, drawdown: -4.73%, win >2%: 75%
  STRONG  741 — max_24h: +8.64%, drawdown: -5.60%, win >2%: 74%
  WATCH   443 — max_24h: +8.61%, drawdown: -4.75%, win >2%: 77%

CVD análisis:
  CVD bullish (>+0.05)     n=1305  avg max 24h: +9.40%
  CVD neutral              n=518  avg max 24h: +8.06%
  CVD bearish (<-0.05)     n=144  avg max 24h: +7.15%

OBV análisis:
  OBV rising (>+0.05)      n=1569  avg max 24h: +9.31%
  OBV neutral              n=379  avg max 24h: +7.19%
  OBV falling (<-0.05)     n= 19  avg max 24h: +7.66%

recent_long_ok análisis:
  True  n=1748  avg max 24h: +8.83%, drawdown: -5.09%
  False n=219  avg max 24h: +9.26%, drawdown: -4.88%

TOP 30 movers detectados:
    # Symbol         Type       Score Bucket    max24h     cvd     obv long_ok
    1 NILUSDT        BREAKOUT       9 WATCH   +131.41%  -0.01  +0.41    True
    2 OSMOUSDT       BREAKOUT       9 WATCH   +130.05%  +0.03  +0.35    True
    3 NILUSDT        RIDING        10 STRONG  +128.97%  +0.07  +0.39    True
    4 LAYERUSDT      RIDING        11 STRONG  +123.46%  +0.09  +0.34    True
    5 DOGSUSDT       BREAKOUT      15 BEST    +120.51%  +0.17  +0.16    True
    6 LAYERUSDT      HOLD          12 BEST    +119.34%  +0.08  +0.58    True
    7 LAYERUSDT      HOLD          11 STRONG  +114.09%  +0.05  +0.70    True
    8 DOGSUSDT       RIDING        10 STRONG  +111.48%  +0.10  +0.27   False
    9 LAYERUSDT      HOLD          11 STRONG  +111.34%  +0.05  +0.62    True
   10 TSTUSDT        BREAKOUT      14 BEST    +109.28%  +0.01  +0.23    True
   11 DOGSUSDT       RIDING        12 BEST    +109.19%  +0.10  +0.28    True
   12 NILUSDT        BREAKOUT      10 STRONG  +109.16%  +0.05  +0.61    True
   13 DOGSUSDT       RIDING        11 STRONG  +108.63%  +0.10  +0.33    True
   14 LAYERUSDT      HOLD          11 STRONG  +107.25%  +0.07  +0.61    True
   15 SAGAUSDT       HOLD          12 BEST    +106.71%  +0.08  +0.26    True
   16 DOGSUSDT       RIDING        10 STRONG  +103.68%  +0.07  +0.33    True
   17 SAGAUSDT       RIDING        10 STRONG  +101.68%  -0.05  +0.33   False
   18 DOGSUSDT       BREAKOUT      12 BEST     +96.45%  +0.05  +0.35    True
   19 TSTUSDT        BREAKOUT      13 BEST     +95.17%  +0.07  +0.18    True
   20 DOGSUSDT       HOLD          12 BEST     +93.47%  +0.10  +0.12    True
   21 OSMOUSDT       RIDING         9 WATCH    +93.38%  +0.05  -0.02   False
   22 BABYUSDT       HOLD          13 BEST     +86.20%  +0.17  +0.19    True
   23 BABYUSDT       BREAKOUT      15 BEST     +84.06%  +0.20  +0.26    True
   24 BABYUSDT       RIDING        10 STRONG   +82.70%  +0.23  +0.22    True
   25 BABYUSDT       HOLD          11 STRONG   +82.49%  +0.27  +0.32    True
   26 DUSDT          HOLD          12 BEST     +78.15%  +0.06  +1.49    True
   27 VICUSDT        BREAKOUT      15 BEST     +71.94%  +0.13  +0.15    True
   28 VICUSDT        RIDING        10 STRONG   +71.94%  +0.06  +0.11    True
   29 DOGSUSDT       HOLD          12 BEST     +67.17%  +0.10  +0.65    True
   30 VICUSDT        BREAKOUT      10 STRONG   +66.99%  +0.29  +0.20    True

Distribución de scores por signal_type (todos los alerts):
  BREAKOUT   (n=388)  4:1 5:2 6:4 7:10 8:17 9:21 10:32 11:62 12:49 13:84 14:42 15:64
  EXPLOSION  (n= 14)  9:8 12:6
  HOLD       (n=822)  8:20 9:27 10:7 11:287 12:414 13:48 14:6 15:13
  PREBREAK   (n= 78)  5:1 6:1 7:11 8:9 9:8 10:16 11:7 12:5 13:2 14:4 15:14
  RIDING     (n=665)  3:5 4:4 5:11 6:40 7:50 8:52 9:141 10:212 11:118 12:26 13:6

Top 30 movers — desglose:
  Buckets: BEST=13, STRONG=14, WATCH=3
  Tipos:   {'BREAKOUT': 10, 'RIDING': 10, 'HOLD': 10}
  Score promedio top 30: 11.4
  Move promedio top 30: +100.54%

══════════════════════════════════════════════════════════════════════
 COMPARACIÓN: config.json  vs  config_E12b.json  (14 días)
══════════════════════════════════════════════════════════════════════
  Métrica                              config.json config_E12b.json
  -------------------------------- --------------- ---------------
  Total alertas                                309            1967
  BREAKOUT count                                68             388
  BEST count                                   135             783
  BEST por día (target: 10-20)                 9.6            55.9
  STRONG count                                 107             741
  Explosivos totales (>20%)                     78             203
  -------------------------------- --------------- ---------------
  ★ CATCH RATE (lo más importante):
  Top 30 movers en BEST                        16/30             13/30
  Top 30 movers en BEST+STRONG                 23/30             27/30
  -------------------------------- --------------- ---------------
  ★ CALIDAD del bucket BEST:
  Avg max 24h BEST                         +17.23%          +9.27%
  Avg drawdown BEST                         -8.22%          -4.73%
  R/R BEST                                    2.09            1.96
  Win >5% en BEST                              67%              48%
  Win >10% en BEST                             50%              24%
  -------------------------------- --------------- ---------------
  Otros:
  Avg max 24h global                       +15.81%          +8.88%
  Avg max 24h STRONG                       +13.16%          +8.64%
  Avg drawdown global                       -9.03%          -5.06%
  Win >2% global                               82%              75%
  Win >5% global                               64%              47%

[4/4] Guardando resultados...
  Guardado: C:\Users\a\scancrypto\compare_E12b_w1.json

DONE
