Período backtest: 2026-04-04 00:00:00+00:00 → 2026-04-18 00:00:00+00:00 (2 semana(s), 14d)
Scan interval simulado: 15 min

[1/4] Sin snapshots; usando top pares actuales por volumen...
  200 pares calificantes hoy (top 200 por volumen)

[2/4] Descargando klines históricas...

  Descargando 200 pares × 3 timeframes = 600 requests
  Rango: 2026-04-01 a 2026-04-18 (3d buffer + período)
    50/600 descargados...
    100/600 descargados...
    150/600 descargados...
    200/600 descargados...
    250/600 descargados...
    300/600 descargados...
    350/600 descargados...
    400/600 descargados...
    450/600 descargados...
    500/600 descargados...
    550/600 descargados...
  197/200 pares con data completa en los 3 TF

[3/4] Ejecutando simulación...

  >>> Corriendo backtest: OLD (config.json)
    [precompute] Calculando indicadores para 197 pares...

  Simulando 336h con scans cada 15min...
    [analyze] Extrayendo candidatos (1345 scans × 197 pares)...
    [analyze] 1345 scans × ~197 pares = 264965 tareas
    [analyze] 257873 candidatos encontrados
    [analyze] 257873 candidatos encontrados
    Total alertas simuladas: 162

══════════════════════════════════════════════════════════════════════
 OLD (CONFIG.JSON)
══════════════════════════════════════════════════════════════════════

Total alertas: 162

Por tipo:
  HOLD         64  (39%)
  BREAKOUT     42  (25%)
  RIDING       37  (22%)
  EXPLOSION    18  (11%)
  PREBREAK      1  (0%)

Por bucket:
  BEST     81 — max_24h: +18.32%, drawdown: -9.14%, win >2%: 79%
  STRONG   38 — max_24h: +20.81%, drawdown: -10.65%, win >2%: 82%
  WATCH    43 — max_24h: +21.81%, drawdown: -11.25%, win >2%: 77%

CVD análisis:
  CVD bullish (>+0.05)     n= 94  avg max 24h: +14.18%
  CVD neutral              n= 59  avg max 24h: +28.24%
  CVD bearish (<-0.05)     n=  9  avg max 24h: +23.76%

OBV análisis:
  OBV rising (>+0.05)      n=136  avg max 24h: +21.94%
  OBV neutral              n= 24  avg max 24h: +9.19%
  OBV falling (<-0.05)     n=  2  avg max 24h: +3.96%

recent_long_ok análisis:
  True  n=130  avg max 24h: +19.20%, drawdown: -10.69%
  False n= 32  avg max 24h: +22.39%, drawdown: -7.47%

TOP 30 movers detectados:
    # Symbol         Type       Score Bucket    max24h     cvd     obv long_ok
    1 ORDIUSDT       BREAKOUT      10 STRONG  +205.65%  -0.03  +0.64    True
    2 ORDIUSDT       RIDING         7 WATCH   +200.90%  -0.03  +0.81   False
    3 ORDIUSDT       HOLD          12 BEST    +178.32%  +0.04  +0.20    True
    4 MOVRUSDT       EXPLOSION      9 WATCH   +146.27%  +0.11  +0.23    True
    5 FFUSDT         EXPLOSION     12 BEST    +137.72%  -0.09  +0.54    True
    6 NEIROUSDT      HOLD          12 BEST     +88.90%  +0.04  +0.09    True
    7 NEIROUSDT      RIDING        10 STRONG   +87.68%  +0.06  +0.09    True
    8 FFUSDT         EXPLOSION      9 WATCH    +77.71%  -0.01  +0.85    True
    9 NEIROUSDT      HOLD          11 STRONG   +68.17%  +0.04  +0.17    True
   10 NEIROUSDT      RIDING         9 WATCH    +62.88%  -0.01  +0.23   False
   11 PNUTUSDT       HOLD          12 BEST     +58.94%  +0.07  +0.13    True
   12 MOVRUSDT       HOLD          12 BEST     +58.47%  +0.04  +0.65    True
   13 TSTUSDT        BREAKOUT      11 STRONG   +58.35%  +0.02  +0.31    True
   14 PNUTUSDT       RIDING        10 STRONG   +57.54%  -0.02  +0.16   False
   15 STOUSDT        HOLD          12 BEST     +57.36%  +0.04  +0.39    True
   16 BIOUSDT        HOLD          12 BEST     +54.49%  +0.05  +0.15    True
   17 ORDIUSDT       HOLD          12 BEST     +51.76%  +0.06  +0.41    True
   18 ORDIUSDT       HOLD           8 WATCH    +51.42%  +0.03  +0.41   False
   19 NEIROUSDT      BREAKOUT       9 WATCH    +45.19%  +0.05  +0.12    True
   20 SAPIENUSDT     EXPLOSION      9 WATCH    +44.15%  +0.06  +0.04    True
   21 GIGGLEUSDT     BREAKOUT       8 WATCH    +42.39%  +0.04  +0.16    True
   22 NEIROUSDT      RIDING         7 WATCH    +40.69%  -0.05  +0.04    True
   23 TSTUSDT        BREAKOUT      15 BEST     +40.29%  +0.12  +0.39   False
   24 GIGGLEUSDT     HOLD          15 BEST     +38.84%  +0.04  +0.33    True
   25 GIGGLEUSDT     BREAKOUT      10 STRONG   +38.79%  -0.04  +0.13    True
   26 GIGGLEUSDT     BREAKOUT      12 BEST     +36.81%  -0.01  +0.09   False
   27 AUDIOUSDT      BREAKOUT      13 BEST     +35.59%  +0.05  +0.71    True
   28 PNUTUSDT       RIDING        13 BEST     +34.23%  +0.06  +0.47   False
   29 TRBUSDT        HOLD          10 STRONG   +33.62%  +0.14  +0.19   False
   30 GIGGLEUSDT     RIDING        12 BEST     +30.93%  +0.01  +0.16   False

Distribución de scores por signal_type (todos los alerts):
  BREAKOUT   (n= 42)  4:1 6:3 7:3 8:6 9:4 10:5 11:3 12:3 13:6 14:4 15:4
  EXPLOSION  (n= 18)  9:10 12:8
  HOLD       (n= 64)  8:2 9:4 10:2 11:11 12:31 13:9 15:5
  PREBREAK   (n=  1)  7:1
  RIDING     (n= 37)  6:1 7:2 8:3 9:3 10:7 11:10 12:6 13:4 15:1

Top 30 movers — desglose:
  Buckets: BEST=14, STRONG=7, WATCH=9
  Tipos:   {'BREAKOUT': 8, 'RIDING': 7, 'HOLD': 11, 'EXPLOSION': 4}
  Score promedio top 30: 10.8
  Move promedio top 30: +72.14%

  >>> Corriendo backtest: NEW (config_E15.json)
    [precompute] Calculando indicadores para 197 pares...

  Simulando 336h con scans cada 15min...
    [analyze] Extrayendo candidatos (1345 scans × 197 pares)...
    [analyze] 1345 scans × ~197 pares = 264965 tareas
    [analyze] 257873 candidatos encontrados
    [analyze] 257873 candidatos encontrados
    Total alertas simuladas: 187

══════════════════════════════════════════════════════════════════════
 NEW (CONFIG_E15.JSON)
══════════════════════════════════════════════════════════════════════

Total alertas: 187

Por tipo:
  HOLD         68  (36%)
  RIDING       57  (30%)
  BREAKOUT     42  (22%)
  EXPLOSION    19  (10%)
  PREBREAK      1  (0%)

Por bucket:
  BEST     90 — max_24h: +17.12%, drawdown: -9.32%, win >2%: 79%
  STRONG   44 — max_24h: +21.96%, drawdown: -10.15%, win >2%: 82%
  WATCH    53 — max_24h: +18.87%, drawdown: -10.62%, win >2%: 74%

CVD análisis:
  CVD bullish (>+0.05)     n=103  avg max 24h: +14.32%
  CVD neutral              n= 69  avg max 24h: +24.91%
  CVD bearish (<-0.05)     n= 15  avg max 24h: +20.90%

OBV análisis:
  OBV rising (>+0.05)      n=154  avg max 24h: +20.66%
  OBV neutral              n= 31  avg max 24h: +10.25%
  OBV falling (<-0.05)     n=  2  avg max 24h: +3.96%

recent_long_ok análisis:
  True  n=146  avg max 24h: +18.15%, drawdown: -10.38%
  False n= 41  avg max 24h: +20.92%, drawdown: -8.11%

TOP 30 movers detectados:
    # Symbol         Type       Score Bucket    max24h     cvd     obv long_ok
    1 ORDIUSDT       BREAKOUT      10 STRONG  +205.65%  -0.03  +0.64    True
    2 ORDIUSDT       RIDING         7 WATCH   +200.90%  -0.03  +0.81   False
    3 ORDIUSDT       HOLD          12 BEST    +178.32%  +0.04  +0.20    True
    4 MOVRUSDT       EXPLOSION      9 WATCH   +146.27%  +0.11  +0.23    True
    5 FFUSDT         EXPLOSION     12 BEST    +137.72%  -0.09  +0.54    True
    6 NEIROUSDT      HOLD          12 BEST     +88.90%  +0.04  +0.09    True
    7 NEIROUSDT      RIDING        10 STRONG   +87.68%  +0.06  +0.09    True
    8 TSTUSDT        HOLD          10 STRONG   +81.71%  +0.06  +0.13   False
    9 FFUSDT         EXPLOSION      9 WATCH    +77.71%  -0.01  +0.85    True
   10 TSTUSDT        RIDING        10 STRONG   +76.67%  -0.13  +0.03    True
   11 NEIROUSDT      HOLD          11 STRONG   +68.17%  +0.04  +0.17    True
   12 NEIROUSDT      RIDING         9 WATCH    +62.88%  -0.01  +0.23   False
   13 PNUTUSDT       HOLD          12 BEST     +58.94%  +0.07  +0.13    True
   14 MOVRUSDT       HOLD          12 BEST     +58.47%  +0.04  +0.65    True
   15 TSTUSDT        BREAKOUT      11 STRONG   +58.35%  +0.02  +0.31    True
   16 PNUTUSDT       RIDING        10 STRONG   +57.54%  -0.02  +0.16   False
   17 STOUSDT        HOLD          12 BEST     +57.36%  +0.04  +0.39    True
   18 BIOUSDT        HOLD          12 BEST     +54.49%  +0.05  +0.15    True
   19 ORDIUSDT       HOLD          12 BEST     +51.76%  +0.06  +0.41    True
   20 ORDIUSDT       HOLD           8 WATCH    +51.42%  +0.03  +0.41   False
   21 NEIROUSDT      BREAKOUT       9 WATCH    +45.19%  +0.05  +0.12    True
   22 SAPIENUSDT     EXPLOSION      9 WATCH    +44.15%  +0.06  +0.04    True
   23 GIGGLEUSDT     BREAKOUT       8 WATCH    +42.39%  +0.04  +0.16    True
   24 NEIROUSDT      RIDING         7 WATCH    +40.69%  -0.05  +0.04    True
   25 TSTUSDT        BREAKOUT      15 BEST     +40.29%  +0.12  +0.39   False
   26 GIGGLEUSDT     HOLD          15 BEST     +38.84%  +0.04  +0.33    True
   27 GIGGLEUSDT     BREAKOUT      10 STRONG   +38.79%  -0.04  +0.13    True
   28 GIGGLEUSDT     BREAKOUT      12 BEST     +36.81%  -0.01  +0.09   False
   29 AUDIOUSDT      BREAKOUT      13 BEST     +35.59%  +0.05  +0.71    True
   30 PNUTUSDT       RIDING        13 BEST     +34.23%  +0.06  +0.47   False

Distribución de scores por signal_type (todos los alerts):
  BREAKOUT   (n= 42)  4:1 6:3 7:3 8:6 9:4 10:5 11:3 12:3 13:6 14:4 15:4
  EXPLOSION  (n= 19)  9:11 12:8
  HOLD       (n= 68)  8:2 9:5 10:4 11:11 12:31 13:9 15:6
  PREBREAK   (n=  1)  7:1
  RIDING     (n= 57)  5:2 6:1 7:7 8:5 9:2 10:11 11:10 12:14 13:4 15:1

Top 30 movers — desglose:
  Buckets: BEST=13, STRONG=8, WATCH=9
  Tipos:   {'BREAKOUT': 8, 'RIDING': 7, 'HOLD': 11, 'EXPLOSION': 4}
  Score promedio top 30: 10.7
  Move promedio top 30: +75.26%

══════════════════════════════════════════════════════════════════════
 COMPARACIÓN: config.json  vs  config_E15.json  (14 días)
══════════════════════════════════════════════════════════════════════
  Métrica                              config.json config_E15.json
  -------------------------------- --------------- ---------------
  Total alertas                                162             187
  BREAKOUT count                                42              42
  BEST count                                    81              90
  BEST por día (target: 10-20)                 5.8             6.4
  STRONG count                                  38              44
  Explosivos totales (>20%)                     39              42
  -------------------------------- --------------- ---------------
  ★ CATCH RATE (lo más importante):
  Top 30 movers en BEST                        14/30             13/30
  Top 30 movers en BEST+STRONG                 21/30             21/30
  -------------------------------- --------------- ---------------
  ★ CALIDAD del bucket BEST:
  Avg max 24h BEST                         +18.32%         +17.12%
  Avg drawdown BEST                         -9.14%          -9.32%
  R/R BEST                                    2.00            1.84
  Win >5% en BEST                              63%              62%
  Win >10% en BEST                             47%              44%
  -------------------------------- --------------- ---------------
  Otros:
  Avg max 24h global                       +19.83%         +18.76%
  Avg max 24h STRONG                       +20.81%         +21.96%
  Avg drawdown global                      -10.06%          -9.89%
  Win >2% global                               79%              78%
  Win >5% global                               64%              62%

[4/4] Guardando resultados...
  Guardado: C:\Users\a\scancrypto\compare_E15_w3.json

DONE
