Período backtest: 2026-04-04 00:00:00+00:00 → 2026-04-18 00:00:00+00:00 (2 semana(s), 14d)
Scan interval simulado: 15 min

[1/4] Sin snapshots; usando top pares actuales por volumen...
  200 pares calificantes hoy (top 200 por volumen)

[2/4] Descargando klines históricas...

  Descargando 200 pares × 3 timeframes = 600 requests
  Rango: 2026-04-01 a 2026-04-18 (3d buffer + período)
    50/600 descargados...
    100/600 descargados...
    150/600 descargados...
    200/600 descargados...
    250/600 descargados...
    300/600 descargados...
    350/600 descargados...
    400/600 descargados...
    450/600 descargados...
    500/600 descargados...
    550/600 descargados...
  197/200 pares con data completa en los 3 TF

[3/4] Ejecutando simulación...

  >>> Corriendo backtest: OLD (config_E6_cal.json)
    [precompute] Calculando indicadores para 197 pares...

  Simulando 336h con scans cada 15min...
    [analyze] Extrayendo candidatos (1345 scans × 197 pares)...
    [analyze] scan 0/1345 (0%) — 0 candidatos
    [analyze] scan 50/1345 (3%) — 2955 candidatos
    [analyze] scan 100/1345 (7%) — 12805 candidatos
    [analyze] scan 150/1345 (11%) — 22655 candidatos
    [analyze] scan 200/1345 (14%) — 32505 candidatos
    [analyze] scan 250/1345 (18%) — 42355 candidatos
    [analyze] scan 300/1345 (22%) — 52205 candidatos
    [analyze] scan 350/1345 (26%) — 62055 candidatos
    [analyze] scan 400/1345 (29%) — 71905 candidatos
    [analyze] scan 450/1345 (33%) — 81755 candidatos
    [analyze] scan 500/1345 (37%) — 91605 candidatos
    [analyze] scan 550/1345 (40%) — 101455 candidatos
    [analyze] scan 600/1345 (44%) — 111305 candidatos
    [analyze] scan 650/1345 (48%) — 121155 candidatos
    [analyze] scan 700/1345 (52%) — 131005 candidatos
    [analyze] scan 750/1345 (55%) — 140855 candidatos
    [analyze] scan 800/1345 (59%) — 150705 candidatos
    [analyze] scan 850/1345 (63%) — 160555 candidatos
    [analyze] scan 900/1345 (66%) — 170405 candidatos
    [analyze] scan 950/1345 (70%) — 180255 candidatos
    [analyze] scan 1000/1345 (74%) — 190105 candidatos
    [analyze] scan 1050/1345 (78%) — 199955 candidatos
    [analyze] scan 1100/1345 (81%) — 209805 candidatos
    [analyze] scan 1150/1345 (85%) — 219655 candidatos
    [analyze] scan 1200/1345 (89%) — 229505 candidatos
    [analyze] scan 1250/1345 (92%) — 239355 candidatos
    [analyze] scan 1300/1345 (96%) — 249205 candidatos
    [analyze] 257873 candidatos encontrados
    Total alertas simuladas: 198

══════════════════════════════════════════════════════════════════════
 OLD (CONFIG_E6_CAL.JSON)
══════════════════════════════════════════════════════════════════════

Total alertas: 198

Por tipo:
  HOLD         70  (35%)
  RIDING       64  (32%)
  BREAKOUT     36  (18%)
  EXPLOSION    22  (11%)
  PREBREAK      6  (3%)

Por bucket:
  BEST     83 — max_24h: +17.52%, drawdown: -8.91%, win >2%: 76%
  STRONG   51 — max_24h: +18.17%, drawdown: -8.88%, win >2%: 78%
  WATCH    64 — max_24h: +18.88%, drawdown: -9.06%, win >2%: 77%

CVD análisis:
  CVD bullish (>+0.05)     n=117  avg max 24h: +13.68%
  CVD neutral              n= 65  avg max 24h: +26.12%
  CVD bearish (<-0.05)     n= 16  avg max 24h: +18.11%

OBV análisis:
  OBV rising (>+0.05)      n=156  avg max 24h: +21.06%
  OBV neutral              n= 40  avg max 24h: +7.40%
  OBV falling (<-0.05)     n=  2  avg max 24h: +3.96%

recent_long_ok análisis:
  True  n=148  avg max 24h: +17.96%, drawdown: -9.54%
  False n= 50  avg max 24h: +18.61%, drawdown: -7.20%

TOP 30 movers detectados:
    # Symbol         Type       Score Bucket    max24h     cvd     obv long_ok
    1 ORDIUSDT       BREAKOUT      10 STRONG  +205.65%  -0.03  +0.64    True
    2 ORDIUSDT       RIDING         7 WATCH   +200.90%  -0.03  +0.81   False
    3 ORDIUSDT       HOLD          12 BEST    +178.32%  +0.04  +0.20    True
    4 MOVRUSDT       EXPLOSION      9 WATCH   +146.27%  +0.11  +0.23    True
    5 FFUSDT         EXPLOSION     12 BEST    +137.72%  -0.09  +0.54    True
    6 NEIROUSDT      HOLD          12 BEST     +88.90%  +0.04  +0.09    True
    7 NEIROUSDT      RIDING        10 STRONG   +87.68%  +0.06  +0.09    True
    8 FFUSDT         EXPLOSION      9 WATCH    +77.71%  -0.01  +0.85    True
    9 NEIROUSDT      HOLD          11 STRONG   +68.17%  +0.04  +0.17    True
   10 HIGHUSDT       RIDING        10 STRONG   +63.93%  +0.10  +0.07   False
   11 NEIROUSDT      RIDING         9 WATCH    +62.88%  -0.01  +0.23   False
   12 PNUTUSDT       HOLD          12 BEST     +58.94%  +0.07  +0.13    True
   13 MOVRUSDT       HOLD          12 BEST     +58.47%  +0.04  +0.65    True
   14 TSTUSDT        BREAKOUT      11 STRONG   +58.35%  +0.02  +0.31    True
   15 PNUTUSDT       RIDING        10 STRONG   +57.54%  -0.02  +0.16   False
   16 BIOUSDT        HOLD          12 BEST     +54.49%  +0.05  +0.15    True
   17 ORDIUSDT       HOLD          12 BEST     +51.76%  +0.06  +0.41    True
   18 ORDIUSDT       HOLD           8 WATCH    +51.42%  +0.03  +0.41   False
   19 MBOXUSDT       EXPLOSION      9 WATCH    +48.46%  +0.18  +0.25    True
   20 NEIROUSDT      BREAKOUT       9 WATCH    +45.19%  +0.05  +0.12    True
   21 SAPIENUSDT     EXPLOSION      9 WATCH    +44.15%  +0.06  +0.04    True
   22 GIGGLEUSDT     BREAKOUT       8 WATCH    +42.39%  +0.04  +0.16    True
   23 NEIROUSDT      RIDING         7 WATCH    +40.69%  -0.05  +0.04    True
   24 TSTUSDT        BREAKOUT      15 BEST     +40.29%  +0.12  +0.39   False
   25 GIGGLEUSDT     HOLD          15 BEST     +38.84%  +0.04  +0.33    True
   26 GIGGLEUSDT     BREAKOUT      10 STRONG   +38.79%  -0.04  +0.13    True
   27 AXLUSDT        RIDING        15 BEST     +37.46%  +0.07  +0.22    True
   28 GIGGLEUSDT     BREAKOUT      12 BEST     +36.81%  -0.01  +0.09   False
   29 HIGHUSDT       HOLD          12 BEST     +36.05%  +0.14  +0.21    True
   30 PNUTUSDT       RIDING        13 BEST     +34.23%  +0.06  +0.47   False

Distribución de scores por signal_type (todos los alerts):
  BREAKOUT   (n= 36)  4:1 5:1 6:1 7:3 8:5 9:3 10:4 11:2 12:4 13:5 14:4 15:3
  EXPLOSION  (n= 22)  9:13 12:9
  HOLD       (n= 70)  8:6 9:8 10:4 11:15 12:30 13:5 15:2
  PREBREAK   (n=  6)  6:1 7:1 9:1 12:1 13:1 15:1
  RIDING     (n= 64)  5:2 6:1 7:4 8:6 9:7 10:14 11:12 12:13 13:3 15:2

Top 30 movers — desglose:
  Buckets: BEST=13, STRONG=7, WATCH=10
  Tipos:   {'BREAKOUT': 7, 'RIDING': 8, 'HOLD': 10, 'EXPLOSION': 5}
  Score promedio top 30: 10.7
  Move promedio top 30: +73.08%

  >>> Corriendo backtest: NEW (config_E10.json)
    [precompute] Reutilizando indicadores cacheados (197 pares)

  Simulando 336h con scans cada 15min...
    [analyze] Extrayendo candidatos (1345 scans × 197 pares)...
    [analyze] scan 0/1345 (0%) — 0 candidatos
    [analyze] scan 50/1345 (3%) — 2955 candidatos
    [analyze] scan 100/1345 (7%) — 12805 candidatos
    [analyze] scan 150/1345 (11%) — 22655 candidatos
    [analyze] scan 200/1345 (14%) — 32505 candidatos
    [analyze] scan 250/1345 (18%) — 42355 candidatos
    [analyze] scan 300/1345 (22%) — 52205 candidatos
    [analyze] scan 350/1345 (26%) — 62055 candidatos
    [analyze] scan 400/1345 (29%) — 71905 candidatos
    [analyze] scan 450/1345 (33%) — 81755 candidatos
    [analyze] scan 500/1345 (37%) — 91605 candidatos
    [analyze] scan 550/1345 (40%) — 101455 candidatos
    [analyze] scan 600/1345 (44%) — 111305 candidatos
    [analyze] scan 650/1345 (48%) — 121155 candidatos
    [analyze] scan 700/1345 (52%) — 131005 candidatos
    [analyze] scan 750/1345 (55%) — 140855 candidatos
    [analyze] scan 800/1345 (59%) — 150705 candidatos
    [analyze] scan 850/1345 (63%) — 160555 candidatos
    [analyze] scan 900/1345 (66%) — 170405 candidatos
    [analyze] scan 950/1345 (70%) — 180255 candidatos
    [analyze] scan 1000/1345 (74%) — 190105 candidatos
    [analyze] scan 1050/1345 (78%) — 199955 candidatos
    [analyze] scan 1100/1345 (81%) — 209805 candidatos
    [analyze] scan 1150/1345 (85%) — 219655 candidatos
    [analyze] scan 1200/1345 (89%) — 229505 candidatos
    [analyze] scan 1250/1345 (92%) — 239355 candidatos
    [analyze] scan 1300/1345 (96%) — 249205 candidatos
    [analyze] 257873 candidatos encontrados
    Total alertas simuladas: 233

══════════════════════════════════════════════════════════════════════
 NEW (CONFIG_E10.JSON)
══════════════════════════════════════════════════════════════════════

Total alertas: 233

Por tipo:
  HOLD         86  (36%)
  RIDING       64  (27%)
  BREAKOUT     50  (21%)
  EXPLOSION    27  (11%)
  PREBREAK      6  (2%)

Por bucket:
  BEST     95 — max_24h: +17.10%, drawdown: -8.71%, win >2%: 78%
  STRONG   57 — max_24h: +17.84%, drawdown: -9.18%, win >2%: 77%
  WATCH    81 — max_24h: +16.08%, drawdown: -9.28%, win >2%: 72%

CVD análisis:
  CVD bullish (>+0.05)     n=141  avg max 24h: +12.95%
  CVD neutral              n= 75  avg max 24h: +24.33%
  CVD bearish (<-0.05)     n= 17  avg max 24h: +17.23%

OBV análisis:
  OBV rising (>+0.05)      n=183  avg max 24h: +19.21%
  OBV neutral              n= 48  avg max 24h: +8.76%
  OBV falling (<-0.05)     n=  2  avg max 24h: +3.96%

recent_long_ok análisis:
  True  n=180  avg max 24h: +16.69%, drawdown: -9.55%
  False n= 53  avg max 24h: +17.73%, drawdown: -7.24%

TOP 30 movers detectados:
    # Symbol         Type       Score Bucket    max24h     cvd     obv long_ok
    1 ORDIUSDT       BREAKOUT      10 STRONG  +205.65%  -0.03  +0.64    True
    2 ORDIUSDT       RIDING         7 WATCH   +200.90%  -0.03  +0.81   False
    3 ORDIUSDT       HOLD          12 BEST    +178.32%  +0.04  +0.20    True
    4 MOVRUSDT       EXPLOSION      9 WATCH   +146.27%  +0.11  +0.23    True
    5 FFUSDT         EXPLOSION     12 BEST    +137.72%  -0.09  +0.54    True
    6 NEIROUSDT      HOLD          12 BEST     +88.90%  +0.04  +0.09    True
    7 NEIROUSDT      RIDING        10 STRONG   +87.68%  +0.06  +0.09    True
    8 FFUSDT         EXPLOSION      9 WATCH    +77.71%  -0.01  +0.85    True
    9 NEIROUSDT      HOLD          11 STRONG   +68.17%  +0.04  +0.17    True
   10 TSTUSDT        BREAKOUT      11 STRONG   +65.36%  +0.32  +0.03    True
   11 HIGHUSDT       RIDING        10 STRONG   +63.93%  +0.10  +0.07   False
   12 NEIROUSDT      RIDING         9 WATCH    +62.88%  -0.01  +0.23   False
   13 PNUTUSDT       HOLD          12 BEST     +58.94%  +0.07  +0.13    True
   14 MOVRUSDT       HOLD          12 BEST     +58.47%  +0.04  +0.65    True
   15 TSTUSDT        BREAKOUT      11 STRONG   +58.35%  +0.02  +0.31    True
   16 PNUTUSDT       RIDING        10 STRONG   +57.54%  -0.02  +0.16   False
   17 STOUSDT        HOLD          12 BEST     +57.36%  +0.04  +0.39    True
   18 BIOUSDT        HOLD          12 BEST     +54.49%  +0.05  +0.15    True
   19 ORDIUSDT       HOLD          12 BEST     +51.76%  +0.06  +0.41    True
   20 ORDIUSDT       HOLD           8 WATCH    +51.42%  +0.03  +0.41   False
   21 MBOXUSDT       EXPLOSION      9 WATCH    +48.46%  +0.18  +0.25    True
   22 NEIROUSDT      BREAKOUT       9 WATCH    +45.19%  +0.05  +0.12    True
   23 SAPIENUSDT     EXPLOSION      9 WATCH    +44.15%  +0.06  +0.04    True
   24 GIGGLEUSDT     BREAKOUT       8 WATCH    +42.39%  +0.04  +0.16    True
   25 NEIROUSDT      RIDING         7 WATCH    +40.69%  -0.05  +0.04    True
   26 TSTUSDT        BREAKOUT      15 BEST     +40.29%  +0.12  +0.39   False
   27 GIGGLEUSDT     HOLD          15 BEST     +38.84%  +0.04  +0.33    True
   28 GIGGLEUSDT     BREAKOUT      10 STRONG   +38.79%  -0.04  +0.13    True
   29 AXLUSDT        RIDING        15 BEST     +37.46%  +0.07  +0.22    True
   30 GIGGLEUSDT     BREAKOUT      12 BEST     +36.81%  -0.01  +0.09   False

Distribución de scores por signal_type (todos los alerts):
  BREAKOUT   (n= 50)  4:1 5:1 6:6 7:4 8:8 9:4 10:4 11:3 12:6 13:6 14:4 15:3
  EXPLOSION  (n= 27)  9:18 12:9
  HOLD       (n= 86)  8:8 9:8 10:4 11:20 12:32 13:10 14:1 15:3
  PREBREAK   (n=  6)  6:1 7:1 9:1 12:1 13:1 15:1
  RIDING     (n= 64)  5:2 6:1 7:4 8:6 9:7 10:14 11:12 12:13 13:3 15:2

Top 30 movers — desglose:
  Buckets: BEST=12, STRONG=8, WATCH=10
  Tipos:   {'BREAKOUT': 8, 'RIDING': 7, 'HOLD': 10, 'EXPLOSION': 5}
  Score promedio top 30: 10.7
  Move promedio top 30: +74.83%

══════════════════════════════════════════════════════════════════════
 COMPARACIÓN: config_E6_cal.json  vs  config_E10.json  (14 días)
══════════════════════════════════════════════════════════════════════
  Métrica                          config_E6_cal.json config_E10.json
  -------------------------------- --------------- ---------------
  Total alertas                                198             233
  BREAKOUT count                                36              50
  BEST count                                    83              95
  BEST por día (target: 10-20)                 5.9             6.8
  STRONG count                                  51              57
  Explosivos totales (>20%)                     48              52
  -------------------------------- --------------- ---------------
  ★ CATCH RATE (lo más importante):
  Top 30 movers en BEST                        13/30             12/30
  Top 30 movers en BEST+STRONG                 20/30             20/30
  -------------------------------- --------------- ---------------
  ★ CALIDAD del bucket BEST:
  Avg max 24h BEST                         +17.52%         +17.10%
  Avg drawdown BEST                         -8.91%          -8.71%
  R/R BEST                                    1.97            1.96
  Win >5% en BEST                              59%              63%
  Win >10% en BEST                             47%              46%
  -------------------------------- --------------- ---------------
  Otros:
  Avg max 24h global                       +18.12%         +16.92%
  Avg max 24h STRONG                       +18.17%         +17.84%
  Avg drawdown global                       -8.95%          -9.03%
  Win >2% global                               77%              76%
  Win >5% global                               59%              59%

[4/4] Guardando resultados...
  Guardado: C:\Users\a\scancrypto\compare_E10_w3.json

DONE
