Período backtest: 2026-04-18 00:00:00+00:00 → 2026-05-02 00:00:00+00:00 (2 semana(s), 14d)
Scan interval simulado: 15 min

[1/4] Sin snapshots; usando top pares actuales por volumen...
  200 pares calificantes hoy (top 200 por volumen)

[2/4] Descargando klines históricas...

  Descargando 200 pares × 3 timeframes = 600 requests
  Rango: 2026-04-15 a 2026-05-02 (3d buffer + período)
    50/600 descargados...
    100/600 descargados...
    150/600 descargados...
    200/600 descargados...
    250/600 descargados...
    300/600 descargados...
    350/600 descargados...
    400/600 descargados...
    450/600 descargados...
    500/600 descargados...
    550/600 descargados...
  198/200 pares con data completa en los 3 TF

[3/4] Ejecutando simulación...

  >>> Corriendo backtest: OLD (config.json)
    [precompute] Calculando indicadores para 198 pares...

  Simulando 336h con scans cada 15min...
    [analyze] Extrayendo candidatos (1345 scans × 198 pares)...
    [analyze] 1345 scans × ~198 pares = 266310 tareas
    [analyze] 258554 candidatos encontrados
    [analyze] 258554 candidatos encontrados
    Total alertas simuladas: 227

══════════════════════════════════════════════════════════════════════
 OLD (CONFIG.JSON)
══════════════════════════════════════════════════════════════════════

Total alertas: 227

Por tipo:
  HOLD         83  (36%)
  RIDING       63  (27%)
  BREAKOUT     63  (27%)
  EXPLOSION    17  (7%)
  PREBREAK      1  (0%)

Por bucket:
  BEST     97 — max_24h: +12.61%, drawdown: -10.23%, win >2%: 86%
  STRONG   59 — max_24h: +8.01%, drawdown: -11.70%, win >2%: 80%
  WATCH    71 — max_24h: +16.51%, drawdown: -9.20%, win >2%: 76%

CVD análisis:
  CVD bullish (>+0.05)     n=136  avg max 24h: +11.40%
  CVD neutral              n= 74  avg max 24h: +16.50%
  CVD bearish (<-0.05)     n= 17  avg max 24h: +5.64%

OBV análisis:
  OBV rising (>+0.05)      n=179  avg max 24h: +13.51%
  OBV neutral              n= 43  avg max 24h: +9.98%
  OBV falling (<-0.05)     n=  5  avg max 24h: +3.96%

recent_long_ok análisis:
  True  n=186  avg max 24h: +12.04%, drawdown: -10.74%
  False n= 41  avg max 24h: +15.29%, drawdown: -8.24%

TOP 30 movers detectados:
    # Symbol         Type       Score Bucket    max24h     cvd     obv long_ok
    1 KATUSDT        BREAKOUT       8 WATCH    +97.49%  +0.00  +0.10    True
    2 SPKUSDT        RIDING         9 WATCH    +86.65%  +0.01  +0.23   False
    3 SPKUSDT        RIDING         9 WATCH    +72.91%  +0.00  +0.32   False
    4 PHBUSDT        BREAKOUT      12 BEST     +72.09%  +0.18  +0.13    True
    5 KATUSDT        BREAKOUT       8 WATCH    +69.71%  +0.00  +0.15    True
    6 KATUSDT        HOLD          12 BEST     +69.65%  +0.03  +0.65    True
    7 EDUUSDT        BREAKOUT       9 WATCH    +62.59%  +0.11  +0.28    True
    8 ORCAUSDT       HOLD           9 WATCH    +58.58%  +0.04  +0.35   False
    9 BOMEUSDT       RIDING        13 BEST     +56.62%  +0.05  +0.05   False
   10 ENSOUSDT       EXPLOSION     12 BEST     +55.29%  +0.19  +0.36    True
   11 MOVRUSDT       BREAKOUT      10 STRONG   +54.81%  +0.07  +0.24    True
   12 ORCAUSDT       EXPLOSION      9 WATCH    +49.96%  +0.17  +0.18    True
   13 BOMEUSDT       BREAKOUT       8 WATCH    +49.09%  +0.09  +0.12   False
   14 DUSDT          BREAKOUT       6 WATCH    +48.87%  +0.03  +0.10    True
   15 DUSDT          BREAKOUT       6 WATCH    +48.14%  -0.02  +0.04    True
   16 ORCAUSDT       BREAKOUT       9 WATCH    +46.10%  +0.03  +0.43    True
   17 SPKUSDT        BREAKOUT      10 STRONG   +45.96%  +0.04  +0.14    True
   18 DUSDT          BREAKOUT       5 WATCH    +44.29%  +0.02  +0.07    True
   19 ZBTUSDT        BREAKOUT      14 BEST     +39.64%  +0.06  +0.21   False
   20 EDUUSDT        HOLD          12 BEST     +39.00%  +0.12  +0.42    True
   21 SPKUSDT        EXPLOSION     12 BEST     +38.59%  +0.20  +0.51    True
   22 ORCAUSDT       HOLD          12 BEST     +36.82%  +0.15  +0.07    True
   23 DOGSUSDT       EXPLOSION      9 WATCH    +33.92%  +0.14  +0.04    True
   24 ENSOUSDT       BREAKOUT       9 WATCH    +33.40%  +0.11  +0.34    True
   25 SPKUSDT        HOLD          15 BEST     +31.32%  +0.03  +0.41    True
   26 APEUSDT        BREAKOUT      12 BEST     +31.03%  +0.09  +0.04    True
   27 BIOUSDT        BREAKOUT       8 WATCH    +30.88%  -0.00  +0.00    True
   28 SPKUSDT        RIDING        10 STRONG   +30.47%  +0.06  +3.44    True
   29 SPKUSDT        RIDING        12 BEST     +28.17%  +0.09  +0.42   False
   30 DUSDT          BREAKOUT      11 STRONG   +27.80%  +0.03  +0.03    True

Distribución de scores por signal_type (todos los alerts):
  BREAKOUT   (n= 63)  3:1 5:3 6:4 7:2 8:7 9:7 10:6 11:7 12:9 13:8 14:2 15:7
  EXPLOSION  (n= 17)  9:13 12:4
  HOLD       (n= 83)  8:2 9:3 10:2 11:18 12:41 13:9 14:1 15:7
  PREBREAK   (n=  1)  8:1
  RIDING     (n= 63)  5:2 6:3 7:3 8:10 9:10 10:16 11:10 12:4 13:4 15:1

Top 30 movers — desglose:
  Buckets: BEST=11, STRONG=4, WATCH=15
  Tipos:   {'BREAKOUT': 16, 'RIDING': 5, 'HOLD': 5, 'EXPLOSION': 4}
  Score promedio top 30: 10.0
  Move promedio top 30: +49.66%

  >>> Corriendo backtest: NEW (config_E15c.json)
    [precompute] Reutilizando indicadores cacheados (198 pares)

  Simulando 336h con scans cada 15min...
    [analyze] Extrayendo candidatos (1345 scans × 198 pares)...
    [analyze] 1345 scans × ~198 pares = 266310 tareas
    [analyze] 258554 candidatos encontrados
    [analyze] 258554 candidatos encontrados
    Total alertas simuladas: 255

══════════════════════════════════════════════════════════════════════
 NEW (CONFIG_E15C.JSON)
══════════════════════════════════════════════════════════════════════

Total alertas: 255

Por tipo:
  HOLD         87  (34%)
  RIDING       86  (33%)
  BREAKOUT     63  (24%)
  EXPLOSION    17  (6%)
  PREBREAK      2  (0%)

Por bucket:
  BEST    108 — max_24h: +13.27%, drawdown: -10.22%, win >2%: 87%
  STRONG   71 — max_24h: +8.90%, drawdown: -10.88%, win >2%: 82%
  WATCH    76 — max_24h: +16.57%, drawdown: -8.89%, win >2%: 75%

CVD análisis:
  CVD bullish (>+0.05)     n=159  avg max 24h: +12.45%
  CVD neutral              n= 79  avg max 24h: +15.79%
  CVD bearish (<-0.05)     n= 17  avg max 24h: +5.64%

OBV análisis:
  OBV rising (>+0.05)      n=197  avg max 24h: +13.98%
  OBV neutral              n= 53  avg max 24h: +10.39%
  OBV falling (<-0.05)     n=  5  avg max 24h: +3.96%

recent_long_ok análisis:
  True  n=203  avg max 24h: +12.27%, drawdown: -10.43%
  False n= 52  avg max 24h: +16.03%, drawdown: -8.37%

TOP 30 movers detectados:
    # Symbol         Type       Score Bucket    max24h     cvd     obv long_ok
    1 KATUSDT        BREAKOUT       8 WATCH    +97.49%  +0.00  +0.10    True
    2 EDUUSDT        RIDING        13 BEST     +91.20%  +0.07  +0.05    True
    3 SPKUSDT        RIDING         9 WATCH    +86.65%  +0.01  +0.23   False
    4 SPKUSDT        RIDING         9 WATCH    +78.31%  +0.07  +0.07   False
    5 SPKUSDT        RIDING         9 WATCH    +72.91%  +0.00  +0.32   False
    6 PHBUSDT        BREAKOUT      12 BEST     +72.09%  +0.18  +0.13    True
    7 SPKUSDT        RIDING        11 STRONG   +70.64%  +0.10  +0.05   False
    8 KATUSDT        BREAKOUT       8 WATCH    +69.71%  +0.00  +0.15    True
    9 KATUSDT        HOLD          12 BEST     +69.65%  +0.03  +0.65    True
   10 EDUUSDT        BREAKOUT       9 WATCH    +62.59%  +0.11  +0.28    True
   11 ORCAUSDT       HOLD           9 WATCH    +58.58%  +0.04  +0.35   False
   12 BOMEUSDT       RIDING        13 BEST     +56.62%  +0.05  +0.05   False
   13 ENSOUSDT       EXPLOSION     12 BEST     +55.29%  +0.19  +0.36    True
   14 MOVRUSDT       BREAKOUT      10 STRONG   +54.81%  +0.07  +0.24    True
   15 ORCAUSDT       EXPLOSION      9 WATCH    +49.96%  +0.17  +0.18    True
   16 BOMEUSDT       BREAKOUT       8 WATCH    +49.09%  +0.09  +0.12   False
   17 DUSDT          BREAKOUT       6 WATCH    +48.87%  +0.03  +0.10    True
   18 DUSDT          BREAKOUT       6 WATCH    +48.14%  -0.02  +0.04    True
   19 ORCAUSDT       BREAKOUT       9 WATCH    +46.10%  +0.03  +0.43    True
   20 SPKUSDT        BREAKOUT      10 STRONG   +45.96%  +0.04  +0.14    True
   21 DUSDT          BREAKOUT       5 WATCH    +44.29%  +0.02  +0.07    True
   22 ZBTUSDT        RIDING        12 BEST     +40.74%  +0.09  +0.25    True
   23 ZBTUSDT        BREAKOUT      14 BEST     +39.64%  +0.06  +0.21   False
   24 EDUUSDT        HOLD          12 BEST     +39.00%  +0.12  +0.42    True
   25 SPKUSDT        EXPLOSION     12 BEST     +38.59%  +0.20  +0.51    True
   26 ORCAUSDT       HOLD          12 BEST     +36.82%  +0.15  +0.07    True
   27 DOGSUSDT       EXPLOSION      9 WATCH    +33.92%  +0.14  +0.04    True
   28 ENSOUSDT       BREAKOUT       9 WATCH    +33.40%  +0.11  +0.34    True
   29 SPKUSDT        HOLD          15 BEST     +31.32%  +0.03  +0.41    True
   30 APEUSDT        BREAKOUT      12 BEST     +31.03%  +0.09  +0.04    True

Distribución de scores por signal_type (todos los alerts):
  BREAKOUT   (n= 63)  3:1 5:3 6:4 7:2 8:7 9:7 10:6 11:7 12:9 13:8 14:2 15:7
  EXPLOSION  (n= 17)  9:13 12:4
  HOLD       (n= 87)  8:2 9:4 10:3 11:19 12:41 13:10 14:1 15:7
  PREBREAK   (n=  2)  8:1 11:1
  RIDING     (n= 86)  5:2 6:3 7:3 8:10 9:14 10:19 11:16 12:9 13:6 14:2 15:2

Top 30 movers — desglose:
  Buckets: BEST=12, STRONG=3, WATCH=15
  Tipos:   {'BREAKOUT': 14, 'RIDING': 7, 'HOLD': 5, 'EXPLOSION': 4}
  Score promedio top 30: 10.1
  Move promedio top 30: +55.11%

══════════════════════════════════════════════════════════════════════
 COMPARACIÓN: config.json  vs  config_E15c.json  (14 días)
══════════════════════════════════════════════════════════════════════
  Métrica                              config.json config_E15c.json
  -------------------------------- --------------- ---------------
  Total alertas                                227             255
  BREAKOUT count                                63              63
  BEST count                                    97             108
  BEST por día (target: 10-20)                 6.9             7.7
  STRONG count                                  59              71
  Explosivos totales (>20%)                     36              43
  -------------------------------- --------------- ---------------
  ★ CATCH RATE (lo más importante):
  Top 30 movers en BEST                        11/30             12/30
  Top 30 movers en BEST+STRONG                 15/30             15/30
  -------------------------------- --------------- ---------------
  ★ CALIDAD del bucket BEST:
  Avg max 24h BEST                         +12.61%         +13.27%
  Avg drawdown BEST                        -10.23%         -10.22%
  R/R BEST                                    1.23            1.30
  Win >5% en BEST                              70%              69%
  Win >10% en BEST                             38%              39%
  -------------------------------- --------------- ---------------
  Otros:
  Avg max 24h global                       +12.63%         +13.03%
  Avg max 24h STRONG                        +8.01%          +8.90%
  Avg drawdown global                      -10.29%         -10.01%
  Win >2% global                               81%              82%
  Win >5% global                               62%              61%

[4/4] Guardando resultados...
  Guardado: C:\Users\a\scancrypto\compare_E15c_w2.json

DONE
