Período backtest: 2026-05-11 20:00:00+00:00 → 2026-05-18 20:00:00+00:00 (1 semana(s), 7d)
Scan interval simulado: 15 min

[1/4] Sin snapshots; usando top pares actuales por volumen...
  200 pares calificantes hoy (top 200 por volumen)

[2/4] Descargando klines históricas...

  Descargando 200 pares × 3 timeframes = 600 requests
  Rango: 2026-05-08 a 2026-05-18 (3d buffer + período)
    50/600 descargados...
    100/600 descargados...
    150/600 descargados...
    200/600 descargados...
    250/600 descargados...
    300/600 descargados...
    350/600 descargados...
    400/600 descargados...
    450/600 descargados...
    500/600 descargados...
    550/600 descargados...
    600/600 descargados...
  200/200 pares con data completa en los 3 TF

[3/4] Ejecutando simulación...

  >>> Corriendo backtest: OLD (config.json)
    [precompute] Calculando indicadores para 200 pares...

  Simulando 168h con scans cada 15min...
    [analyze] Extrayendo candidatos (673 scans × 200 pares)...
    [analyze] 673 scans × ~200 pares = 134600 tareas
    [analyze] 126836 candidatos encontrados
    [analyze] 126836 candidatos encontrados
    Total alertas simuladas: 117

══════════════════════════════════════════════════════════════════════
 OLD (CONFIG.JSON)
══════════════════════════════════════════════════════════════════════

Total alertas: 117

Por tipo:
  HOLD         42  (35%)
  RIDING       39  (33%)
  BREAKOUT     27  (23%)
  EXPLOSION     9  (7%)

Por bucket:
  BEST     48 — max_24h: +13.47%, drawdown: -9.94%, win >2%: 81%
  STRONG   39 — max_24h: +12.01%, drawdown: -10.92%, win >2%: 82%
  WATCH    30 — max_24h: +14.58%, drawdown: -10.60%, win >2%: 80%

CVD análisis:
  CVD bullish (>+0.05)     n= 68  avg max 24h: +14.73%
  CVD neutral              n= 43  avg max 24h: +10.85%
  CVD bearish (<-0.05)     n=  6  avg max 24h: +13.99%

OBV análisis:
  OBV rising (>+0.05)      n=102  avg max 24h: +13.44%
  OBV neutral              n= 15  avg max 24h: +12.11%

recent_long_ok análisis:
  True  n= 95  avg max 24h: +13.37%, drawdown: -10.32%
  False n= 22  avg max 24h: +12.85%, drawdown: -10.95%

TOP 30 movers detectados:
    # Symbol         Type       Score Bucket    max24h     cvd     obv long_ok
    1 SAGAUSDT       HOLD          12 BEST    +106.71%  +0.08  +0.26    True
    2 EDENUSDT       RIDING         9 WATCH    +72.42%  +0.01  +0.37    True
    3 EDENUSDT       BREAKOUT      10 STRONG   +57.33%  +0.12  +0.65    True
    4 SAGAUSDT       HOLD          11 STRONG   +47.26%  +0.05  +0.31    True
    5 VICUSDT        EXPLOSION      9 WATCH    +45.24%  +0.16  +0.75    True
    6 AIUSDT         BREAKOUT       9 WATCH    +44.19%  +0.10  +0.04   False
    7 OSMOUSDT       RIDING        14 BEST     +35.95%  +0.04  +0.16    True
    8 EDENUSDT       HOLD          12 BEST     +35.15%  +0.07  +0.69    True
    9 OSMOUSDT       RIDING         9 WATCH    +34.95%  -0.08  +0.09   False
   10 VICUSDT        HOLD          12 BEST     +34.88%  +0.09  +0.80    True
   11 MLNUSDT        RIDING        11 STRONG   +34.57%  +0.46  +0.03    True
   12 FIDAUSDT       HOLD           9 WATCH    +33.37%  +0.06  +0.96   False
   13 DYMUSDT        RIDING        10 STRONG   +33.08%  +0.24  +0.41    True
   14 MLNUSDT        BREAKOUT      13 BEST     +32.93%  +0.34  +0.06    True
   15 OSMOUSDT       RIDING        11 STRONG   +32.25%  +0.07  +0.05   False
   16 AIUSDT         HOLD          13 BEST     +30.53%  +0.05  +0.23    True
   17 OSMOUSDT       HOLD          13 BEST     +27.92%  +0.07  +0.06    True
   18 PHBUSDT        RIDING        13 BEST     +25.00%  +0.12  +0.26   False
   19 INJUSDT        RIDING         8 WATCH    +24.44%  -0.05  +0.21    True
   20 INJUSDT        BREAKOUT      14 BEST     +23.06%  +0.04  +0.30    True
   21 INJUSDT        HOLD          12 BEST     +22.74%  +0.03  +0.30    True
   22 FIDAUSDT       BREAKOUT      10 STRONG   +22.22%  +0.10  +0.18    True
   23 INJUSDT        BREAKOUT      13 BEST     +20.70%  +0.18  +0.43    True
   24 EDENUSDT       HOLD          11 STRONG   +20.23%  +0.05  +0.46    True
   25 MLNUSDT        HOLD          13 BEST     +19.65%  +0.05  +0.20    True
   26 INJUSDT        BREAKOUT      12 BEST     +19.52%  +0.19  +0.43    True
   27 DYMUSDT        RIDING        10 STRONG   +19.05%  +0.02  +0.38   False
   28 INJUSDT        HOLD          11 STRONG   +18.62%  +0.20  +0.30    True
   29 CGPTUSDT       RIDING        10 STRONG   +18.17%  -0.01  +0.04    True
   30 CGPTUSDT       RIDING         6 WATCH    +17.86%  -0.04  +0.04   False

Distribución de scores por signal_type (todos los alerts):
  BREAKOUT   (n= 27)  7:1 8:3 9:3 10:5 11:2 12:5 13:3 14:4 15:1
  EXPLOSION  (n=  9)  9:7 12:2
  HOLD       (n= 42)  8:3 9:1 11:12 12:13 13:8 15:5
  RIDING     (n= 39)  5:1 6:3 8:1 9:7 10:11 11:9 12:1 13:5 14:1

Top 30 movers — desglose:
  Buckets: BEST=13, STRONG=10, WATCH=7
  Tipos:   {'HOLD': 11, 'RIDING': 11, 'BREAKOUT': 7, 'EXPLOSION': 1}
  Score promedio top 30: 11.0
  Move promedio top 30: +33.67%

  >>> Corriendo backtest: NEW (config_E12c.json)
    [precompute] Reutilizando indicadores cacheados (200 pares)

  Simulando 168h con scans cada 15min...
    [analyze] Reutilizando 126836 candidatos cacheados (673 scans)
    Total alertas simuladas: 535

══════════════════════════════════════════════════════════════════════
 NEW (CONFIG_E12C.JSON)
══════════════════════════════════════════════════════════════════════

Total alertas: 535

Por tipo:
  RIDING      171  (31%)
  BREAKOUT    163  (30%)
  HOLD        162  (30%)
  PREBREAK     30  (5%)
  EXPLOSION     9  (1%)

Por bucket:
  BEST    277 — max_24h: +6.69%, drawdown: -7.41%, win >2%: 60%
  STRONG  162 — max_24h: +7.29%, drawdown: -7.26%, win >2%: 68%
  WATCH    96 — max_24h: +7.65%, drawdown: -8.04%, win >2%: 68%

CVD análisis:
  CVD bullish (>+0.05)     n=346  avg max 24h: +7.98%
  CVD neutral              n=133  avg max 24h: +5.79%
  CVD bearish (<-0.05)     n= 56  avg max 24h: +4.23%

OBV análisis:
  OBV rising (>+0.05)      n=462  avg max 24h: +7.42%
  OBV neutral              n= 67  avg max 24h: +4.96%
  OBV falling (<-0.05)     n=  6  avg max 24h: +1.29%

recent_long_ok análisis:
  True  n=495  avg max 24h: +6.84%, drawdown: -7.37%
  False n= 40  avg max 24h: +9.55%, drawdown: -8.74%

TOP 30 movers detectados:
    # Symbol         Type       Score Bucket    max24h     cvd     obv long_ok
    1 SAGAUSDT       HOLD          12 BEST    +106.71%  +0.08  +0.26    True
    2 EDENUSDT       RIDING        12 BEST     +83.42%  +0.09  +0.49    True
    3 EDENUSDT       RIDING         8 WATCH    +72.42%  +0.01  +0.37    True
    4 VICUSDT        BREAKOUT      15 BEST     +71.94%  +0.13  +0.39    True
    5 VICUSDT        BREAKOUT      10 STRONG   +66.99%  +0.29  +0.46    True
    6 VICUSDT        RIDING        10 STRONG   +64.77%  +0.22  +0.63    True
    7 VICUSDT        BREAKOUT      15 BEST     +61.71%  +0.16  +0.54    True
    8 EDENUSDT       BREAKOUT      10 STRONG   +57.33%  +0.12  +0.65    True
    9 FIDAUSDT       HOLD          12 BEST     +50.60%  +0.07  +0.96    True
   10 SAGAUSDT       HOLD          11 STRONG   +47.26%  +0.05  +0.31    True
   11 VICUSDT        EXPLOSION      9 WATCH    +45.24%  +0.16  +0.75    True
   12 AIUSDT         BREAKOUT       9 WATCH    +44.19%  +0.10  +0.04   False
   13 OSMOUSDT       RIDING        14 BEST     +35.95%  +0.04  +0.16    True
   14 EDENUSDT       HOLD          12 BEST     +35.15%  +0.07  +0.69    True
   15 OSMOUSDT       RIDING         9 WATCH    +34.95%  -0.08  +0.09   False
   16 VICUSDT        HOLD          12 BEST     +34.88%  +0.09  +0.80    True
   17 MLNUSDT        RIDING        11 STRONG   +34.57%  +0.46  +0.03    True
   18 FIDAUSDT       HOLD           8 WATCH    +33.37%  +0.06  +0.96   False
   19 DYMUSDT        RIDING        10 STRONG   +33.08%  +0.24  +0.41    True
   20 MLNUSDT        BREAKOUT      13 BEST     +32.93%  +0.34  +0.06    True
   21 OSMOUSDT       RIDING        11 STRONG   +32.25%  +0.07  +0.05   False
   22 SOLVUSDT       HOLD          12 BEST     +32.24%  +0.15  +0.11    True
   23 FIDAUSDT       HOLD           8 WATCH    +31.64%  +0.07  +0.98   False
   24 AIUSDT         HOLD          13 BEST     +30.53%  +0.05  +0.23    True
   25 AIUSDT         BREAKOUT      13 BEST     +29.29%  +0.28  +0.03    True
   26 DODOUSDT       HOLD          12 BEST     +28.88%  +0.09  +0.48    True
   27 OSMOUSDT       HOLD          13 BEST     +27.92%  +0.07  +0.06    True
   28 AIUSDT         BREAKOUT      12 BEST     +27.16%  +0.45  +0.06    True
   29 SOLVUSDT       RIDING        10 STRONG   +26.77%  +0.29  +0.42    True
   30 SOLVUSDT       BREAKOUT      15 BEST     +25.54%  +0.27  +0.49    True

Distribución de scores por signal_type (todos los alerts):
  BREAKOUT   (n=163)  5:2 6:1 7:1 8:5 9:6 10:12 11:13 12:30 13:33 14:22 15:38
  EXPLOSION  (n=  9)  9:7 12:2
  HOLD       (n=162)  8:5 11:35 12:103 13:12 15:7
  PREBREAK   (n= 30)  7:2 8:2 9:1 10:3 11:5 12:2 13:1 14:3 15:11
  RIDING     (n=171)  5:2 6:8 7:8 8:16 9:30 10:62 11:32 12:6 13:6 14:1

Top 30 movers — desglose:
  Buckets: BEST=16, STRONG=8, WATCH=6
  Tipos:   {'HOLD': 11, 'RIDING': 9, 'BREAKOUT': 9, 'EXPLOSION': 1}
  Score promedio top 30: 11.4
  Move promedio top 30: +44.66%

══════════════════════════════════════════════════════════════════════
 COMPARACIÓN: config.json  vs  config_E12c.json  (7 días)
══════════════════════════════════════════════════════════════════════
  Métrica                              config.json config_E12c.json
  -------------------------------- --------------- ---------------
  Total alertas                                117             535
  BREAKOUT count                                27             163
  BEST count                                    48             277
  BEST por día (target: 10-20)                 6.9            39.6
  STRONG count                                  39             162
  Explosivos totales (>20%)                     24              44
  -------------------------------- --------------- ---------------
  ★ CATCH RATE (lo más importante):
  Top 30 movers en BEST                        13/30             16/30
  Top 30 movers en BEST+STRONG                 23/30             24/30
  -------------------------------- --------------- ---------------
  ★ CALIDAD del bucket BEST:
  Avg max 24h BEST                         +13.47%          +6.69%
  Avg drawdown BEST                         -9.94%          -7.41%
  R/R BEST                                    1.35            0.90
  Win >5% en BEST                              69%              36%
  Win >10% en BEST                             40%              16%
  -------------------------------- --------------- ---------------
  Otros:
  Avg max 24h global                       +13.27%          +7.05%
  Avg max 24h STRONG                       +12.01%          +7.29%
  Avg drawdown global                      -10.44%          -7.47%
  Win >2% global                               81%              64%
  Win >5% global                               67%              38%

[4/4] Guardando resultados...
  Guardado: C:\Users\a\scancrypto\compare_E12c_w1.json

DONE
