Período backtest: 2026-05-11 17:00:00+00:00 → 2026-05-18 17:00:00+00:00 (1 semana(s), 7d)
Scan interval simulado: 15 min

[1/4] Sin snapshots; usando top pares actuales por volumen...
  200 pares calificantes hoy (top 200 por volumen)

[2/4] Descargando klines históricas...

  Descargando 200 pares × 3 timeframes = 600 requests
  Rango: 2026-05-08 a 2026-05-18 (3d buffer + período)
    50/600 descargados...
    100/600 descargados...
    150/600 descargados...
    200/600 descargados...
    250/600 descargados...
    300/600 descargados...
    350/600 descargados...
    400/600 descargados...
    450/600 descargados...
    500/600 descargados...
    550/600 descargados...
    600/600 descargados...
  200/200 pares con data completa en los 3 TF

[3/4] Ejecutando simulación...

  >>> Corriendo backtest: OLD (config.json)
    [precompute] Calculando indicadores para 200 pares...

  Simulando 168h con scans cada 15min...
    [analyze] Extrayendo candidatos (673 scans × 200 pares)...
    [analyze] 673 scans × ~200 pares = 134600 tareas
    [analyze] 126824 candidatos encontrados
    [analyze] 126824 candidatos encontrados
    Total alertas simuladas: 103

══════════════════════════════════════════════════════════════════════
 OLD (CONFIG.JSON)
══════════════════════════════════════════════════════════════════════

Total alertas: 103

Por tipo:
  HOLD         42  (40%)
  BREAKOUT     28  (27%)
  RIDING       25  (24%)
  EXPLOSION     8  (7%)

Por bucket:
  BEST     45 — max_24h: +12.77%, drawdown: -9.31%, win >2%: 78%
  STRONG   33 — max_24h: +11.69%, drawdown: -10.84%, win >2%: 85%
  WATCH    25 — max_24h: +15.31%, drawdown: -9.79%, win >2%: 80%

CVD análisis:
  CVD bullish (>+0.05)     n= 62  avg max 24h: +14.49%
  CVD neutral              n= 36  avg max 24h: +10.98%
  CVD bearish (<-0.05)     n=  5  avg max 24h: +9.80%

OBV análisis:
  OBV rising (>+0.05)      n= 89  avg max 24h: +13.29%
  OBV neutral              n= 14  avg max 24h: +11.39%

recent_long_ok análisis:
  True  n= 91  avg max 24h: +12.94%, drawdown: -9.82%
  False n= 12  avg max 24h: +13.74%, drawdown: -10.66%

TOP 30 movers detectados:
    # Symbol         Type       Score Bucket    max24h     cvd     obv long_ok
    1 SAGAUSDT       HOLD          12 BEST    +106.71%  +0.08  +0.26    True
    2 EDENUSDT       RIDING         9 WATCH    +72.42%  +0.01  +0.33    True
    3 EDENUSDT       BREAKOUT      10 STRONG   +57.33%  +0.12  +0.62    True
    4 SAGAUSDT       HOLD          11 STRONG   +47.26%  +0.05  +0.31    True
    5 VICUSDT        EXPLOSION      9 WATCH    +45.24%  +0.16  +0.74    True
    6 AIUSDT         BREAKOUT       9 WATCH    +44.19%  +0.10  +0.04   False
    7 EDENUSDT       HOLD          12 BEST     +35.15%  +0.07  +0.67    True
    8 VICUSDT        HOLD          12 BEST     +34.88%  +0.09  +0.79    True
    9 FIDAUSDT       HOLD           9 WATCH    +33.37%  +0.06  +0.95   False
   10 DYMUSDT        RIDING        10 STRONG   +33.08%  +0.24  +0.30    True
   11 MLNUSDT        BREAKOUT      13 BEST     +32.93%  +0.34  +0.06    True
   12 AIUSDT         HOLD          13 BEST     +30.53%  +0.05  +0.22    True
   13 OSMOUSDT       HOLD          13 BEST     +27.92%  +0.07  +0.06    True
   14 INJUSDT        RIDING         8 WATCH    +24.44%  -0.05  +0.21    True
   15 INJUSDT        BREAKOUT      14 BEST     +23.06%  +0.04  +0.30    True
   16 INJUSDT        HOLD          12 BEST     +22.74%  +0.03  +0.30    True
   17 FIDAUSDT       BREAKOUT      10 STRONG   +22.22%  +0.10  +0.18    True
   18 SAHARAUSDT     HOLD          12 BEST     +21.21%  +0.12  +0.05    True
   19 INJUSDT        BREAKOUT      13 BEST     +20.70%  +0.18  +0.43    True
   20 EDENUSDT       HOLD          11 STRONG   +20.23%  +0.05  +0.45    True
   21 MLNUSDT        HOLD          13 BEST     +19.65%  +0.05  +0.20    True
   22 INJUSDT        BREAKOUT      12 BEST     +19.52%  +0.19  +0.44    True
   23 DYMUSDT        RIDING        10 STRONG   +19.05%  +0.02  +0.35   False
   24 INJUSDT        HOLD          11 STRONG   +18.62%  +0.20  +0.30    True
   25 CGPTUSDT       RIDING        10 STRONG   +18.17%  -0.01  +0.04    True
   26 CGPTUSDT       RIDING         6 WATCH    +17.86%  -0.04  +0.04   False
   27 OSMOUSDT       HOLD          15 BEST     +16.48%  +0.04  +0.36    True
   28 AIUSDT         EXPLOSION      9 WATCH    +15.53%  +0.13  +0.04    True
   29 INJUSDT        RIDING         9 WATCH    +15.48%  +0.05  +0.27    True
   30 OPENUSDT       RIDING        10 STRONG   +15.38%  +0.17  +0.60    True

Distribución de scores por signal_type (todos los alerts):
  BREAKOUT   (n= 28)  7:1 8:3 9:3 10:5 11:2 12:5 13:4 14:4 15:1
  EXPLOSION  (n=  8)  9:6 12:2
  HOLD       (n= 42)  8:1 9:1 11:13 12:14 13:8 15:5
  RIDING     (n= 25)  5:1 6:3 8:1 9:5 10:9 11:4 13:2

Top 30 movers — desglose:
  Buckets: BEST=13, STRONG=9, WATCH=8
  Tipos:   {'HOLD': 13, 'RIDING': 8, 'BREAKOUT': 7, 'EXPLOSION': 2}
  Score promedio top 30: 10.9
  Move promedio top 30: +31.05%

  >>> Corriendo backtest: NEW (config_M2.json)
    [precompute] Reutilizando indicadores cacheados (200 pares)

  Simulando 168h con scans cada 15min...
    [analyze] Reutilizando 126824 candidatos cacheados (673 scans)
    Total alertas simuladas: 118

══════════════════════════════════════════════════════════════════════
 NEW (CONFIG_M2.JSON)
══════════════════════════════════════════════════════════════════════

Total alertas: 118

Por tipo:
  HOLD         44  (37%)
  RIDING       38  (32%)
  BREAKOUT     28  (23%)
  EXPLOSION     8  (6%)

Por bucket:
  BEST     49 — max_24h: +13.25%, drawdown: -9.20%, win >2%: 80%
  STRONG   40 — max_24h: +11.84%, drawdown: -10.66%, win >2%: 82%
  WATCH    29 — max_24h: +14.73%, drawdown: -9.56%, win >2%: 79%

CVD análisis:
  CVD bullish (>+0.05)     n= 70  avg max 24h: +14.49%
  CVD neutral              n= 42  avg max 24h: +10.76%
  CVD bearish (<-0.05)     n=  6  avg max 24h: +13.99%

OBV análisis:
  OBV rising (>+0.05)      n=102  avg max 24h: +13.21%
  OBV neutral              n= 16  avg max 24h: +12.68%

recent_long_ok análisis:
  True  n= 97  avg max 24h: +13.08%, drawdown: -9.80%
  False n= 21  avg max 24h: +13.40%, drawdown: -9.70%

TOP 30 movers detectados:
    # Symbol         Type       Score Bucket    max24h     cvd     obv long_ok
    1 SAGAUSDT       HOLD          12 BEST    +106.71%  +0.08  +0.26    True
    2 EDENUSDT       RIDING         9 WATCH    +72.42%  +0.01  +0.33    True
    3 EDENUSDT       BREAKOUT      10 STRONG   +57.33%  +0.12  +0.62    True
    4 SAGAUSDT       HOLD          11 STRONG   +47.26%  +0.05  +0.31    True
    5 VICUSDT        EXPLOSION      9 WATCH    +45.24%  +0.16  +0.74    True
    6 AIUSDT         BREAKOUT       9 WATCH    +44.19%  +0.10  +0.04   False
    7 OSMOUSDT       RIDING        14 BEST     +35.95%  +0.04  +0.16    True
    8 EDENUSDT       HOLD          12 BEST     +35.15%  +0.07  +0.67    True
    9 OSMOUSDT       RIDING         9 WATCH    +34.95%  -0.08  +0.09   False
   10 VICUSDT        HOLD          12 BEST     +34.88%  +0.09  +0.79    True
   11 MLNUSDT        RIDING        11 STRONG   +34.57%  +0.46  +0.03    True
   12 FIDAUSDT       HOLD           9 WATCH    +33.37%  +0.06  +0.95   False
   13 DYMUSDT        RIDING        10 STRONG   +33.08%  +0.24  +0.30    True
   14 MLNUSDT        BREAKOUT      13 BEST     +32.93%  +0.34  +0.06    True
   15 OSMOUSDT       RIDING        11 STRONG   +32.25%  +0.07  +0.05   False
   16 AIUSDT         HOLD          13 BEST     +30.53%  +0.05  +0.22    True
   17 OSMOUSDT       HOLD          13 BEST     +27.92%  +0.07  +0.06    True
   18 PHBUSDT        RIDING        13 BEST     +25.00%  +0.12  +0.26   False
   19 INJUSDT        RIDING         8 WATCH    +24.44%  -0.05  +0.21    True
   20 INJUSDT        BREAKOUT      14 BEST     +23.06%  +0.04  +0.30    True
   21 INJUSDT        HOLD          12 BEST     +22.74%  +0.03  +0.30    True
   22 FIDAUSDT       BREAKOUT      10 STRONG   +22.22%  +0.10  +0.18    True
   23 SAHARAUSDT     HOLD          12 BEST     +21.21%  +0.12  +0.05    True
   24 INJUSDT        BREAKOUT      13 BEST     +20.70%  +0.18  +0.43    True
   25 EDENUSDT       HOLD          11 STRONG   +20.23%  +0.05  +0.45    True
   26 MLNUSDT        HOLD          13 BEST     +19.65%  +0.05  +0.20    True
   27 INJUSDT        BREAKOUT      12 BEST     +19.52%  +0.19  +0.44    True
   28 DYMUSDT        RIDING        10 STRONG   +19.05%  +0.02  +0.35   False
   29 INJUSDT        HOLD          11 STRONG   +18.62%  +0.20  +0.30    True
   30 CGPTUSDT       RIDING        10 STRONG   +18.17%  -0.01  +0.04    True

Distribución de scores por signal_type (todos los alerts):
  BREAKOUT   (n= 28)  7:1 8:3 9:3 10:5 11:2 12:5 13:4 14:4 15:1
  EXPLOSION  (n=  8)  9:6 12:2
  HOLD       (n= 44)  8:3 9:1 11:13 12:14 13:8 15:5
  RIDING     (n= 38)  5:1 6:3 8:1 9:7 10:11 11:9 12:1 13:4 14:1

Top 30 movers — desglose:
  Buckets: BEST=14, STRONG=10, WATCH=6
  Tipos:   {'HOLD': 12, 'RIDING': 10, 'BREAKOUT': 7, 'EXPLOSION': 1}
  Score promedio top 30: 11.2
  Move promedio top 30: +33.78%

══════════════════════════════════════════════════════════════════════
 COMPARACIÓN: config.json  vs  config_M2.json  (7 días)
══════════════════════════════════════════════════════════════════════
  Métrica                              config.json  config_M2.json
  -------------------------------- --------------- ---------------
  Total alertas                                103             118
  BREAKOUT count                                28              28
  BEST count                                    45              49
  BEST por día (target: 10-20)                 6.4             7.0
  STRONG count                                  33              40
  Explosivos totales (>20%)                     20              25
  -------------------------------- --------------- ---------------
  ★ CATCH RATE (lo más importante):
  Top 30 movers en BEST                        13/30             14/30
  Top 30 movers en BEST+STRONG                 22/30             24/30
  -------------------------------- --------------- ---------------
  ★ CALIDAD del bucket BEST:
  Avg max 24h BEST                         +12.77%         +13.25%
  Avg drawdown BEST                         -9.31%          -9.20%
  R/R BEST                                    1.37            1.44
  Win >5% en BEST                              62%              65%
  Win >10% en BEST                             38%              39%
  -------------------------------- --------------- ---------------
  Otros:
  Avg max 24h global                       +13.04%         +13.14%
  Avg max 24h STRONG                       +11.69%         +11.84%
  Avg drawdown global                       -9.92%          -9.78%
  Win >2% global                               81%              81%
  Win >5% global                               64%              64%

[4/4] Guardando resultados...
  Guardado: C:\Users\a\scancrypto\compare_M2_w1.json

DONE
