Período backtest: 2026-05-11 21:00:00+00:00 → 2026-05-18 21:00:00+00:00 (1 semana(s), 7d)
Scan interval simulado: 15 min

[1/4] Sin snapshots; usando top pares actuales por volumen...
  200 pares calificantes hoy (top 200 por volumen)

[2/4] Descargando klines históricas...

  Descargando 200 pares × 3 timeframes = 600 requests
  Rango: 2026-05-08 a 2026-05-18 (3d buffer + período)
    50/600 descargados...
    100/600 descargados...
    150/600 descargados...
    200/600 descargados...
    250/600 descargados...
    300/600 descargados...
    350/600 descargados...
    400/600 descargados...
    450/600 descargados...
    500/600 descargados...
    550/600 descargados...
    600/600 descargados...
  200/200 pares con data completa en los 3 TF

[3/4] Ejecutando simulación...

  >>> Corriendo backtest: OLD (config.json)
    [precompute] Calculando indicadores para 200 pares...

  Simulando 168h con scans cada 15min...
    [analyze] Extrayendo candidatos (673 scans × 200 pares)...
    [analyze] 673 scans × ~200 pares = 134600 tareas
    [analyze] 126840 candidatos encontrados
    [analyze] 126840 candidatos encontrados
    Total alertas simuladas: 116

══════════════════════════════════════════════════════════════════════
 OLD (CONFIG.JSON)
══════════════════════════════════════════════════════════════════════

Total alertas: 116

Por tipo:
  HOLD         42  (36%)
  RIDING       38  (32%)
  BREAKOUT     27  (23%)
  EXPLOSION     9  (7%)

Por bucket:
  BEST     48 — max_24h: +13.34%, drawdown: -10.04%, win >2%: 81%
  STRONG   38 — max_24h: +11.45%, drawdown: -11.15%, win >2%: 82%
  WATCH    30 — max_24h: +14.58%, drawdown: -10.64%, win >2%: 80%

CVD análisis:
  CVD bullish (>+0.05)     n= 67  avg max 24h: +14.37%
  CVD neutral              n= 43  avg max 24h: +10.85%
  CVD bearish (<-0.05)     n=  6  avg max 24h: +13.99%

OBV análisis:
  OBV rising (>+0.05)      n=101  avg max 24h: +13.18%
  OBV neutral              n= 15  avg max 24h: +12.11%

recent_long_ok análisis:
  True  n= 94  avg max 24h: +13.09%, drawdown: -10.46%
  False n= 22  avg max 24h: +12.85%, drawdown: -11.00%

TOP 30 movers detectados:
    # Symbol         Type       Score Bucket    max24h     cvd     obv long_ok
    1 SAGAUSDT       HOLD          12 BEST    +100.56%  +0.08  +0.35    True
    2 EDENUSDT       RIDING         9 WATCH    +72.42%  +0.01  +0.37    True
    3 EDENUSDT       BREAKOUT      10 STRONG   +57.33%  +0.12  +0.65    True
    4 SAGAUSDT       HOLD          11 STRONG   +47.26%  +0.05  +0.31    True
    5 VICUSDT        EXPLOSION      9 WATCH    +45.24%  +0.16  +0.75    True
    6 AIUSDT         BREAKOUT       9 WATCH    +44.19%  +0.10  +0.04   False
    7 OSMOUSDT       RIDING        14 BEST     +35.95%  +0.04  +0.16    True
    8 EDENUSDT       HOLD          12 BEST     +35.15%  +0.07  +0.69    True
    9 OSMOUSDT       RIDING         9 WATCH    +34.95%  -0.08  +0.09   False
   10 VICUSDT        HOLD          12 BEST     +34.88%  +0.09  +0.80    True
   11 MLNUSDT        RIDING        11 STRONG   +34.57%  +0.46  +0.03    True
   12 FIDAUSDT       HOLD           9 WATCH    +33.37%  +0.06  +0.96   False
   13 MLNUSDT        BREAKOUT      13 BEST     +32.93%  +0.34  +0.06    True
   14 OSMOUSDT       RIDING        11 STRONG   +32.25%  +0.07  +0.05   False
   15 AIUSDT         HOLD          13 BEST     +30.53%  +0.05  +0.23    True
   16 OSMOUSDT       HOLD          13 BEST     +27.92%  +0.07  +0.06    True
   17 PHBUSDT        RIDING        13 BEST     +25.00%  +0.12  +0.26   False
   18 INJUSDT        RIDING         8 WATCH    +24.44%  -0.05  +0.22    True
   19 INJUSDT        BREAKOUT      14 BEST     +23.06%  +0.04  +0.32    True
   20 INJUSDT        HOLD          12 BEST     +22.74%  +0.03  +0.32    True
   21 FIDAUSDT       BREAKOUT      10 STRONG   +22.22%  +0.10  +0.18    True
   22 INJUSDT        BREAKOUT      13 BEST     +20.70%  +0.18  +0.45    True
   23 EDENUSDT       HOLD          11 STRONG   +20.23%  +0.05  +0.46    True
   24 MLNUSDT        HOLD          13 BEST     +19.65%  +0.05  +0.20    True
   25 INJUSDT        BREAKOUT      12 BEST     +19.52%  +0.19  +0.46    True
   26 DYMUSDT        RIDING        10 STRONG   +19.05%  +0.02  +0.38   False
   27 INJUSDT        HOLD          11 STRONG   +18.62%  +0.20  +0.32    True
   28 CGPTUSDT       RIDING        10 STRONG   +18.17%  -0.01  +0.04    True
   29 CGPTUSDT       RIDING         6 WATCH    +17.86%  -0.04  +0.04   False
   30 OSMOUSDT       HOLD          15 BEST     +16.48%  +0.04  +0.36    True

Distribución de scores por signal_type (todos los alerts):
  BREAKOUT   (n= 27)  7:1 8:3 9:3 10:5 11:2 12:5 13:3 14:4 15:1
  EXPLOSION  (n=  9)  9:7 12:2
  HOLD       (n= 42)  8:3 9:1 11:12 12:13 13:8 15:5
  RIDING     (n= 38)  5:1 6:3 8:1 9:7 10:10 11:9 12:1 13:5 14:1

Top 30 movers — desglose:
  Buckets: BEST=14, STRONG=9, WATCH=7
  Tipos:   {'HOLD': 12, 'RIDING': 10, 'BREAKOUT': 7, 'EXPLOSION': 1}
  Score promedio top 30: 11.2
  Move promedio top 30: +32.91%

  >>> Corriendo backtest: NEW (config_E12d.json)
    [precompute] Reutilizando indicadores cacheados (200 pares)

  Simulando 168h con scans cada 15min...
    [analyze] Reutilizando 126840 candidatos cacheados (673 scans)
    Total alertas simuladas: 248

══════════════════════════════════════════════════════════════════════
 NEW (CONFIG_E12D.JSON)
══════════════════════════════════════════════════════════════════════

Total alertas: 248

Por tipo:
  HOLD         87  (35%)
  BREAKOUT     68  (27%)
  RIDING       64  (25%)
  PREBREAK     20  (8%)
  EXPLOSION     9  (3%)

Por bucket:
  BEST    130 — max_24h: +8.63%, drawdown: -8.33%, win >2%: 67%
  STRONG   70 — max_24h: +9.79%, drawdown: -9.23%, win >2%: 79%
  WATCH    48 — max_24h: +10.30%, drawdown: -9.52%, win >2%: 73%

CVD análisis:
  CVD bullish (>+0.05)     n=161  avg max 24h: +10.08%
  CVD neutral              n= 64  avg max 24h: +8.60%
  CVD bearish (<-0.05)     n= 23  avg max 24h: +5.56%

OBV análisis:
  OBV rising (>+0.05)      n=212  avg max 24h: +9.75%
  OBV neutral              n= 33  avg max 24h: +6.97%
  OBV falling (<-0.05)     n=  3  avg max 24h: +1.40%

recent_long_ok análisis:
  True  n=217  avg max 24h: +9.16%, drawdown: -8.76%
  False n= 31  avg max 24h: +10.15%, drawdown: -9.24%

TOP 30 movers detectados:
    # Symbol         Type       Score Bucket    max24h     cvd     obv long_ok
    1 SAGAUSDT       HOLD          12 BEST    +100.56%  +0.08  +0.35    True
    2 EDENUSDT       RIDING        12 BEST     +83.42%  +0.09  +0.49    True
    3 EDENUSDT       RIDING         8 WATCH    +72.42%  +0.01  +0.37    True
    4 VICUSDT        BREAKOUT      11 STRONG   +66.99%  +0.29  +0.46    True
    5 EDENUSDT       BREAKOUT      10 STRONG   +57.33%  +0.12  +0.65    True
    6 FIDAUSDT       HOLD          12 BEST     +50.60%  +0.07  +0.96    True
    7 SAGAUSDT       HOLD          11 STRONG   +47.26%  +0.05  +0.31    True
    8 VICUSDT        EXPLOSION      9 WATCH    +45.24%  +0.16  +0.75    True
    9 AIUSDT         BREAKOUT       9 WATCH    +44.19%  +0.10  +0.04   False
   10 OSMOUSDT       RIDING        14 BEST     +35.95%  +0.04  +0.16    True
   11 EDENUSDT       HOLD          12 BEST     +35.15%  +0.07  +0.69    True
   12 OSMOUSDT       RIDING         9 WATCH    +34.95%  -0.08  +0.09   False
   13 VICUSDT        HOLD          12 BEST     +34.88%  +0.09  +0.80    True
   14 MLNUSDT        RIDING        11 STRONG   +34.57%  +0.46  +0.03    True
   15 FIDAUSDT       HOLD           8 WATCH    +33.37%  +0.06  +0.96   False
   16 MLNUSDT        BREAKOUT      13 BEST     +32.93%  +0.34  +0.06    True
   17 OSMOUSDT       RIDING        11 STRONG   +32.25%  +0.07  +0.05   False
   18 AIUSDT         HOLD          13 BEST     +30.53%  +0.05  +0.23    True
   19 OSMOUSDT       HOLD          13 BEST     +27.92%  +0.07  +0.06    True
   20 PHBUSDT        RIDING        13 BEST     +25.00%  +0.12  +0.26   False
   21 INJUSDT        RIDING         8 WATCH    +24.44%  -0.05  +0.22    True
   22 INJUSDT        BREAKOUT      14 BEST     +23.06%  +0.04  +0.32    True
   23 KAIAUSDT       HOLD          12 BEST     +22.76%  +0.10  +0.24    True
   24 KAIAUSDT       RIDING        10 STRONG   +22.76%  +0.17  +0.19    True
   25 INJUSDT        HOLD          12 BEST     +22.74%  +0.03  +0.32    True
   26 FIDAUSDT       BREAKOUT      10 STRONG   +22.22%  +0.10  +0.18    True
   27 KAIAUSDT       BREAKOUT      15 BEST     +21.24%  +0.17  +0.31    True
   28 INJUSDT        BREAKOUT      13 BEST     +20.70%  +0.18  +0.45    True
   29 EDENUSDT       HOLD          11 STRONG   +20.23%  +0.05  +0.46    True
   30 MLNUSDT        HOLD          13 BEST     +19.65%  +0.05  +0.20    True

Distribución de scores por signal_type (todos los alerts):
  BREAKOUT   (n= 68)  5:1 6:1 7:1 8:5 9:5 10:7 11:7 12:12 13:11 14:9 15:9
  EXPLOSION  (n=  9)  9:7 12:2
  HOLD       (n= 87)  8:4 11:15 12:54 13:9 15:5
  PREBREAK   (n= 20)  7:2 8:2 9:1 10:1 11:3 12:2 13:1 15:8
  RIDING     (n= 64)  5:1 6:3 7:2 8:6 9:7 10:23 11:14 12:2 13:5 14:1

Top 30 movers — desglose:
  Buckets: BEST=16, STRONG=8, WATCH=6
  Tipos:   {'HOLD': 12, 'RIDING': 9, 'BREAKOUT': 8, 'EXPLOSION': 1}
  Score promedio top 30: 11.4
  Move promedio top 30: +38.18%

══════════════════════════════════════════════════════════════════════
 COMPARACIÓN: config.json  vs  config_E12d.json  (7 días)
══════════════════════════════════════════════════════════════════════
  Métrica                              config.json config_E12d.json
  -------------------------------- --------------- ---------------
  Total alertas                                116             248
  BREAKOUT count                                27              68
  BEST count                                    48             130
  BEST por día (target: 10-20)                 6.9            18.6
  STRONG count                                  38              70
  Explosivos totales (>20%)                     23              29
  -------------------------------- --------------- ---------------
  ★ CATCH RATE (lo más importante):
  Top 30 movers en BEST                        14/30             16/30
  Top 30 movers en BEST+STRONG                 23/30             24/30
  -------------------------------- --------------- ---------------
  ★ CALIDAD del bucket BEST:
  Avg max 24h BEST                         +13.34%          +8.63%
  Avg drawdown BEST                        -10.04%          -8.33%
  R/R BEST                                    1.33            1.04
  Win >5% en BEST                              69%              45%
  Win >10% en BEST                             40%              24%
  -------------------------------- --------------- ---------------
  Otros:
  Avg max 24h global                       +13.05%          +9.28%
  Avg max 24h STRONG                       +11.45%          +9.79%
  Avg drawdown global                      -10.56%          -8.82%
  Win >2% global                               81%              71%
  Win >5% global                               66%              48%

[4/4] Guardando resultados...
  Guardado: C:\Users\a\scancrypto\compare_E12d_w1.json

DONE
