Período backtest: 2026-05-02 00:00:00+00:00 → 2026-05-16 00:00:00+00:00 (2 semana(s), 14d)
Scan interval simulado: 15 min

[1/4] Sin snapshots; usando top pares actuales por volumen...
  200 pares calificantes hoy (top 200 por volumen)

[2/4] Descargando klines históricas...

  Descargando 200 pares × 3 timeframes = 600 requests
  Rango: 2026-04-29 a 2026-05-16 (3d buffer + período)
    50/600 descargados...
    100/600 descargados...
    150/600 descargados...
    200/600 descargados...
    250/600 descargados...
    300/600 descargados...
    350/600 descargados...
    400/600 descargados...
    450/600 descargados...
    500/600 descargados...
    550/600 descargados...
  199/200 pares con data completa en los 3 TF

[3/4] Ejecutando simulación...

  >>> Corriendo backtest: OLD (config.json)
    [precompute] Calculando indicadores para 199 pares...

  Simulando 336h con scans cada 15min...
    [analyze] Extrayendo candidatos (1345 scans × 199 pares)...
    [analyze] 1345 scans × ~199 pares = 267655 tareas
    [analyze] 260351 candidatos encontrados
    [analyze] 260351 candidatos encontrados
    Total alertas simuladas: 307

══════════════════════════════════════════════════════════════════════
 OLD (CONFIG.JSON)
══════════════════════════════════════════════════════════════════════

Total alertas: 307

Por tipo:
  HOLD        130  (42%)
  RIDING       94  (30%)
  BREAKOUT     69  (22%)
  EXPLOSION    14  (4%)

Por bucket:
  BEST    133 — max_24h: +16.74%, drawdown: -8.03%, win >2%: 82%
  STRONG  107 — max_24h: +13.16%, drawdown: -10.80%, win >2%: 79%
  WATCH    67 — max_24h: +17.19%, drawdown: -7.84%, win >2%: 85%

CVD análisis:
  CVD bullish (>+0.05)     n=177  avg max 24h: +16.21%
  CVD neutral              n=122  avg max 24h: +14.04%
  CVD bearish (<-0.05)     n=  8  avg max 24h: +25.57%

OBV análisis:
  OBV rising (>+0.05)      n=269  avg max 24h: +15.37%
  OBV neutral              n= 38  avg max 24h: +17.19%

recent_long_ok análisis:
  True  n=263  avg max 24h: +15.40%, drawdown: -8.90%
  False n= 44  avg max 24h: +16.76%, drawdown: -9.28%

TOP 30 movers detectados:
    # Symbol         Type       Score Bucket    max24h     cvd     obv long_ok
    1 OSMOUSDT       BREAKOUT       9 WATCH   +130.05%  +0.03  +0.35    True
    2 TSTUSDT        BREAKOUT      14 BEST    +109.28%  +0.01  +0.23    True
    3 NILUSDT        BREAKOUT      11 STRONG  +109.16%  +0.05  +0.61    True
    4 SAGAUSDT       HOLD          12 BEST    +106.71%  +0.08  +0.26    True
    5 SAGAUSDT       RIDING        10 STRONG  +101.68%  -0.05  +0.33   False
    6 TSTUSDT        BREAKOUT      13 BEST     +95.17%  +0.07  +0.18    True
    7 OSMOUSDT       RIDING         9 WATCH    +93.38%  +0.05  -0.02   False
    8 DUSDT          HOLD          12 BEST     +78.15%  +0.06  +1.49    True
    9 DOGSUSDT       HOLD          12 BEST     +67.17%  +0.10  +0.65    True
   10 BABYUSDT       BREAKOUT      15 BEST     +66.79%  +0.11  +0.44    True
   11 NILUSDT        BREAKOUT       8 WATCH    +66.61%  -0.09  +0.48    True
   12 BABYUSDT       RIDING         9 WATCH    +65.67%  +0.01  +0.16    True
   13 TSTUSDT        EXPLOSION     12 BEST     +63.48%  -0.07  +0.03   False
   14 SAGAUSDT       HOLD          12 BEST     +56.69%  +0.05  +0.66    True
   15 BABYUSDT       HOLD          12 BEST     +56.28%  +0.09  +0.25    True
   16 DOGSUSDT       HOLD          12 BEST     +51.65%  +0.09  +0.13    True
   17 TSTUSDT        HOLD          12 BEST     +51.48%  +0.08  +0.34    True
   18 SAGAUSDT       BREAKOUT      10 STRONG   +51.42%  +0.01  +0.72    True
   19 TSTUSDT        BREAKOUT       6 WATCH    +50.61%  +0.20  +0.02    True
   20 BABYUSDT       HOLD          11 STRONG   +50.26%  +0.18  +0.39    True
   21 JTOUSDT        HOLD          15 BEST     +49.86%  +0.13  +0.24    True
   22 SAGAUSDT       HOLD          11 STRONG   +47.26%  +0.05  +0.30    True
   23 VICUSDT        EXPLOSION      9 WATCH    +45.24%  +0.16  +0.57    True
   24 AIUSDT         BREAKOUT       9 WATCH    +44.19%  +0.10  +0.01   False
   25 NILUSDT        HOLD          12 BEST     +43.12%  +0.03  +0.07    True
   26 DOGSUSDT       HOLD          11 STRONG   +43.07%  +0.06  +0.74    True
   27 JTOUSDT        HOLD          14 BEST     +41.99%  +0.10  +0.29    True
   28 SAHARAUSDT     HOLD          10 STRONG   +37.78%  +0.07  +0.09   False
   29 OSMOUSDT       HOLD          12 BEST     +37.69%  +0.07  +0.53    True
   30 ONDOUSDT       RIDING        12 BEST     +35.81%  +0.03  +0.13    True

Distribución de scores por signal_type (todos los alerts):
  BREAKOUT   (n= 69)  4:1 6:3 7:4 8:6 9:7 10:8 11:8 12:11 13:10 14:3 15:8
  EXPLOSION  (n= 14)  9:8 12:6
  HOLD       (n=130)  8:2 9:3 10:3 11:42 12:52 13:18 14:3 15:7
  RIDING     (n= 94)  3:1 6:4 8:7 9:21 10:25 11:21 12:10 13:5

Top 30 movers — desglose:
  Buckets: BEST=16, STRONG=7, WATCH=7
  Tipos:   {'BREAKOUT': 9, 'HOLD': 15, 'RIDING': 4, 'EXPLOSION': 2}
  Score promedio top 30: 11.2
  Move promedio top 30: +64.92%

  >>> Corriendo backtest: NEW (config_E15.json)
    [precompute] Calculando indicadores para 199 pares...

  Simulando 336h con scans cada 15min...
    [analyze] Extrayendo candidatos (1345 scans × 199 pares)...
    [analyze] 1345 scans × ~199 pares = 267655 tareas
    [analyze] 260351 candidatos encontrados
    [analyze] 260351 candidatos encontrados
    Total alertas simuladas: 343

══════════════════════════════════════════════════════════════════════
 NEW (CONFIG_E15.JSON)
══════════════════════════════════════════════════════════════════════

Total alertas: 343

Por tipo:
  HOLD        132  (38%)
  RIDING      126  (36%)
  BREAKOUT     69  (20%)
  EXPLOSION    16  (4%)

Por bucket:
  BEST    145 — max_24h: +16.73%, drawdown: -7.95%, win >2%: 83%
  STRONG  121 — max_24h: +12.36%, drawdown: -10.68%, win >2%: 78%
  WATCH    77 — max_24h: +17.04%, drawdown: -7.51%, win >2%: 86%

CVD análisis:
  CVD bullish (>+0.05)     n=189  avg max 24h: +15.92%
  CVD neutral              n=140  avg max 24h: +13.58%
  CVD bearish (<-0.05)     n= 14  avg max 24h: +23.11%

OBV análisis:
  OBV rising (>+0.05)      n=294  avg max 24h: +15.09%
  OBV neutral              n= 49  avg max 24h: +16.24%

recent_long_ok análisis:
  True  n=288  avg max 24h: +15.16%, drawdown: -8.70%
  False n= 55  avg max 24h: +15.77%, drawdown: -9.39%

TOP 30 movers detectados:
    # Symbol         Type       Score Bucket    max24h     cvd     obv long_ok
    1 OSMOUSDT       BREAKOUT       9 WATCH   +130.05%  +0.03  +0.35    True
    2 TSTUSDT        BREAKOUT      14 BEST    +109.28%  +0.01  +0.23    True
    3 NILUSDT        BREAKOUT      11 STRONG  +109.16%  +0.05  +0.61    True
    4 SAGAUSDT       HOLD          12 BEST    +106.71%  +0.08  +0.26    True
    5 SAGAUSDT       RIDING        10 STRONG  +101.68%  -0.05  +0.33   False
    6 TSTUSDT        BREAKOUT      13 BEST     +95.17%  +0.07  +0.18    True
    7 OSMOUSDT       RIDING         9 WATCH    +93.38%  +0.05  -0.02   False
    8 DUSDT          HOLD          12 BEST     +78.15%  +0.06  +1.49    True
    9 DOGSUSDT       HOLD          12 BEST     +67.17%  +0.10  +0.65    True
   10 BABYUSDT       BREAKOUT      15 BEST     +66.79%  +0.11  +0.44    True
   11 NILUSDT        BREAKOUT       8 WATCH    +66.61%  -0.09  +0.48    True
   12 BABYUSDT       RIDING         9 WATCH    +65.67%  +0.01  +0.16    True
   13 TSTUSDT        EXPLOSION     12 BEST     +63.48%  -0.07  +0.03   False
   14 SAGAUSDT       HOLD          12 BEST     +56.69%  +0.05  +0.66    True
   15 BABYUSDT       HOLD          12 BEST     +56.28%  +0.09  +0.25    True
   16 DOGSUSDT       HOLD          12 BEST     +51.65%  +0.09  +0.13    True
   17 TSTUSDT        RIDING         7 WATCH    +51.57%  -0.07  +0.00    True
   18 TSTUSDT        HOLD          12 BEST     +51.48%  +0.08  +0.34    True
   19 SAGAUSDT       BREAKOUT      10 STRONG   +51.42%  +0.01  +0.72    True
   20 TSTUSDT        BREAKOUT       6 WATCH    +50.61%  +0.20  +0.02    True
   21 BABYUSDT       HOLD          11 STRONG   +50.26%  +0.18  +0.39    True
   22 JTOUSDT        HOLD          15 BEST     +49.86%  +0.13  +0.24    True
   23 SAGAUSDT       HOLD          11 STRONG   +47.26%  +0.05  +0.30    True
   24 VICUSDT        EXPLOSION      9 WATCH    +45.24%  +0.16  +0.57    True
   25 AIUSDT         BREAKOUT       9 WATCH    +44.19%  +0.10  +0.01   False
   26 NILUSDT        HOLD          12 BEST     +43.12%  +0.03  +0.07    True
   27 DOGSUSDT       HOLD          11 STRONG   +43.07%  +0.06  +0.74    True
   28 JTOUSDT        HOLD          14 BEST     +41.99%  +0.10  +0.29    True
   29 SAHARAUSDT     HOLD          10 STRONG   +37.78%  +0.07  +0.09   False
   30 OSMOUSDT       HOLD          12 BEST     +37.69%  +0.07  +0.53    True

Distribución de scores por signal_type (todos los alerts):
  BREAKOUT   (n= 69)  4:1 6:3 7:4 8:6 9:7 10:8 11:8 12:11 13:10 14:3 15:8
  EXPLOSION  (n= 16)  9:9 12:7
  HOLD       (n=132)  8:2 9:4 10:4 11:42 12:53 13:17 14:3 15:7
  RIDING     (n=126)  3:1 6:4 7:3 8:9 9:24 10:33 11:26 12:13 13:12 14:1

Top 30 movers — desglose:
  Buckets: BEST=15, STRONG=7, WATCH=8
  Tipos:   {'BREAKOUT': 9, 'HOLD': 15, 'RIDING': 4, 'EXPLOSION': 2}
  Score promedio top 30: 11.0
  Move promedio top 30: +65.45%

══════════════════════════════════════════════════════════════════════
 COMPARACIÓN: config.json  vs  config_E15.json  (14 días)
══════════════════════════════════════════════════════════════════════
  Métrica                              config.json config_E15.json
  -------------------------------- --------------- ---------------
  Total alertas                                307             343
  BREAKOUT count                                69              69
  BEST count                                   133             145
  BEST por día (target: 10-20)                 9.5            10.4
  STRONG count                                 107             121
  Explosivos totales (>20%)                     76              83
  -------------------------------- --------------- ---------------
  ★ CATCH RATE (lo más importante):
  Top 30 movers en BEST                        16/30             15/30
  Top 30 movers en BEST+STRONG                 23/30             22/30
  -------------------------------- --------------- ---------------
  ★ CALIDAD del bucket BEST:
  Avg max 24h BEST                         +16.74%         +16.73%
  Avg drawdown BEST                         -8.03%          -7.95%
  R/R BEST                                    2.09            2.11
  Win >5% en BEST                              65%              68%
  Win >10% en BEST                             49%              50%
  -------------------------------- --------------- ---------------
  Otros:
  Avg max 24h global                       +15.59%         +15.26%
  Avg max 24h STRONG                       +13.16%         +12.36%
  Avg drawdown global                       -8.96%          -8.81%
  Win >2% global                               81%              82%
  Win >5% global                               64%              64%

[4/4] Guardando resultados...
  Guardado: C:\Users\a\scancrypto\compare_E15_w1.json

DONE
