Período backtest: 2026-04-20 17:00:00+00:00 → 2026-05-18 17:00:00+00:00 (4 semana(s), 28d)
Scan interval simulado: 15 min

[1/4] Sin snapshots; usando top pares actuales por volumen...
  200 pares calificantes hoy (top 200 por volumen)

[2/4] Descargando klines históricas...

  Descargando 200 pares × 3 timeframes = 600 requests
  Rango: 2026-04-17 a 2026-05-18 (3d buffer + período)
    50/600 descargados...
    100/600 descargados...
    150/600 descargados...
    200/600 descargados...
    250/600 descargados...
    300/600 descargados...
    350/600 descargados...
    400/600 descargados...
    450/600 descargados...
    500/600 descargados...
    550/600 descargados...
    600/600 descargados...
  200/200 pares con data completa en los 3 TF

[3/4] Ejecutando simulación...

  >>> Corriendo backtest: OLD (config.json)
    [precompute] Calculando indicadores para 200 pares...

  Simulando 672h con scans cada 15min...
    [analyze] Extrayendo candidatos (2689 scans × 200 pares)...
    [analyze] 2689 scans × ~200 pares = 537800 tareas
    [analyze] 526416 candidatos encontrados
    [analyze] 526416 candidatos encontrados
    Total alertas simuladas: 511

══════════════════════════════════════════════════════════════════════
 OLD (CONFIG.JSON)
══════════════════════════════════════════════════════════════════════

Total alertas: 511

Por tipo:
  HOLD        213  (41%)
  RIDING      141  (27%)
  BREAKOUT    127  (24%)
  EXPLOSION    29  (5%)
  PREBREAK      1  (0%)

Por bucket:
  BEST    218 — max_24h: +14.63%, drawdown: -8.94%, win >2%: 83%
  STRONG  153 — max_24h: +11.42%, drawdown: -11.02%, win >2%: 78%
  WATCH   140 — max_24h: +18.40%, drawdown: -8.64%, win >2%: 84%

CVD análisis:
  CVD bullish (>+0.05)     n=307  avg max 24h: +14.07%
  CVD neutral              n=181  avg max 24h: +16.47%
  CVD bearish (<-0.05)     n= 23  avg max 24h: +9.20%

OBV análisis:
  OBV rising (>+0.05)      n=411  avg max 24h: +14.97%
  OBV neutral              n= 95  avg max 24h: +14.06%
  OBV falling (<-0.05)     n=  5  avg max 24h: +4.20%

recent_long_ok análisis:
  True  n=433  avg max 24h: +14.37%, drawdown: -9.60%
  False n= 78  avg max 24h: +16.54%, drawdown: -8.82%

TOP 30 movers detectados:
    # Symbol         Type       Score Bucket    max24h     cvd     obv long_ok
    1 OSMOUSDT       BREAKOUT       9 WATCH   +130.05%  +0.03  +0.22    True
    2 TSTUSDT        BREAKOUT      14 BEST    +109.28%  +0.01  +0.40    True
    3 SAGAUSDT       HOLD          12 BEST    +106.71%  +0.08  +0.31    True
    4 SAGAUSDT       RIDING        10 STRONG  +101.68%  -0.05  +0.55   False
    5 KATUSDT        BREAKOUT       8 WATCH    +97.49%  +0.00  +0.11    True
    6 TSTUSDT        BREAKOUT      14 BEST     +95.17%  +0.07  +0.33    True
    7 OSMOUSDT       RIDING         9 WATCH    +93.38%  +0.05  -0.01   False
    8 SPKUSDT        RIDING         9 WATCH    +86.65%  +0.01  +0.26   False
    9 DUSDT          HOLD          12 BEST     +78.15%  +0.06  +0.53    True
   10 SPKUSDT        RIDING         9 WATCH    +72.91%  +0.00  +0.35   False
   11 EDENUSDT       RIDING         9 WATCH    +72.42%  +0.01  +0.10    True
   12 KATUSDT        BREAKOUT       8 WATCH    +69.71%  +0.00  +0.16    True
   13 KATUSDT        HOLD          12 BEST     +69.65%  +0.03  +0.81    True
   14 DOGSUSDT       HOLD          12 BEST     +67.17%  +0.10  +0.35    True
   15 BABYUSDT       BREAKOUT      15 BEST     +66.79%  +0.11  +0.67    True
   16 BABYUSDT       RIDING         9 WATCH    +65.67%  +0.01  +0.23    True
   17 TSTUSDT        EXPLOSION     12 BEST     +63.48%  -0.07  +0.04   False
   18 ORCAUSDT       HOLD           9 WATCH    +58.58%  +0.04  +0.36   False
   19 EDENUSDT       BREAKOUT       9 WATCH    +57.33%  +0.12  +0.31    True
   20 SAGAUSDT       HOLD          12 BEST     +56.69%  +0.05  +1.37    True
   21 BABYUSDT       HOLD          12 BEST     +56.28%  +0.09  +0.32    True
   22 ENSOUSDT       EXPLOSION     12 BEST     +55.29%  +0.19  +0.73    True
   23 MOVRUSDT       BREAKOUT       9 WATCH    +54.81%  +0.07  +0.16    True
   24 BIOUSDT        BREAKOUT       5 WATCH    +54.57%  +0.06  +0.03    True
   25 DOGSUSDT       HOLD          12 BEST     +51.65%  +0.09  +0.10    True
   26 TSTUSDT        HOLD          12 BEST     +51.48%  +0.08  +0.52    True
   27 SAGAUSDT       BREAKOUT      10 STRONG   +51.42%  +0.01  +1.18    True
   28 TSTUSDT        BREAKOUT       6 WATCH    +50.61%  +0.20  +0.03    True
   29 BABYUSDT       HOLD          11 STRONG   +50.26%  +0.18  +0.48    True
   30 ORCAUSDT       EXPLOSION      9 WATCH    +49.96%  +0.17  +0.18    True

Distribución de scores por signal_type (todos los alerts):
  BREAKOUT   (n=127)  3:1 4:3 5:3 6:4 7:8 8:16 9:13 10:14 11:12 12:18 13:19 14:6 15:10
  EXPLOSION  (n= 29)  9:21 12:8
  HOLD       (n=213)  8:6 9:8 10:5 11:60 12:88 13:29 14:2 15:15
  PREBREAK   (n=  1)  8:1
  RIDING     (n=141)  3:1 5:3 6:6 7:4 8:14 9:28 10:37 11:25 12:15 13:7 15:1

Top 30 movers — desglose:
  Buckets: BEST=13, STRONG=3, WATCH=14
  Tipos:   {'BREAKOUT': 11, 'HOLD': 10, 'RIDING': 6, 'EXPLOSION': 3}
  Score promedio top 30: 10.4
  Move promedio top 30: +71.51%

  >>> Corriendo backtest: NEW (config_M2.json)
    [precompute] Reutilizando indicadores cacheados (200 pares)

  Simulando 672h con scans cada 15min...
    [analyze] Reutilizando 526416 candidatos cacheados (2689 scans)
    Total alertas simuladas: 556

══════════════════════════════════════════════════════════════════════
 NEW (CONFIG_M2.JSON)
══════════════════════════════════════════════════════════════════════

Total alertas: 556

Por tipo:
  HOLD        216  (38%)
  RIDING      181  (32%)
  BREAKOUT    127  (22%)
  EXPLOSION    31  (5%)
  PREBREAK      1  (0%)

Por bucket:
  BEST    226 — max_24h: +14.63%, drawdown: -8.91%, win >2%: 84%
  STRONG  173 — max_24h: +11.65%, drawdown: -10.64%, win >2%: 79%
  WATCH   157 — max_24h: +17.82%, drawdown: -8.37%, win >2%: 83%

CVD análisis:
  CVD bullish (>+0.05)     n=335  avg max 24h: +14.04%
  CVD neutral              n=193  avg max 24h: +16.09%
  CVD bearish (<-0.05)     n= 28  avg max 24h: +11.08%

OBV análisis:
  OBV rising (>+0.05)      n=438  avg max 24h: +14.97%
  OBV neutral              n=112  avg max 24h: +13.77%
  OBV falling (<-0.05)     n=  6  avg max 24h: +3.93%

recent_long_ok análisis:
  True  n=459  avg max 24h: +14.17%, drawdown: -9.45%
  False n= 97  avg max 24h: +16.65%, drawdown: -8.55%

TOP 30 movers detectados:
    # Symbol         Type       Score Bucket    max24h     cvd     obv long_ok
    1 OSMOUSDT       BREAKOUT       9 WATCH   +130.05%  +0.03  +0.22    True
    2 TSTUSDT        BREAKOUT      14 BEST    +109.28%  +0.01  +0.40    True
    3 SAGAUSDT       HOLD          12 BEST    +106.71%  +0.08  +0.31    True
    4 SAGAUSDT       RIDING        10 STRONG  +101.68%  -0.05  +0.55   False
    5 KATUSDT        BREAKOUT       8 WATCH    +97.49%  +0.00  +0.11    True
    6 TSTUSDT        BREAKOUT      14 BEST     +95.17%  +0.07  +0.33    True
    7 OSMOUSDT       RIDING         9 WATCH    +93.38%  +0.05  -0.01   False
    8 SPKUSDT        RIDING         9 WATCH    +86.65%  +0.01  +0.26   False
    9 SPKUSDT        RIDING         9 WATCH    +78.31%  +0.07  +0.08   False
   10 DUSDT          HOLD          12 BEST     +78.15%  +0.06  +0.53    True
   11 SPKUSDT        RIDING         9 WATCH    +72.91%  +0.00  +0.35   False
   12 EDENUSDT       RIDING         9 WATCH    +72.42%  +0.01  +0.10    True
   13 SPKUSDT        RIDING        10 STRONG   +70.64%  +0.10  +0.06   False
   14 KATUSDT        BREAKOUT       8 WATCH    +69.71%  +0.00  +0.16    True
   15 KATUSDT        HOLD          12 BEST     +69.65%  +0.03  +0.81    True
   16 DOGSUSDT       HOLD          12 BEST     +67.17%  +0.10  +0.35    True
   17 BABYUSDT       BREAKOUT      15 BEST     +66.79%  +0.11  +0.67    True
   18 BABYUSDT       RIDING         9 WATCH    +65.67%  +0.01  +0.23    True
   19 TSTUSDT        EXPLOSION     12 BEST     +63.48%  -0.07  +0.04   False
   20 ORCAUSDT       HOLD           9 WATCH    +58.58%  +0.04  +0.36   False
   21 EDENUSDT       BREAKOUT       9 WATCH    +57.33%  +0.12  +0.31    True
   22 SPKUSDT        RIDING        10 STRONG   +56.70%  -0.02  +0.09    True
   23 SAGAUSDT       HOLD          12 BEST     +56.69%  +0.05  +1.37    True
   24 BABYUSDT       HOLD          12 BEST     +56.28%  +0.09  +0.32    True
   25 ENSOUSDT       EXPLOSION     12 BEST     +55.29%  +0.19  +0.73    True
   26 MOVRUSDT       BREAKOUT       9 WATCH    +54.81%  +0.07  +0.16    True
   27 BIOUSDT        BREAKOUT       5 WATCH    +54.57%  +0.06  +0.03    True
   28 DOGSUSDT       HOLD          12 BEST     +51.65%  +0.09  +0.10    True
   29 TSTUSDT        RIDING         7 WATCH    +51.57%  -0.07  +0.00    True
   30 TSTUSDT        HOLD          12 BEST     +51.48%  +0.08  +0.52    True

Distribución de scores por signal_type (todos los alerts):
  BREAKOUT   (n=127)  3:1 4:3 5:3 6:4 7:8 8:16 9:13 10:14 11:12 12:18 13:19 14:6 15:10
  EXPLOSION  (n= 31)  9:22 12:9
  HOLD       (n=216)  8:8 9:9 10:5 11:60 12:88 13:29 14:2 15:15
  PREBREAK   (n=  1)  8:1
  RIDING     (n=181)  3:1 5:3 6:7 7:6 8:13 9:39 10:51 11:31 12:20 13:8 14:1 15:1

Top 30 movers — desglose:
  Buckets: BEST=13, STRONG=3, WATCH=14
  Tipos:   {'BREAKOUT': 9, 'HOLD': 9, 'RIDING': 10, 'EXPLOSION': 2}
  Score promedio top 30: 10.4
  Move promedio top 30: +73.34%

══════════════════════════════════════════════════════════════════════
 COMPARACIÓN: config.json  vs  config_M2.json  (28 días)
══════════════════════════════════════════════════════════════════════
  Métrica                              config.json  config_M2.json
  -------------------------------- --------------- ---------------
  Total alertas                                511             556
  BREAKOUT count                               127             127
  BEST count                                   218             226
  BEST por día (target: 10-20)                 7.8             8.1
  STRONG count                                 153             173
  Explosivos totales (>20%)                    118             128
  -------------------------------- --------------- ---------------
  ★ CATCH RATE (lo más importante):
  Top 30 movers en BEST                        13/30             13/30
  Top 30 movers en BEST+STRONG                 16/30             16/30
  -------------------------------- --------------- ---------------
  ★ CALIDAD del bucket BEST:
  Avg max 24h BEST                         +14.63%         +14.63%
  Avg drawdown BEST                         -8.94%          -8.91%
  R/R BEST                                    1.64            1.64
  Win >5% en BEST                              67%              67%
  Win >10% en BEST                             42%              42%
  -------------------------------- --------------- ---------------
  Otros:
  Avg max 24h global                       +14.70%         +14.60%
  Avg max 24h STRONG                       +11.42%         +11.65%
  Avg drawdown global                       -9.48%          -9.29%
  Win >2% global                               82%              82%
  Win >5% global                               64%              63%

[4/4] Guardando resultados...
  Guardado: C:\Users\a\scancrypto\compare_M2_w4.json

DONE
