Período backtest: 2026-05-06 00:00:00+00:00 → 2026-05-20 00:00:00+00:00 (2 semana(s), 14d)
Scan interval simulado: 15 min

[1/4] Sin snapshots; usando top pares actuales por volumen...
  200 pares calificantes hoy (top 200 por volumen)

[2/4] Descargando klines históricas...

  Descargando 200 pares × 3 timeframes = 600 requests
  Rango: 2026-05-03 a 2026-05-20 (3d buffer + período)
    50/600 descargados...
    100/600 descargados...
    150/600 descargados...
    200/600 descargados...
    250/600 descargados...
    300/600 descargados...
    350/600 descargados...
    400/600 descargados...
    450/600 descargados...
    500/600 descargados...
    550/600 descargados...
    600/600 descargados...
  200/200 pares con data completa en los 3 TF

[3/4] Ejecutando simulación...

  >>> Corriendo backtest: config: config.json
    [precompute] Calculando indicadores para 200 pares...

  Simulando 336h con scans cada 15min...
    [analyze] Extrayendo candidatos (1345 scans × 200 pares)...
    [analyze] 1345 scans × ~200 pares = 269000 tareas
    [analyze] 260676 candidatos encontrados
    [analyze] 260676 candidatos encontrados
    Total alertas simuladas: 337

══════════════════════════════════════════════════════════════════════
 CONFIG: CONFIG.JSON
══════════════════════════════════════════════════════════════════════

Total alertas: 337

Por tipo:
  HOLD        143  (42%)
  RIDING       86  (25%)
  BREAKOUT     83  (24%)
  EXPLOSION    25  (7%)

Por bucket:
  BEST    154 — max_24h: +14.00%, drawdown: -9.05%, win >2%: 79%
  STRONG   98 — max_24h: +14.45%, drawdown: -10.19%, win >2%: 82%
  WATCH    85 — max_24h: +16.62%, drawdown: -8.33%, win >2%: 81%

CVD análisis:
  CVD bullish (>+0.05)     n=205  avg max 24h: +14.13%
  CVD neutral              n=119  avg max 24h: +14.93%
  CVD bearish (<-0.05)     n= 13  avg max 24h: +23.90%

OBV análisis:
  OBV rising (>+0.05)      n=288  avg max 24h: +14.82%
  OBV neutral              n= 48  avg max 24h: +14.79%
  OBV falling (<-0.05)     n=  1  avg max 24h: +6.70%

recent_long_ok análisis:
  True  n=281  avg max 24h: +14.60%, drawdown: -9.20%
  False n= 56  avg max 24h: +15.73%, drawdown: -9.20%

TOP 30 movers detectados:
    # Symbol         Type       Score Bucket    max24h     cvd     obv long_ok
    1 OSMOUSDT       BREAKOUT       9 WATCH   +130.05%  +0.03  +0.45    True
    2 NILUSDT        BREAKOUT      11 STRONG  +109.16%  +0.05  +0.86    True
    3 SAGAUSDT       HOLD          12 BEST    +106.71%  +0.08  +0.26    True
    4 SAGAUSDT       RIDING        10 STRONG  +101.68%  -0.05  +0.32   False
    5 OSMOUSDT       RIDING         9 WATCH    +93.38%  +0.05  -0.03   False
    6 DUSDT          HOLD          12 BEST     +78.15%  +0.06 +10.64    True
    7 EDENUSDT       RIDING         9 WATCH    +72.42%  +0.01  +0.21    True
    8 VICUSDT        BREAKOUT      10 STRONG   +66.99%  +0.29  +0.15    True
    9 NILUSDT        BREAKOUT       9 WATCH    +66.61%  -0.09  +0.52    True
   10 EDENUSDT       HOLD          13 BEST     +66.01%  +0.07  +0.17    True
   11 TSTUSDT        EXPLOSION     12 BEST     +63.48%  -0.07  +0.03   False
   12 COSUSDT        BREAKOUT      10 STRONG   +63.25%  +0.21  +0.91    True
   13 EDENUSDT       BREAKOUT       9 WATCH    +60.28%  +0.03  +0.20    True
   14 EDENUSDT       BREAKOUT       9 WATCH    +57.33%  +0.12  +0.50    True
   15 SAGAUSDT       HOLD          12 BEST     +56.69%  +0.05  +0.63    True
   16 DOGSUSDT       HOLD          12 BEST     +51.65%  +0.09  +0.13    True
   17 TSTUSDT        RIDING         7 WATCH    +51.57%  -0.07  +0.00    True
   18 SAGAUSDT       BREAKOUT      10 STRONG   +51.42%  +0.01  +0.69    True
   19 TSTUSDT        BREAKOUT       6 WATCH    +50.61%  +0.20  +0.02    True
   20 FIDAUSDT       HOLD          12 BEST     +50.60%  +0.07  +0.69    True
   21 COSUSDT        HOLD          15 BEST     +50.10%  +0.06  +0.51    True
   22 JTOUSDT        HOLD          15 BEST     +49.86%  +0.13  +0.26    True
   23 EDENUSDT       BREAKOUT       7 WATCH    +49.44%  +0.01  +0.19    True
   24 SAGAUSDT       HOLD          11 STRONG   +47.26%  +0.05  +0.30    True
   25 VICUSDT        EXPLOSION      9 WATCH    +45.24%  +0.16  +0.50    True
   26 AIUSDT         BREAKOUT       9 WATCH    +44.19%  +0.10  +0.02   False
   27 NILUSDT        HOLD          12 BEST     +43.12%  +0.03  +0.08    True
   28 RADUSDT        HOLD          12 BEST     +43.07%  +0.29  +0.19    True
   29 JTOUSDT        HOLD          14 BEST     +41.99%  +0.10  +0.31    True
   30 COSUSDT        RIDING        12 BEST     +41.72%  +0.06  +0.09   False

Distribución de scores por signal_type (todos los alerts):
  BREAKOUT   (n= 83)  5:1 6:4 7:4 8:12 9:13 10:16 11:6 12:7 13:12 14:5 15:3
  EXPLOSION  (n= 25)  9:10 12:15
  HOLD       (n=143)  8:7 9:6 10:2 11:33 12:66 13:16 14:2 15:11
  RIDING     (n= 86)  3:1 5:1 6:3 7:1 8:7 9:15 10:24 11:17 12:11 13:4 14:1 15:1

Top 30 movers — desglose:
  Buckets: BEST=13, STRONG=6, WATCH=11
  Tipos:   {'BREAKOUT': 11, 'HOLD': 12, 'RIDING': 5, 'EXPLOSION': 2}
  Score promedio top 30: 10.6
  Move promedio top 30: +63.47%

[4/4] Guardando resultados...
  Guardado: C:\Users\a\scancrypto\forming_v2.json

[forming] Descargando 1m klines para 19 pares con EXPLOSION...

  Descargando 19 pares × 1m klines (para análisis forming)...
  19/19 pares con 1m data

══════════════════════════════════════════════════════════════════════
 ANÁLISIS FORMING — lateness EXPLOSION
══════════════════════════════════════════════════════════════════════

Alertas EXPLOSION analizadas: 25

  Habrían disparado en forming: 13/25 (52%)
  No habrían disparado (1m insuficiente o criterios no cumplidos antes del cierre): 12

  Distribución first_fire_min:
    min 3:    3 (23%)
    min 4:   10 (76%)

  Distancia sobre recent_max al momento de alerta:
    CLOSED  : mediana +2.42%, p90 +6.50%, promedio +5.57%
    FORMING : mediana +1.95%, p90 +4.10%, promedio +2.21%

  Ahorro de lateness (closed - forming):
    mediana: +0.46%, p90: +1.92%

  Alertas que ya tenían late_entry_penalty al cierre: 10/25 (40%)

──────────────────────────────────────────────────────────────────────
 CALIDAD DE ENTRY 24h
──────────────────────────────────────────────────────────────────────

  CLOSED  (todas las alertas EXPLOSION)  (n=25)
    good      :  15 ( 60%)
    mid       :   5 ( 20%)
    fakeout   :   5 ( 20%)
    max_gain_24h mediana: +5.86%
    drawdown_24h mediana: +5.74%

  FORMING (alertas que habrían disparado en forming)  (n=13)
    good      :  10 ( 76%)
    mid       :   3 ( 23%)
    max_gain_24h mediana: +7.16%
    drawdown_24h mediana: +3.21%
  Formings guardados: C:\Users\a\scancrypto\forming_v2_forming.json

DONE
