
=== POST-MORTEM: AIUSDT @ 2026-05-14T03:44:00+00:00 ===

Descargando klines para AIUSDT...

  Descargando 1 pares × 3 timeframes = 3 requests
  Rango: 2026-05-01 a 2026-05-14 (3d buffer + período)
  1/1 pares con data completa en los 3 TF
  Bar 15m: idx=1222, close_time=2026-05-14T03:29:59.999000+00:00

─── FEATURES POR TIMEFRAME ─────────────────────────────────────

  [5m]
    price                            +0.0241
    ema_trend_up                     False
    atr_pct                          +0.9464
    vol_ratio                        +0.3128
    vol_growth                       +1.1302
    strong_close                     False
    candle_body_pct                  +0.0000
    width_curr                       +0.0403
    width_expansion                  +0.0625
    recent_max                       +0.0253
    near_recent_max                  False
    breakout                         False
    breakout_distance                -0.0474
    recent_long_ok                   False
    obv_slope                        +0.0013
    obv_rising                       False
    cvd_ratio                        -0.4873
    cvd_bullish                      False
    not_near_resistance              True
    dist_to_res                      +0.0498
    major_struct_ok                  True
    hold_recent_break                False
    hold_kept_zone                   False
    hold_pullback_ok                 False
    hold_strong                      False

  [15m]
    price                            +0.0241
    ema_trend_up                     False
    atr_pct                          +1.8500
    vol_ratio                        +0.4477
    vol_growth                       +0.3543
    strong_close                     False
    candle_body_pct                  +0.3333
    width_curr                       +0.0454
    width_expansion                  +0.0336
    recent_max                       +0.0253
    near_recent_max                  False
    breakout                         False
    breakout_distance                -0.0474
    recent_long_ok                   False
    obv_slope                        +0.0025
    obv_rising                       False
    cvd_ratio                        -0.1571
    cvd_bullish                      False
    not_near_resistance              True
    dist_to_res                      +0.1162
    major_struct_ok                  False
    hold_recent_break                False
    hold_kept_zone                   False
    hold_pullback_ok                 False
    hold_strong                      False

  [1h]
    price                            +0.0245
    ema_trend_up                     True
    atr_pct                          +3.0432
    vol_ratio                        +1.0263
    vol_growth                       +0.2315
    strong_close                     False
    candle_body_pct                  +0.3000
    width_curr                       +0.1013
    width_expansion                  +0.0555
    recent_max                       +0.0269
    near_recent_max                  False
    breakout                         False
    breakout_distance                -0.0892
    recent_long_ok                   False
    obv_slope                        +0.1158
    obv_rising                       True
    cvd_ratio                        -0.0011
    cvd_bullish                      False
    not_near_resistance              True
    dist_to_res                      +0.0980
    major_struct_ok                  False
    hold_recent_break                True
    hold_kept_zone                   False
    hold_pullback_ok                 True
    hold_strong                      False
    bars_since_break                 5
    riding_gain                      -0.0121
    riding_above_zone                True
    riding_vol_ok                    False
    riding_bars_since                5

─── PRE-GATES (1h) ─────────────────────────────────────────────
  ✓ ema_trend_up                             True
  ✓ not_near_resistance                      True
  ✓ atr_pct >= 2.500 (threshold)             True
  ✗ major_struct_ok                          False

─── CLASIFICACIÓN ──────────────────────────────────────────────
  ✗ Sin señal — bloqueado en pre-gate: pre_major_struct
