
=== POST-MORTEM: DOGSUSDT @ 2026-05-06T23:59:00+00:00 ===

Descargando klines para DOGSUSDT...

  Descargando 1 pares × 3 timeframes = 3 requests
  Rango: 2026-04-24 a 2026-05-07 (3d buffer + período)
  1/1 pares con data completa en los 3 TF
  Bar 15m: idx=1222, close_time=2026-05-06T23:44:59.999000+00:00

─── FEATURES POR TIMEFRAME ─────────────────────────────────────

  [5m]
    price                            +0.0001
    ema_trend_up                     False
    atr_pct                          +1.1437
    vol_ratio                        +1.3976
    vol_growth                       +0.8383
    strong_close                     False
    candle_body_pct                  +0.8000
    width_curr                       +0.0269
    width_expansion                  +0.0609
    recent_max                       +0.0001
    near_recent_max                  False
    breakout                         False
    breakout_distance                -0.0235
    recent_long_ok                   False
    obv_slope                        -0.0111
    obv_rising                       False
    cvd_ratio                        +0.0279
    cvd_bullish                      True
    not_near_resistance              True
    dist_to_res                      +0.0257
    major_struct_ok                  True
    hold_recent_break                False
    hold_kept_zone                   False
    hold_pullback_ok                 False
    hold_strong                      False

  [15m]
    price                            +0.0001
    ema_trend_up                     True
    atr_pct                          +2.0152
    vol_ratio                        +1.3796
    vol_growth                       +1.5547
    strong_close                     False
    candle_body_pct                  +0.2353
    width_curr                       +0.0618
    width_expansion                  -0.0571
    recent_max                       +0.0001
    near_recent_max                  False
    breakout                         False
    breakout_distance                -0.0251
    recent_long_ok                   False
    obv_slope                        +0.0013
    obv_rising                       False
    cvd_ratio                        +0.0731
    cvd_bullish                      True
    not_near_resistance              True
    dist_to_res                      +0.0257
    major_struct_ok                  True
    hold_recent_break                False
    hold_kept_zone                   False
    hold_pullback_ok                 False
    hold_strong                      False

  [1h]
    price                            +0.0001
    ema_trend_up                     True
    atr_pct                          +5.8943
    vol_ratio                        +0.2918
    vol_growth                       +0.5865
    strong_close                     False
    candle_body_pct                  +0.2353
    width_curr                       +0.2053
    width_expansion                  -0.1138
    recent_max                       +0.0001
    near_recent_max                  False
    breakout                         False
    breakout_distance                -0.0693
    recent_long_ok                   False
    obv_slope                        -0.0341
    obv_rising                       False
    cvd_ratio                        -0.0169
    cvd_bullish                      False
    not_near_resistance              True
    dist_to_res                      +0.1844
    major_struct_ok                  False
    hold_recent_break                False
    hold_kept_zone                   False
    hold_pullback_ok                 False
    hold_strong                      False

─── PRE-GATES (1h) ─────────────────────────────────────────────
  ✓ ema_trend_up                             True
  ✓ not_near_resistance                      True
  ✓ atr_pct >= 2.500 (threshold)             True
  ✗ major_struct_ok                          False

─── CLASIFICACIÓN ──────────────────────────────────────────────
  ✗ Sin señal — bloqueado en pre-gate: pre_major_struct
