
=== POST-MORTEM: DUSDT @ 2026-05-07T05:44:00+00:00 ===

Descargando klines para DUSDT...

  Descargando 1 pares × 3 timeframes = 3 requests
  Rango: 2026-04-24 a 2026-05-07 (3d buffer + período)
  1/1 pares con data completa en los 3 TF
  Bar 15m: idx=1222, close_time=2026-05-07T05:29:59.999000+00:00

─── FEATURES POR TIMEFRAME ─────────────────────────────────────

  [5m]
    price                            +0.0122
    ema_trend_up                     True
    atr_pct                          +0.9693
    vol_ratio                        +2.1903
    vol_growth                       +1.0737
    strong_close                     True
    candle_body_pct                  +0.4333
    width_curr                       +0.0402
    width_expansion                  +0.1168
    recent_max                       +0.0121
    near_recent_max                  False
    breakout                         True
    breakout_distance                +0.0099
    recent_long_ok                   True
    obv_slope                        +0.0651
    obv_rising                       True
    cvd_ratio                        +0.0397
    cvd_bullish                      True
    not_near_resistance              True
    dist_to_res                      -0.0098
    major_struct_ok                  True
    hold_recent_break                False
    hold_kept_zone                   False
    hold_pullback_ok                 False
    hold_strong                      False

  [15m]
    price                            +0.0122
    ema_trend_up                     True
    atr_pct                          +1.3825
    vol_ratio                        +1.8670
    vol_growth                       +0.8815
    strong_close                     True
    candle_body_pct                  +0.6176
    width_curr                       +0.0852
    width_expansion                  +0.0885
    recent_max                       +0.0121
    near_recent_max                  False
    breakout                         True
    breakout_distance                +0.0108
    recent_long_ok                   True
    obv_slope                        +0.3014
    obv_rising                       True
    cvd_ratio                        +0.0490
    cvd_bullish                      True
    not_near_resistance              True
    dist_to_res                      -0.0107
    major_struct_ok                  True
    hold_recent_break                False
    hold_kept_zone                   False
    hold_pullback_ok                 False
    hold_strong                      False

  [1h]
    price                            +0.0119
    ema_trend_up                     True
    atr_pct                          +2.6708
    vol_ratio                        +1.4941
    vol_growth                       +2.7114
    strong_close                     False
    candle_body_pct                  +0.5122
    width_curr                       +0.0544
    width_expansion                  +0.0121
    recent_max                       +0.0118
    near_recent_max                  False
    breakout                         True
    breakout_distance                +0.0068
    recent_long_ok                   True
    obv_slope                        +0.0167
    obv_rising                       False
    cvd_ratio                        +0.0052
    cvd_bullish                      False
    not_near_resistance              True
    dist_to_res                      +0.0000
    major_struct_ok                  False
    hold_recent_break                False
    hold_kept_zone                   False
    hold_pullback_ok                 False
    hold_strong                      False

─── PRE-GATES (1h) ─────────────────────────────────────────────
  ✓ ema_trend_up                             True
  ✓ not_near_resistance                      True
  ✓ atr_pct >= 2.500 (threshold)             True
  ✗ major_struct_ok                          False

─── CLASIFICACIÓN ──────────────────────────────────────────────
  ✗ Sin señal — bloqueado en pre-gate: pre_major_struct
