
=== POST-MORTEM: DUSDT @ 2026-05-07T04:29:00+00:00 ===

Descargando klines para DUSDT...

  Descargando 1 pares × 3 timeframes = 3 requests
  Rango: 2026-04-24 a 2026-05-07 (3d buffer + período)
  1/1 pares con data completa en los 3 TF
  Bar 15m: idx=1222, close_time=2026-05-07T04:14:59.999000+00:00

─── FEATURES POR TIMEFRAME ─────────────────────────────────────

  [5m]
    price                            +0.0119
    ema_trend_up                     True
    atr_pct                          +0.8872
    vol_ratio                        +1.1102
    vol_growth                       +0.4127
    strong_close                     True
    candle_body_pct                  +0.5000
    width_curr                       +0.0406
    width_expansion                  +0.0585
    recent_max                       +0.0120
    near_recent_max                  False
    breakout                         False
    breakout_distance                -0.0092
    recent_long_ok                   True
    obv_slope                        +0.0591
    obv_rising                       True
    cvd_ratio                        +0.0309
    cvd_bullish                      True
    not_near_resistance              False
    dist_to_res                      +0.0093
    major_struct_ok                  True
    hold_recent_break                False
    hold_kept_zone                   False
    hold_pullback_ok                 False
    hold_strong                      False

  [15m]
    price                            +0.0119
    ema_trend_up                     True
    atr_pct                          +1.3124
    vol_ratio                        +1.6125
    vol_growth                       +1.2342
    strong_close                     True
    candle_body_pct                  +0.6957
    width_curr                       +0.0596
    width_expansion                  +0.1222
    recent_max                       +0.0119
    near_recent_max                  True
    breakout                         False
    breakout_distance                -0.0017
    recent_long_ok                   True
    obv_slope                        +0.2392
    obv_rising                       True
    cvd_ratio                        -0.0327
    cvd_bullish                      False
    not_near_resistance              False
    dist_to_res                      +0.0017
    major_struct_ok                  True
    hold_recent_break                False
    hold_kept_zone                   False
    hold_pullback_ok                 False
    hold_strong                      False

  [1h]
    price                            +0.0117
    ema_trend_up                     True
    atr_pct                          +2.6585
    vol_ratio                        +1.2396
    vol_growth                       +2.3828
    strong_close                     False
    candle_body_pct                  +0.1296
    width_curr                       +0.0538
    width_expansion                  -0.2885
    recent_max                       +0.0119
    near_recent_max                  False
    breakout                         False
    breakout_distance                -0.0176
    recent_long_ok                   False
    obv_slope                        -0.0249
    obv_rising                       False
    cvd_ratio                        -0.0242
    cvd_bullish                      False
    not_near_resistance              True
    dist_to_res                      +0.0179
    major_struct_ok                  False
    hold_recent_break                False
    hold_kept_zone                   False
    hold_pullback_ok                 False
    hold_strong                      False

─── PRE-GATES (1h) ─────────────────────────────────────────────
  ✓ ema_trend_up                             True
  ✓ not_near_resistance                      True
  ✓ atr_pct >= 2.500 (threshold)             True
  ✗ major_struct_ok                          False

─── CLASIFICACIÓN ──────────────────────────────────────────────
  ✗ Sin señal — bloqueado en pre-gate: pre_major_struct
